W/libprocessgroup(30032): failed to open /acct/uid_10091/pid_29361/cgroup.procs: No such file or directory
I/ActivityManager(30032): Start proc com.nbcuni.nbc for broadcast com.nbcuni.nbc/com.urbanairship.push.GCMPushReceiver: pid=29982 uid=10188 gids={50188, 9997, 3003, 1028, 1015} abi=armeabi-v7a
I/ActivityManager(30032): Start proc com.fandango for broadcast com.fandango/com.urbanairship.push.GCMPushReceiver: pid=30072 uid=10183 gids={50183, 9997, 3003, 1028, 1015} abi=armeabi-v7a
I/ActivityManager(30032): Killing 29010:com.foursquare.robin/u0a105 (adj 15): empty #17
W/libprocessgroup(30032): failed to open /acct/uid_10105/pid_29010/cgroup.procs: No such file or directory
I/WindowState(30032): WIN DEATH: Window{398caae8 u0 com.chriscartland.spaceshooter/com.unity3d.player.UnityPlayerNativeActivity}
W/WindowManager(30032): Force-removing child win Window{11ab875c u0 SurfaceView} from container Window{398caae8 u0 com.chriscartland.spaceshooter/com.unity3d.player.UnityPlayerNativeActivity}
W/WindowManager(30032): Failed looking up window
W/WindowManager(30032): java.lang.IllegalArgumentException: Requested window android.os.BinderProxy@3467a501 does not exist
W/WindowManager(30032): 	at com.android.server.wm.WindowManagerService.windowForClientLocked(WindowManagerService.java:8412)
W/WindowManager(30032): 	at com.android.server.wm.WindowManagerService.windowForClientLocked(WindowManagerService.java:8403)
W/WindowManager(30032): 	at com.android.server.wm.WindowState$DeathRecipient.binderDied(WindowState.java:1113)
W/WindowManager(30032): 	at android.os.BinderProxy.sendDeathNotice(Binder.java:551)
I/WindowState(30032): WIN DEATH: null
I/ActivityManager(30032): Process com.chriscartland.spaceshooter (pid 29896) has died
W/ActivityManager(30032): Force removing ActivityRecord{21b6291a u0 com.chriscartland.spaceshooter/com.unity3d.player.UnityPlayerNativeActivity t3170}: app died, no saved state
W/InputMethodManagerService(30032): Got RemoteException sending setActive(false) notification to pid 29896 uid 10190
I/ActivityManager(30032): Start proc com.google.android.apps.cloudprint for broadcast com.google.android.apps.cloudprint/.printdialog.receivers.UpgradeBroadcastReceiver: pid=30154 uid=1010038 gids={50038, 1009997, 3003, 1028} abi=armeabi-v7a
I/ActivityManager(30032): Killing 29500:com.google.android.partnersetup/u10a16 (adj 15): empty #17
W/libprocessgroup(30032): failed to open /acct/uid_1010016/pid_29500/cgroup.procs: No such file or directory
I/ActivityManager(30032): Killing 28799:com.android.vending/u10a19 (adj 15): empty #17
W/libprocessgroup(30032): failed to open /acct/uid_1010019/pid_28799/cgroup.procs: No such file or directory
I/ActivityManager(30032): Start proc com.google.android.googlequicksearchbox for broadcast com.google.android.googlequicksearchbox/com.android.launcher3.PackageChangedReceiver: pid=30178 uid=1010028 gids={50028, 1009997, 3003, 3001, 1028, 3002, 1015, 1005} abi=armeabi-v7a
D/TaskPersister(30032): removeObsoleteFile: deleting file=3166_task.xml
D/TaskPersister(30032): removeObsoleteFile: deleting file=3166_task_thumbnail.png
I/ActivityManager(30032): Killing 28566:com.google.android.apps.plus/u10a134 (adj 13): empty #17
W/libprocessgroup(30032): failed to open /acct/uid_1010134/pid_28566/cgroup.procs: No such file or directory
I/ActivityManager(30032): Start proc com.vevo for broadcast com.vevo/.VevoParseBroadcastReceiver: pid=30221 uid=10130 gids={50130, 9997, 3003} abi=armeabi
I/ActivityManager(30032): Start proc com.linkedin.android for broadcast com.linkedin.android/.appwidget.ResponsiveWidgetService$ActiveUserListener: pid=30301 uid=10129 gids={50129, 9997, 3003, 1028, 1015} abi=armeabi-v7a
I/ActivityManager(30032): Killing 29121:com.google.android.apps.docs/u10a91 (adj 13): empty #17
W/libprocessgroup(30032): failed to open /acct/uid_1010091/pid_29121/cgroup.procs: No such file or directory
I/ActivityManager(30032): START u0 {act=android.intent.action.MAIN cat=[android.intent.category.LAUNCHER] flg=0x10200000 cmp=com.chriscartland.spaceshooter/com.unity3d.player.UnityPlayerNativeActivity (has extras)} from uid 10028 on display 0
I/ActivityManager(30032): Start proc com.chriscartland.spaceshooter for activity com.chriscartland.spaceshooter/com.unity3d.player.UnityPlayerNativeActivity: pid=30342 uid=10190 gids={50190, 9997, 3003, 1028, 1015} abi=armeabi-v7a
I/ActivityManager(30032): Killing 29233:com.android.musicfx/u0a18 (adj 13): empty #17
W/libprocessgroup(30032): failed to open /acct/uid_10018/pid_29233/cgroup.procs: No such file or directory
I/ActivityManager(30032): Start proc com.android.vending for broadcast com.android.vending/com.google.android.finsky.receivers.ConsumptionAppDataChangedReceiver: pid=30443 uid=10019 gids={50019, 9997, 3003, 1028, 1015} abi=armeabi-v7a
I/ActivityManager(30032): Start proc com.google.android.gms:car for service com.google.android.gms/.car.CarService: pid=30501 uid=10011 gids={50011, 9997, 2001, 3003, 1007, 3006, 3002, 3001, 1028, 1015, 1005, 3007} abi=armeabi-v7a
W/ResourcesManager(30501): Asset path '/system/framework/com.android.media.remotedisplay.jar' does not exist or contains no resources.
W/ResourcesManager(30501): Asset path '/system/framework/com.android.location.provider.jar' does not exist or contains no resources.
I/ActivityManager(30032): Killing 29736:com.google.android.apps.cloudprint/u0a38 (adj 13): empty #17
W/libprocessgroup(30032): failed to open /acct/uid_10038/pid_29736/cgroup.procs: No such file or directory
I/ActivityManager(30032): Killing 29764:com.google.android.apps.magazines/u0a85 (adj 13): empty #17
W/libprocessgroup(30032): failed to open /acct/uid_10085/pid_29764/cgroup.procs: No such file or directory
I/WindowState(30032): WIN DEATH: Window{bbc3347 u0 com.chriscartland.spaceshooter/com.unity3d.player.UnityPlayerNativeActivity}
W/WindowManager(30032): Force-removing child win Window{15126217 u0 SurfaceView} from container Window{bbc3347 u0 com.chriscartland.spaceshooter/com.unity3d.player.UnityPlayerNativeActivity}
W/WindowManager(30032): Failed looking up window
W/WindowManager(30032): java.lang.IllegalArgumentException: Requested window android.os.BinderProxy@6aba774 does not exist
W/WindowManager(30032): 	at com.android.server.wm.WindowManagerService.windowForClientLocked(WindowManagerService.java:8412)
W/WindowManager(30032): 	at com.android.server.wm.WindowManagerService.windowForClientLocked(WindowManagerService.java:8403)
W/WindowManager(30032): 	at com.android.server.wm.WindowState$DeathRecipient.binderDied(WindowState.java:1113)
W/WindowManager(30032): 	at android.os.BinderProxy.sendDeathNotice(Binder.java:551)
I/WindowState(30032): WIN DEATH: null
I/ActivityManager(30032): Process com.chriscartland.spaceshooter (pid 30342) has died
W/ActivityManager(30032): Force removing ActivityRecord{3a330f14 u0 com.chriscartland.spaceshooter/com.unity3d.player.UnityPlayerNativeActivity t3171}: app died, no saved state
W/InputMethodManagerService(30032): Got RemoteException sending setActive(false) notification to pid 30342 uid 10190
D/TaskPersister(30032): removeObsoleteFile: deleting file=3170_task.xml
I/ActivityManager(30032): Waited long enough for: ServiceRecord{de5ad8b u0 com.amazon.mShop.android/com.amazon.venezia.notification.NotificationService}
I/ActivityManager(30032): Start proc com.android.vending for service com.android.vending/com.google.android.finsky.services.ContentSyncService: pid=30579 uid=1010019 gids={50019, 1009997, 3003, 1028, 1015} abi=armeabi-v7a
I/ActivityManager(30032): Start proc com.google.android.gms:car for service com.google.android.gms/.car.CarService: pid=30664 uid=1010011 gids={50011, 1009997, 2001, 3003, 1007, 3006, 3002, 3001, 1028, 1015, 1005, 3007} abi=armeabi-v7a
W/ResourcesManager(30664): Asset path '/system/framework/com.android.media.remotedisplay.jar' does not exist or contains no resources.
W/ResourcesManager(30664): Asset path '/system/framework/com.android.location.provider.jar' does not exist or contains no resources.
W/ResourcesManager(24467): Asset path '/system/framework/com.android.media.remotedisplay.jar' does not exist or contains no resources.
W/ResourcesManager(24467): Asset path '/system/framework/com.android.location.provider.jar' does not exist or contains no resources.
I/ActivityManager(30032): Killing 30072:com.fandango/u0a183 (adj 13): empty #17
I/ActivityManager(30032): Killing 28989:com.google.android.apps.enterprise.dmagent/u0a40 (adj 15): empty #18
W/libprocessgroup(30032): failed to open /acct/uid_10183/pid_30072/cgroup.procs: No such file or directory
W/libprocessgroup(30032): failed to open /acct/uid_10040/pid_28989/cgroup.procs: No such file or directory
I/ActivityManager(30032): Process com.google.android.gms:car (pid 30501) has died
I/ActivityManager(30032): Start proc com.google.android.apps.fitness for broadcast com.google.android.apps.fitness/.wearable.WearableSyncReceiver: pid=30715 uid=10152 gids={50152, 9997, 3003, 1028, 1015, 3002, 3001} abi=armeabi-v7a
I/ActivityManager(30032): Waited long enough for: ServiceRecord{1d431d7e u0 com.nbcuni.nbc/com.bottlerocketapps.service.ReachabilityService}
I/ActivityManager(30032): Process com.google.android.gms:car (pid 30664) has died
I/ActivityManager(30032): Start proc com.google.android.apps.plus for service com.google.android.apps.plus/com.google.android.apps.moviemaker.service.PluggedInAnalyzerService: pid=30754 uid=10134 gids={50134, 9997, 3003, 3002, 1028, 1015} abi=armeabi-v7a
W/ResourcesManager(30754): Asset path '/system/framework/com.google.android.maps.jar' does not exist or contains no resources.
I/ActivityManager(30032): Start proc com.google.android.apps.plus for service com.google.android.apps.plus/com.google.android.apps.moviemaker.service.PluggedInAnalyzerService: pid=30802 uid=1010134 gids={50134, 1009997, 3003, 3002, 1028, 1015} abi=armeabi-v7a
W/ResourcesManager(30802): Asset path '/system/framework/com.google.android.maps.jar' does not exist or contains no resources.
I/PowerManagerService(30032): Going to sleep due to screen timeout (uid 1000)...
I/ActivityManager(30032): Killing 29478:android.process.acore/u10a5 (adj 13): empty #17
W/libprocessgroup(30032): failed to open /acct/uid_1010005/pid_29478/cgroup.procs: No such file or directory
I/DisplayManagerService(30032): Display device changed: DisplayDeviceInfo{"Built-in Screen": 1440 x 2560, 60.0 fps, supportedRefreshRates [60.0], density 560, 494.27 x 492.606 dpi, appVsyncOff 7500000, presDeadline 12666667, touch INTERNAL, rotation 0, type BUILT_IN, state OFF, FLAG_DEFAULT_DISPLAY, FLAG_ROTATES_WITH_CONTENT, FLAG_SECURE, FLAG_SUPPORTS_PROTECTED_BUFFERS}
V/ActivityManager(30032): Display changed displayId=0
I/DreamManagerService(30032): Entering dreamland.
I/PowerManagerService(30032): Dozing...
I/DreamController(30032): Starting dream: name=ComponentInfo{com.android.systemui/com.android.systemui.doze.DozeService}, isTest=false, canDoze=true, userId=0
I/PowerManagerService(30032): Waking up from dozing (uid 1000)...
I/DisplayPowerController(30032): Blocking screen on until initial contents have been drawn.
I/DisplayManagerService(30032): Display device changed: DisplayDeviceInfo{"Built-in Screen": 1440 x 2560, 60.0 fps, supportedRefreshRates [60.0], density 560, 494.27 x 492.606 dpi, appVsyncOff 7500000, presDeadline 12666667, touch INTERNAL, rotation 0, type BUILT_IN, state ON, FLAG_DEFAULT_DISPLAY, FLAG_ROTATES_WITH_CONTENT, FLAG_SECURE, FLAG_SUPPORTS_PROTECTED_BUFFERS}
V/ActivityManager(30032): Display changed displayId=0
V/ActivityManager(30032): Display changed displayId=0
I/ActivityManager(30032): Start proc com.google.android.talk for broadcast com.google.android.talk/com.google.android.apps.hangouts.realtimechat.MessagesAvailableReceiver: pid=30886 uid=1010132 gids={50132, 1009997, 3003, 1028, 1015, 3002} abi=armeabi-v7a
W/ResourcesManager(30886): Asset path '/system/framework/com.google.android.media.effects.jar' does not exist or contains no resources.
I/DisplayPowerController(30032): Unblocked screen on after 335 ms
I/DreamManagerService(30032): Gently waking up from dream.
W/SoundTriggerHelper(30032): Recognition aborted
I/AlwaysOnHotwordDetector(30340): onRecognitionPaused
D/WifiService(30032): acquireWifiLockLocked: WifiLock{NlpWifiLock type=2 binder=android.os.BinderProxy@3d73131c}
I/DreamManagerService(30032): Leaving dreamland.
I/DreamController(30032): Stopping dream: name=ComponentInfo{com.android.systemui/com.android.systemui.doze.DozeService}, isTest=false, canDoze=true, userId=0
D/WifiService(30032): acquireWifiLockLocked: WifiLock{NlpWifiLock type=2 binder=android.os.BinderProxy@1d79db25}
I/ActivityManager(30032): Killing 29522:com.android.musicfx/u10a18 (adj 13): empty #17
W/libprocessgroup(30032): failed to open /acct/uid_1010018/pid_29522/cgroup.procs: No such file or directory
D/WifiService(30032): releaseWifiLockLocked: WifiLock{NlpWifiLock type=2 binder=android.os.BinderProxy@1d79db25}
D/WifiService(30032): releaseWifiLockLocked: WifiLock{NlpWifiLock type=2 binder=android.os.BinderProxy@3d73131c}
I/AlwaysOnHotwordDetector(30340): onRecognitionResumed
W/InputMethodManagerService(30032): Window already focused, ignoring focus gain of: com.android.internal.view.IInputMethodClient$Stub$Proxy@2cbe249b attribute=android.view.inputmethod.EditorInfo@26ff0038, token = android.os.BinderProxy@31873779
W/SoundTriggerHelper(30032): Recognition aborted
I/AlwaysOnHotwordDetector(30340): onRecognitionPaused
W/NotificationService(30032): canceled PendingIntent for com.google.android.apps.plus
W/NotificationService(30032): android.app.PendingIntent$CanceledException
W/NotificationService(30032): 	at android.app.PendingIntent.send(PendingIntent.java:739)
W/NotificationService(30032): 	at android.app.PendingIntent.send(PendingIntent.java:596)
W/NotificationService(30032): 	at com.android.server.notification.NotificationManagerService.cancelNotificationLocked(NotificationManagerService.java:2289)
W/NotificationService(30032): 	at com.android.server.notification.NotificationManagerService.cancelAllLocked(NotificationManagerService.java:2515)
W/NotificationService(30032): 	at com.android.server.notification.NotificationManagerService$1.onClearAll(NotificationManagerService.java:521)
W/NotificationService(30032): 	at com.android.server.statusbar.StatusBarManagerService.onClearAllNotifications(StatusBarManagerService.java:587)
W/NotificationService(30032): 	at com.android.internal.statusbar.IStatusBarService$Stub.onTransact(IStatusBarService.java:229)
W/NotificationService(30032): 	at android.os.Binder.execTransact(Binder.java:446)
I/ActivityManager(30032): Start proc com.android.chrome for broadcast com.android.chrome/com.google.android.apps.chrome.precache.PrecacheServiceLauncher: pid=30973 uid=10096 gids={50096, 9997, 3003, 1028, 1015} abi=armeabi-v7a
I/ActivityManager(30032): Start proc com.plexapp.plex for broadcast com.plexapp.plex/.services.cameraupload.CameraUploadAutoStartReceiver: pid=31002 uid=10178 gids={50178, 9997, 3003, 1028, 1015} abi=armeabi-v7a
I/ActivityManager(30032): Start proc com.plexapp.android for broadcast com.plexapp.android/com.plexapp.plex.services.cameraupload.CameraUploadAutoStartReceiver: pid=31034 uid=10179 gids={50179, 9997, 3003, 1028, 1015} abi=armeabi-v7a
I/ActivityManager(30032): Killing 30154:com.google.android.apps.cloudprint/u10a38 (adj 13): empty #17
W/libprocessgroup(30032): failed to open /acct/uid_1010038/pid_30154/cgroup.procs: No such file or directory
W/ActivityManager(30032): Permission Denial: Accessing service ComponentInfo{com.google.android.music/com.google.android.music.dial.DialMediaRouteProviderService} from pid=31002, uid=10178 that is not exported from uid 10113
I/ActivityManager(30032): Killing 29153:com.google.android.apps.enterprise.dmagent/u10a40 (adj 13): empty #17
W/libprocessgroup(30032): failed to open /acct/uid_1010040/pid_29153/cgroup.procs: No such file or directory
I/ActivityManager(30032): Start proc com.android.chrome for broadcast com.android.chrome/com.google.android.apps.chrome.precache.PrecacheServiceLauncher: pid=31089 uid=1010096 gids={50096, 1009997, 3003, 1028, 1015} abi=armeabi-v7a
I/ActivityManager(30032): Killing 29171:com.google.android.googlequicksearchbox:search/u10a28 (adj 13): empty #17
I/ValidateNoPeople(30032): skipping global notification
D/ZenLog  (30032): disable_effects: -1|android|17040613|null|1000,listenerHints
W/ActivityManager(30032): Permission Denial: Accessing service ComponentInfo{com.google.android.music/com.google.android.music.dial.DialMediaRouteProviderService} from pid=31034, uid=10179 that is not exported from uid 10113
W/libprocessgroup(30032): failed to open /acct/uid_1010028/pid_29171/cgroup.procs: No such file or directory
I/EntropyMixer(30032): Writing entropy...
I/ValidateNoPeople(30032): skipping global notification
D/ZenLog  (30032): disable_effects: -1|android|17040621|null|1000,listenerHints
I/ActivityManager(30032): Killing 30178:com.google.android.googlequicksearchbox/u10a28 (adj 13): empty #17
W/libprocessgroup(30032): failed to open /acct/uid_1010028/pid_30178/cgroup.procs: No such file or directory
I/ActivityManager(30032): Process com.google.android.apps.thehub (pid 8611) has died
W/ActivityManager(30032): Scheduling restart of crashed service com.google.android.apps.thehub/.services.GbusDataService in 1000ms
I/ActivityManager(30032): Start proc com.google.android.googlequicksearchbox:search for broadcast com.google.android.googlequicksearchbox/com.google.android.search.core.UdcSettingBroadcastReceiver: pid=31161 uid=1010028 gids={50028, 1009997, 3003, 3001, 1028, 3002, 1015, 1005} abi=armeabi-v7a
I/ActivityManager(30032): Start proc com.google.android.partnersetup for content provider com.google.android.partnersetup/.RlzAppProvider: pid=31195 uid=1010016 gids={50016, 1009997, 3003} abi=armeabi-v7a
I/ActivityManager(30032): Killing 30301:com.linkedin.android/u0a129 (adj 13): empty #17
I/ActivityManager(30032): Killing 30221:com.vevo/u0a130 (adj 15): empty #18
W/libprocessgroup(30032): failed to open /acct/uid_10129/pid_30301/cgroup.procs: No such file or directory
W/libprocessgroup(30032): failed to open /acct/uid_10130/pid_30221/cgroup.procs: No such file or directory
I/ActivityManager(30032): Start proc com.google.android.apps.thehub for service com.google.android.apps.thehub/.services.GbusDataService: pid=31224 uid=1010124 gids={50124, 1009997, 3003, 1028, 1015} abi=armeabi-v7a
I/ActivityManager(30032): START u0 {act=com.android.systemui.recents.SHOW_RECENTS flg=0x10804000 cmp=com.android.systemui/.recents.RecentsActivity (has extras)} from uid 10024 on display 0
V/ActivityManager(30032): Display changed displayId=0
I/ActivityManager(30032): Killing 29785:com.google.android.youtube/u10a142 (adj 13): empty #17
I/AlwaysOnHotwordDetector(30340): onRecognitionResumed
W/libprocessgroup(30032): failed to open /acct/uid_1010142/pid_29785/cgroup.procs: No such file or directory
W/ActivityManager(30032): Scheduling restart of crashed service com.google.android.youtube/.app.remote.YouTubeTvRouteProviderService in 1000ms
I/ActivityManager(30032): Start proc com.google.android.youtube for service com.google.android.youtube/.app.remote.YouTubeTvRouteProviderService: pid=31283 uid=1010142 gids={50142, 1009997, 3003, 1028, 1015} abi=armeabi-v7a
W/ResourcesManager(31283): Asset path '/system/framework/com.android.media.remotedisplay.jar' does not exist or contains no resources.
W/ResourcesManager(31283): Asset path '/system/framework/com.android.location.provider.jar' does not exist or contains no resources.
I/ActivityManager(30032): START u0 {act=android.intent.action.MAIN cat=[android.intent.category.LAUNCHER] flg=0x10300000 cmp=com.chriscartland.spaceshooter/com.unity3d.player.UnityPlayerNativeActivity (has extras)} from uid 10028 on display 0
I/ActivityManager(30032): Start proc com.chriscartland.spaceshooter for activity com.chriscartland.spaceshooter/com.unity3d.player.UnityPlayerNativeActivity: pid=31380 uid=10190 gids={50190, 9997, 3003, 1028, 1015} abi=armeabi-v7a
I/ActivityManager(30032): Killing 29415:com.clearchannel.iheartradio.controller/u0a119 (adj 15): empty #17
W/libprocessgroup(30032): failed to open /acct/uid_10119/pid_29415/cgroup.procs: No such file or directory
I/ActivityManager(30032): Killing 24270:android.process.acore/u0a5 (adj 9): empty #17
W/libprocessgroup(30032): failed to open /acct/uid_10005/pid_24270/cgroup.procs: No such file or directory
I/ActivityManager(30032): Killing 24467:com.google.android.talk/u0a132 (adj 9): depends on provider com.android.providers.contacts/.ContactsProvider2 in dying proc android.process.acore
I/WindowState(30032): WIN DEATH: Window{2e2b6dd9 u0 com.google.android.talk/com.google.android.apps.hangouts.phone.ConversationActivity}
I/WindowState(30032): WIN DEATH: Window{1eae8a24 u0 com.google.android.talk/com.google.android.talk.SigningInActivity}
W/libprocessgroup(30032): failed to open /acct/uid_10132/pid_24467/cgroup.procs: No such file or directory
I/WindowState(30032): WIN DEATH: Window{38181150 u0 com.chriscartland.spaceshooter/com.unity3d.player.UnityPlayerNativeActivity}
W/WindowManager(30032): Force-removing child win Window{215cba68 u0 SurfaceView} from container Window{38181150 u0 com.chriscartland.spaceshooter/com.unity3d.player.UnityPlayerNativeActivity}
I/ActivityManager(30032): Process com.chriscartland.spaceshooter (pid 31380) has died
W/ActivityManager(30032): Force removing ActivityRecord{354d01c0 u0 com.chriscartland.spaceshooter/com.unity3d.player.UnityPlayerNativeActivity t3171}: app died, no saved state
W/WindowManager(30032): Failed looking up window
W/WindowManager(30032): java.lang.IllegalArgumentException: Requested window android.os.BinderProxy@2b65ef49 does not exist
W/WindowManager(30032): 	at com.android.server.wm.WindowManagerService.windowForClientLocked(WindowManagerService.java:8412)
W/WindowManager(30032): 	at com.android.server.wm.WindowManagerService.windowForClientLocked(WindowManagerService.java:8403)
W/WindowManager(30032): 	at com.android.server.wm.WindowState$DeathRecipient.binderDied(WindowState.java:1113)
W/WindowManager(30032): 	at android.os.BinderProxy.sendDeathNotice(Binder.java:551)
I/WindowState(30032): WIN DEATH: null
W/InputMethodManagerService(30032): Got RemoteException sending setActive(false) notification to pid 31380 uid 10190
W/SoundTriggerHelper(30032): Recognition aborted
I/AlwaysOnHotwordDetector(30340): onRecognitionPaused
I/ActivityManager(30032): Start proc android.process.acore for content provider com.android.providers.contacts/.ContactsProvider2: pid=31449 uid=10005 gids={50005, 9997} abi=armeabi-v7a
I/ValidateNoPeople(30032): Validating: 0|com.google.android.apps.plus|2131755177|com.google.android.apps.plus:notifications:gaiaid:111661289724043424828|10134
I/ValidateNoPeople(30032): final affinity: 0.5
D/ZenLog  (30032): disable_effects: 0|com.google.android.apps.plus|2131755177|com.google.android.apps.plus:notifications:gaiaid:111661289724043424828|10134,listenerHints
I/ActivityManager(30032): Killing 29579:com.clearchannel.iheartradio.controller/u10a119 (adj 15): empty #17
W/libprocessgroup(30032): failed to open /acct/uid_1010119/pid_29579/cgroup.procs: No such file or directory
I/PowerManagerService(30032): Going to sleep due to screen timeout (uid 1000)...
I/DisplayManagerService(30032): Display device changed: DisplayDeviceInfo{"Built-in Screen": 1440 x 2560, 60.0 fps, supportedRefreshRates [60.0], density 560, 494.27 x 492.606 dpi, appVsyncOff 7500000, presDeadline 12666667, touch INTERNAL, rotation 0, type BUILT_IN, state OFF, FLAG_DEFAULT_DISPLAY, FLAG_ROTATES_WITH_CONTENT, FLAG_SECURE, FLAG_SUPPORTS_PROTECTED_BUFFERS}
V/ActivityManager(30032): Display changed displayId=0
I/DreamManagerService(30032): Entering dreamland.
I/PowerManagerService(30032): Dozing...
I/DreamController(30032): Starting dream: name=ComponentInfo{com.android.systemui/com.android.systemui.doze.DozeService}, isTest=false, canDoze=true, userId=0
I/AlwaysOnHotwordDetector(30340): onRecognitionResumed
D/WifiService(30032): acquireWifiLockLocked: WifiLock{NlpWifiLock type=2 binder=android.os.BinderProxy@33e35ed}
W/InputMethodInfo(30032): Duplicated subtype definition found: , voice
D/WifiService(30032): releaseWifiLockLocked: WifiLock{NlpWifiLock type=2 binder=android.os.BinderProxy@33e35ed}
D/WifiService(30032): New client listening to asynchronous messages
I/ActivityManager(30032): Start proc com.android.providers.calendar for content provider com.android.providers.calendar/.CalendarProvider2: pid=31501 uid=1010003 gids={50003, 1009997, 3003, 1028, 1015} abi=armeabi-v7a
D/WifiService(30032): acquireWifiLockLocked: WifiLock{NlpWifiLock type=2 binder=android.os.BinderProxy@33e35ed}
W/ResourcesManager(31501): Asset path '/system/framework/android.test.runner.jar' does not exist or contains no resources.
D/WifiService(30032): releaseWifiLockLocked: WifiLock{NlpWifiLock type=2 binder=android.os.BinderProxy@33e35ed}
I/ActivityManager(30032): Start proc com.google.android.calendar for broadcast com.google.android.calendar/com.android.calendar.alerts.AlertReceiver: pid=31523 uid=1010131 gids={50131, 1009997, 3003, 1028, 1015} abi=armeabi-v7a
I/ActivityManager(30032): Killing 30579:com.android.vending/u10a19 (adj 15): empty #17
W/libprocessgroup(30032): failed to open /acct/uid_1010019/pid_30579/cgroup.procs: No such file or directory
I/ActivityManager(30032): Start proc android.process.acore for content provider com.android.providers.contacts/.ContactsProvider2: pid=31551 uid=1010005 gids={50005, 1009997} abi=armeabi-v7a
I/ActivityManager(30032): Killing 30443:com.android.vending/u0a19 (adj 15): empty #17
W/libprocessgroup(30032): failed to open /acct/uid_10019/pid_30443/cgroup.procs: No such file or directory
I/ActivityManager(30032): Killing 30886:com.google.android.talk/u10a132 (adj 15): empty #17
W/libprocessgroup(30032): failed to open /acct/uid_1010132/pid_30886/cgroup.procs: No such file or directory
I/ActivityManager(30032): Killing 29982:com.nbcuni.nbc/u0a188 (adj 15): empty #17
W/libprocessgroup(30032): failed to open /acct/uid_10188/pid_29982/cgroup.procs: No such file or directory
I/PowerManagerService(30032): Waking up from dozing (uid 1000)...
I/DisplayPowerController(30032): Blocking screen on until initial contents have been drawn.
I/DisplayManagerService(30032): Display device changed: DisplayDeviceInfo{"Built-in Screen": 1440 x 2560, 60.0 fps, supportedRefreshRates [60.0], density 560, 494.27 x 492.606 dpi, appVsyncOff 7500000, presDeadline 12666667, touch INTERNAL, rotation 0, type BUILT_IN, state ON, FLAG_DEFAULT_DISPLAY, FLAG_ROTATES_WITH_CONTENT, FLAG_SECURE, FLAG_SUPPORTS_PROTECTED_BUFFERS}
V/ActivityManager(30032): Display changed displayId=0
V/ActivityManager(30032): Display changed displayId=0
I/DisplayPowerController(30032): Unblocked screen on after 241 ms
I/DreamManagerService(30032): Gently waking up from dream.
W/SoundTriggerHelper(30032): Recognition aborted
I/AlwaysOnHotwordDetector(30340): onRecognitionPaused
I/DreamManagerService(30032): Leaving dreamland.
I/DreamController(30032): Stopping dream: name=ComponentInfo{com.android.systemui/com.android.systemui.doze.DozeService}, isTest=false, canDoze=true, userId=0
D/WifiService(30032): acquireWifiLockLocked: WifiLock{NlpWifiLock type=2 binder=android.os.BinderProxy@3aec5718}
D/WifiService(30032): acquireWifiLockLocked: WifiLock{NlpWifiLock type=2 binder=android.os.BinderProxy@dba9571}
D/WifiService(30032): releaseWifiLockLocked: WifiLock{NlpWifiLock type=2 binder=android.os.BinderProxy@3aec5718}
D/WifiService(30032): releaseWifiLockLocked: WifiLock{NlpWifiLock type=2 binder=android.os.BinderProxy@dba9571}
I/ActivityManager(30032): Start proc com.netgate for service com.netgate/.check.services.ReportingService: pid=31603 uid=10182 gids={50182, 9997, 3003} abi=armeabi-v7a
D/WifiService(30032): acquireWifiLockLocked: WifiLock{ResourceUpdateService type=1 binder=android.os.BinderProxy@19dbccc4}
D/WifiService(30032): releaseWifiLockLocked: WifiLock{ResourceUpdateService type=1 binder=android.os.BinderProxy@19dbccc4}
D/WifiService(30032): acquireWifiLockLocked: WifiLock{NlpWifiLock type=2 binder=android.os.BinderProxy@dba9571}
I/ActivityManager(30032): Killing 30973:com.android.chrome/u0a96 (adj 15): empty #17
W/libprocessgroup(30032): failed to open /acct/uid_10096/pid_30973/cgroup.procs: No such file or directory
D/WifiService(30032): releaseWifiLockLocked: WifiLock{NlpWifiLock type=2 binder=android.os.BinderProxy@dba9571}
I/ActivityManager(30032): Start proc com.android.chrome for broadcast com.android.chrome/com.google.android.apps.chrome.precache.PrecacheServiceLauncher: pid=31662 uid=10096 gids={50096, 9997, 3003, 1028, 1015} abi=armeabi-v7a
I/ActivityManager(30032): Killing 31002:com.plexapp.plex/u0a178 (adj 15): empty #17
W/libprocessgroup(30032): failed to open /acct/uid_10178/pid_31002/cgroup.procs: No such file or directory
I/ActivityManager(30032): Start proc com.plexapp.plex for broadcast com.plexapp.plex/.services.cameraupload.CameraUploadAutoStartReceiver: pid=31683 uid=10178 gids={50178, 9997, 3003, 1028, 1015} abi=armeabi-v7a
I/ActivityManager(30032): Killing 31195:com.google.android.partnersetup/u10a16 (adj 15): empty #17
W/libprocessgroup(30032): failed to open /acct/uid_1010016/pid_31195/cgroup.procs: No such file or directory
W/ActivityManager(30032): Permission Denial: Accessing service ComponentInfo{com.google.android.music/com.google.android.music.dial.DialMediaRouteProviderService} from pid=31683, uid=10178 that is not exported from uid 10113
I/ActivityManager(30032): Killing 31283:com.google.android.youtube/u10a142 (adj 15): empty #17
W/libprocessgroup(30032): failed to open /acct/uid_1010142/pid_31283/cgroup.procs: No such file or directory
I/ActivityManager(30032): Killing 31449:android.process.acore/u0a5 (adj 15): empty #17
W/libprocessgroup(30032): failed to open /acct/uid_10005/pid_31449/cgroup.procs: No such file or directory
I/ValidateNoPeople(30032): skipping global notification
D/ZenLog  (30032): disable_effects: -1|android|17040613|null|1000,listenerHints
I/ValidateNoPeople(30032): skipping global notification
D/ZenLog  (30032): disable_effects: -1|android|17040621|null|1000,listenerHints
I/EntropyMixer(30032): Writing entropy...
D/WifiService(30032): acquireWifiLockLocked: WifiLock{NlpWifiLock type=2 binder=android.os.BinderProxy@13b955ac}
D/WifiService(30032): releaseWifiLockLocked: WifiLock{NlpWifiLock type=2 binder=android.os.BinderProxy@13b955ac}
I/PowerManagerService(30032): Going to sleep due to screen timeout (uid 1000)...
I/DisplayManagerService(30032): Display device changed: DisplayDeviceInfo{"Built-in Screen": 1440 x 2560, 60.0 fps, supportedRefreshRates [60.0], density 560, 494.27 x 492.606 dpi, appVsyncOff 7500000, presDeadline 12666667, touch INTERNAL, rotation 0, type BUILT_IN, state OFF, FLAG_DEFAULT_DISPLAY, FLAG_ROTATES_WITH_CONTENT, FLAG_SECURE, FLAG_SUPPORTS_PROTECTED_BUFFERS}
V/ActivityManager(30032): Display changed displayId=0
I/DreamManagerService(30032): Entering dreamland.
I/PowerManagerService(30032): Dozing...
I/DreamController(30032): Starting dream: name=ComponentInfo{com.android.systemui/com.android.systemui.doze.DozeService}, isTest=false, canDoze=true, userId=0
I/AlwaysOnHotwordDetector(30340): onRecognitionResumed
I/ActivityManager(30032): Start proc com.google.android.talk for service com.google.android.talk/com.google.android.apps.hangouts.realtimechat.BackgroundGcmTickleService: pid=31753 uid=1010132 gids={50132, 1009997, 3003, 1028, 1015, 3002} abi=armeabi-v7a
W/ResourcesManager(31753): Asset path '/system/framework/com.google.android.media.effects.jar' does not exist or contains no resources.
D/WifiService(30032): acquireWifiLockLocked: WifiLock{NlpWifiLock type=2 binder=android.os.BinderProxy@3715dfe0}
D/WifiService(30032): releaseWifiLockLocked: WifiLock{NlpWifiLock type=2 binder=android.os.BinderProxy@3715dfe0}
I/UsageStatsService(30032): User[0] Flushing usage stats to disk
D/WifiService(30032): acquireWifiLockLocked: WifiLock{NlpWifiLock type=2 binder=android.os.BinderProxy@3715dfe0}
I/PowerManagerService(30032): Waking up from dozing (uid 1000)...
I/DisplayPowerController(30032): Blocking screen on until initial contents have been drawn.
I/DisplayManagerService(30032): Display device changed: DisplayDeviceInfo{"Built-in Screen": 1440 x 2560, 60.0 fps, supportedRefreshRates [60.0], density 560, 494.27 x 492.606 dpi, appVsyncOff 7500000, presDeadline 12666667, touch INTERNAL, rotation 0, type BUILT_IN, state ON, FLAG_DEFAULT_DISPLAY, FLAG_ROTATES_WITH_CONTENT, FLAG_SECURE, FLAG_SUPPORTS_PROTECTED_BUFFERS}
I/DisplayPowerController(30032): Unblocked screen on after 122 ms
V/ActivityManager(30032): Display changed displayId=0
I/DreamManagerService(30032): Gently waking up from dream.
W/SoundTriggerHelper(30032): Recognition aborted
I/AlwaysOnHotwordDetector(30340): onRecognitionPaused
D/WifiService(30032): acquireWifiLockLocked: WifiLock{NlpWifiLock type=2 binder=android.os.BinderProxy@28a7ab41}
I/DreamManagerService(30032): Leaving dreamland.
I/DreamController(30032): Stopping dream: name=ComponentInfo{com.android.systemui/com.android.systemui.doze.DozeService}, isTest=false, canDoze=true, userId=0
D/WifiService(30032): releaseWifiLockLocked: WifiLock{NlpWifiLock type=2 binder=android.os.BinderProxy@3715dfe0}
D/WifiService(30032): acquireWifiLockLocked: WifiLock{NlpWifiLock type=2 binder=android.os.BinderProxy@3715dfe0}
D/WifiService(30032): releaseWifiLockLocked: WifiLock{NlpWifiLock type=2 binder=android.os.BinderProxy@3715dfe0}
D/WifiService(30032): releaseWifiLockLocked: WifiLock{NlpWifiLock type=2 binder=android.os.BinderProxy@28a7ab41}
I/AlwaysOnHotwordDetector(30340): onRecognitionResumed
I/ActivityManager(30032): START u0 {act=android.intent.action.MAIN cat=[android.intent.category.LAUNCHER] flg=0x10008000 cmp=com.android.settings/.DevelopmentSettings} from uid 1000 on display 0
I/ActivityManager(30032): Start proc com.android.settings for activity com.android.settings/.DevelopmentSettings: pid=31826 uid=1000 gids={41000, 9997, 1028, 1015, 3002, 3001, 3003} abi=armeabi-v7a
V/ActivityManager(30032): Display changed displayId=0
D/WifiService(30032): New client listening to asynchronous messages
I/EntropyMixer(30032): Writing entropy...
I/ValidateNoPeople(30032): skipping global notification
D/ZenLog  (30032): disable_effects: -1|android|17040621|null|1000,listenerHints
W/InputMethodManagerService(30032): Window already focused, ignoring focus gain of: com.android.internal.view.IInputMethodClient$Stub$Proxy@e915478 attribute=null, token = android.os.BinderProxy@1817080b
I/ActivityManager(30032): Killing 30715:com.google.android.apps.fitness/u0a152 (adj 15): empty #17
W/libprocessgroup(30032): failed to open /acct/uid_10152/pid_30715/cgroup.procs: No such file or directory
I/EntropyMixer(30032): Writing entropy...
E/ActivityThread(22896): Failed to find provider info for com.motorola.ccc.cce.datausage
E/ActivityThread(22896): Failed to find provider info for com.motorola.ccc.plm.misc
I/ActivityManager(30032): Start proc com.android.defcontainer for service com.android.defcontainer/.DefaultContainerService: pid=31943 uid=10007 gids={50007, 9997, 1028, 1015, 1023, 2001, 1035} abi=armeabi-v7a
I/ActivityManager(30032): Start proc com.android.vending for broadcast com.android.vending/com.google.android.vending.verifier.PackageVerificationReceiver: pid=31964 uid=10019 gids={50019, 9997, 3003, 1028, 1015} abi=armeabi-v7a
I/ActivityManager(30032): Start proc com.google.android.gms:car for service com.google.android.gms/.car.CarService: pid=32000 uid=10011 gids={50011, 9997, 2001, 3003, 1007, 3006, 3002, 3001, 1028, 1015, 1005, 3007} abi=armeabi-v7a
W/ResourcesManager(32000): Asset path '/system/framework/com.android.media.remotedisplay.jar' does not exist or contains no resources.
W/ResourcesManager(32000): Asset path '/system/framework/com.android.location.provider.jar' does not exist or contains no resources.
I/ActivityManager(30032): Start proc com.android.vending for broadcast com.android.vending/com.google.android.vending.verifier.PackageVerificationReceiver: pid=32021 uid=1010019 gids={50019, 1009997, 3003, 1028, 1015} abi=armeabi-v7a
I/ActivityManager(30032): Start proc com.google.android.gms:car for service com.google.android.gms/.car.CarService: pid=32074 uid=1010011 gids={50011, 1009997, 2001, 3003, 1007, 3006, 3002, 3001, 1028, 1015, 1005, 3007} abi=armeabi-v7a
W/ResourcesManager(32074): Asset path '/system/framework/com.android.media.remotedisplay.jar' does not exist or contains no resources.
W/ResourcesManager(32074): Asset path '/system/framework/com.android.location.provider.jar' does not exist or contains no resources.
D/DefContainer(31943): Copying /data/local/tmp/Google Android Project.apk to base.apk
I/ActivityManager(30032): Killing 31551:android.process.acore/u10a5 (adj 13): empty #17
I/ActivityManager(30032): Killing 31501:com.android.providers.calendar/u10a3 (adj 15): empty #18
W/libprocessgroup(30032): failed to open /acct/uid_1010005/pid_31551/cgroup.procs: No such file or directory
W/libprocessgroup(30032): failed to open /acct/uid_1010003/pid_31501/cgroup.procs: No such file or directory
W/PackageManager(30032): Invalid verification token 8 received
D/PackageManager(30032): Renaming /data/app/vmdl588819794.tmp to /data/app/com.chriscartland.spaceshooter-2
I/ActivityManager(30032): Force stopping com.chriscartland.spaceshooter appid=10190 user=-1: uninstall pkg
I/PackageManager(30032): Package com.chriscartland.spaceshooter codePath changed from /data/app/com.chriscartland.spaceshooter-1 to /data/app/com.chriscartland.spaceshooter-2; Retaining data and using new
W/PackageManager(30032): Code path for pkg : com.chriscartland.spaceshooter changing from /data/app/com.chriscartland.spaceshooter-1 to /data/app/com.chriscartland.spaceshooter-2
I/ActivityManager(30032): Force stopping com.chriscartland.spaceshooter appid=10190 user=-1: update pkg
W/PackageManager(30032): Resource path for pkg : com.chriscartland.spaceshooter changing from /data/app/com.chriscartland.spaceshooter-1 to /data/app/com.chriscartland.spaceshooter-2
I/ActivityManager(30032): Start proc com.google.android.volta for service com.google.android.volta/.BatteryStatsCollectorService: pid=32131 uid=10063 gids={50063, 9997, 3003, 1007, 3006} abi=armeabi-v7a
I/ActivityManager(30032): Force stopping com.chriscartland.spaceshooter appid=10190 user=0: pkg removed
I/ActivityManager(30032): Killing 31523:com.google.android.calendar/u10a131 (adj 13): empty #17
D/BackupManagerService(30032): Received broadcast Intent { act=android.intent.action.PACKAGE_REMOVED dat=package:com.chriscartland.spaceshooter flg=0x4000010 (has extras) }
D/JobSchedulerService(30032): Receieved: android.intent.action.PACKAGE_REMOVED
W/libprocessgroup(30032): failed to open /acct/uid_1010131/pid_31523/cgroup.procs: No such file or directory
I/ActivityManager(30032): Force stopping com.chriscartland.spaceshooter appid=10190 user=10: pkg removed
W/ActivityManager(30032): Permission Denial: Accessing service ComponentInfo{com.google.android.music/com.google.android.music.dial.DialMediaRouteProviderService} from pid=31683, uid=10178 that is not exported from uid 10113
D/JobSchedulerService(30032): Receieved: android.intent.action.PACKAGE_REMOVED
I/ActivityManager(30032): Start proc android.process.acore for broadcast com.android.providers.contacts/.PackageIntentReceiver: pid=32151 uid=10005 gids={50005, 9997} abi=armeabi-v7a
W/ActivityManager(30032): Permission Denial: Accessing service ComponentInfo{com.google.android.music/com.google.android.music.dial.DialMediaRouteProviderService} from pid=31034, uid=10179 that is not exported from uid 10113
W/ActivityManager(30032): Permission Denial: Accessing service ComponentInfo{com.google.android.music/com.google.android.music.dial.DialMediaRouteProviderService} from pid=31034, uid=10179 that is not exported from uid 10113
W/ActivityManager(30032): Permission Denial: Accessing service ComponentInfo{com.google.android.music/com.google.android.music.dial.DialMediaRouteProviderService} from pid=31683, uid=10178 that is not exported from uid 10113
W/ActivityManager(30032): Permission Denial: Accessing service ComponentInfo{com.google.android.music/com.google.android.music.dial.DialMediaRouteProviderService} from pid=31034, uid=10179 that is not exported from uid 10113
W/InputMethodInfo(30032): Duplicated subtype definition found: , voice
W/ActivityManager(30032): Permission Denial: Accessing service ComponentInfo{com.google.android.music/com.google.android.music.dial.DialMediaRouteProviderService} from pid=31683, uid=10178 that is not exported from uid 10113
I/ActivityManager(30032): Start proc com.android.musicfx for broadcast com.android.musicfx/.Compatibility$Receiver: pid=32176 uid=10018 gids={50018, 9997, 3003, 3002} abi=armeabi-v7a
I/ActivityManager(30032): Start proc com.android.keychain for broadcast com.android.keychain/.KeyChainBroadcastReceiver: pid=32198 uid=1000 gids={41000, 9997, 1028, 1015, 3002, 3001, 3003} abi=armeabi-v7a
I/ActivityManager(30032): Killing 31603:com.netgate/u0a182 (adj 13): empty #17
W/libprocessgroup(30032): failed to open /acct/uid_10182/pid_31603/cgroup.procs: No such file or directory
W/ContextImpl(32198): Calling a method in the system process without a qualified user: android.app.ContextImpl.startService:1686 android.content.ContextWrapper.startService:515 android.content.ContextWrapper.startService:515 com.android.keychain.KeyChainBroadcastReceiver.onReceive:12 android.app.ActivityThread.handleReceiver:2579 
I/ActivityManager(30032): Process com.google.android.gms:car (pid 32000) has died
I/ActivityManager(30032): Start proc com.google.android.gms.ui for broadcast com.google.android.gms/com.google.android.location.settings.PackageChangeReceiver: pid=32246 uid=10011 gids={50011, 9997, 2001, 3003, 1007, 3006, 3002, 3001, 1028, 1015, 1005, 3007} abi=armeabi-v7a
W/ResourcesManager(32246): Asset path '/system/framework/com.android.media.remotedisplay.jar' does not exist or contains no resources.
W/ResourcesManager(32246): Asset path '/system/framework/com.android.location.provider.jar' does not exist or contains no resources.
I/ActivityManager(30032): Start proc com.google.android.apps.docs for broadcast com.google.android.apps.docs/.receivers.AppPackageAddRemoveReceiver: pid=32267 uid=10091 gids={50091, 9997, 3003, 1028, 1015} abi=armeabi-v7a
I/ActivityManager(30032): Killing 31753:com.google.android.talk/u10a132 (adj 13): empty #17
W/libprocessgroup(30032): failed to open /acct/uid_1010132/pid_31753/cgroup.procs: No such file or directory
D/BackupManagerService(30032): Received broadcast Intent { act=android.intent.action.PACKAGE_ADDED dat=package:com.chriscartland.spaceshooter flg=0x4000010 (has extras) }
W/BackupManagerService(30032): Removing schedule queue dupe of com.chriscartland.spaceshooter
I/ActivityManager(30032): Process com.google.android.gms:car (pid 32074) has died
W/ResourcesManager(30629): Asset path '/system/framework/com.google.android.maps.jar' does not exist or contains no resources.
W/ResourcesManager(30629): Asset path '/system/framework/com.google.android.media.effects.jar' does not exist or contains no resources.
W/ResourcesManager(30629): Asset path '/system/framework/com.google.android.maps.jar' does not exist or contains no resources.
W/ResourcesManager(30629): Asset path '/system/framework/com.google.android.maps.jar' does not exist or contains no resources.
W/ResourcesManager(30629): Asset path '/system/framework/com.google.android.maps.jar' does not exist or contains no resources.
W/ResourcesManager(30629): Asset path '/system/framework/com.google.android.maps.jar' does not exist or contains no resources.
W/ResourcesManager(30629): Asset path '/system/framework/com.google.android.maps.jar' does not exist or contains no resources.
I/ActivityManager(30032): Start proc com.google.android.apps.enterprise.dmagent for broadcast com.google.android.apps.enterprise.dmagent/.AppUpdateReceiver: pid=32320 uid=10040 gids={50040, 9997, 3003, 1028, 1015} abi=armeabi-v7a
I/ActivityManager(30032): Start proc com.foursquare.robin for broadcast com.foursquare.robin/.receiver.UninstallReceiver: pid=32338 uid=10105 gids={50105, 9997, 3003, 1028, 1015} abi=armeabi-v7a
I/ActivityManager(30032): Killing 31662:com.android.chrome/u0a96 (adj 15): empty #17
W/libprocessgroup(30032): failed to open /acct/uid_10096/pid_31662/cgroup.procs: No such file or directory
I/ActivityManager(30032): Killing 29552:com.google.android.youtube/u0a142 (adj 13): empty #17
W/libprocessgroup(30032): failed to open /acct/uid_10142/pid_29552/cgroup.procs: No such file or directory
W/ActivityManager(30032): Scheduling restart of crashed service com.google.android.youtube/.app.remote.YouTubeTvRouteProviderService in 1000ms
I/ActivityManager(30032): Killing 31683:com.plexapp.plex/u0a178 (adj 15): empty #17
W/libprocessgroup(30032): failed to open /acct/uid_10178/pid_31683/cgroup.procs: No such file or directory
I/ActivityManager(30032): Start proc android.process.acore for broadcast com.android.providers.contacts/.PackageIntentReceiver: pid=32395 uid=1010005 gids={50005, 1009997} abi=armeabi-v7a
I/ActivityManager(30032): Start proc com.android.musicfx for broadcast com.android.musicfx/.Compatibility$Receiver: pid=32422 uid=1010018 gids={50018, 1009997, 3003, 3002} abi=armeabi-v7a
I/ActivityManager(30032): Killing 31034:com.plexapp.android/u0a179 (adj 15): empty #17
E/WifiService(30032): Multicaster binderDied
I/ActivityManager(30032): Start proc com.google.android.youtube for service com.google.android.youtube/.app.remote.YouTubeTvRouteProviderService: pid=32440 uid=10142 gids={50142, 9997, 3003, 1028, 1015} abi=armeabi-v7a
W/libprocessgroup(30032): failed to open /acct/uid_10179/pid_31034/cgroup.procs: No such file or directory
I/ActivityManager(30032): Start proc com.android.keychain for broadcast com.android.keychain/.KeyChainBroadcastReceiver: pid=32462 uid=1001000 gids={41000, 1009997, 1028, 1015, 3002, 3001, 3003} abi=armeabi-v7a
W/ResourcesManager(32440): Asset path '/system/framework/com.android.media.remotedisplay.jar' does not exist or contains no resources.
W/ResourcesManager(32440): Asset path '/system/framework/com.android.location.provider.jar' does not exist or contains no resources.
I/ActivityManager(30032): Killing 31089:com.android.chrome/u10a96 (adj 15): empty #17
W/libprocessgroup(30032): failed to open /acct/uid_1010096/pid_31089/cgroup.procs: No such file or directory
I/ActivityManager(30032): Killing 31161:com.google.android.googlequicksearchbox:search/u10a28 (adj 15): empty #17
D/WifiService(30032): Client connection lost with reason: 4
W/libprocessgroup(30032): failed to open /acct/uid_1010028/pid_31161/cgroup.procs: No such file or directory
I/ActivityManager(30032): Start proc com.google.android.gms.ui for broadcast com.google.android.gms/com.google.android.location.settings.PackageChangeReceiver: pid=32492 uid=1010011 gids={50011, 1009997, 2001, 3003, 1007, 3006, 3002, 3001, 1028, 1015, 1005, 3007} abi=armeabi-v7a
W/ResourcesManager(32492): Asset path '/system/framework/com.android.media.remotedisplay.jar' does not exist or contains no resources.
W/ResourcesManager(32492): Asset path '/system/framework/com.android.location.provider.jar' does not exist or contains no resources.
I/ActivityManager(30032): Start proc com.google.android.apps.docs for broadcast com.google.android.apps.docs/.receivers.AppPackageAddRemoveReceiver: pid=32521 uid=1010091 gids={50091, 1009997, 3003, 1028, 1015} abi=armeabi-v7a
I/ActivityManager(30032): Killing 31943:com.android.defcontainer/u0a7 (adj 15): empty #17
W/libprocessgroup(30032): failed to open /acct/uid_10007/pid_31943/cgroup.procs: No such file or directory
I/ActivityManager(30032): Killing 32131:com.google.android.volta/u0a63 (adj 15): empty #17
I/ActivityManager(30032): Start proc com.google.android.apps.enterprise.dmagent for broadcast com.google.android.apps.enterprise.dmagent/.AppUpdateReceiver: pid=32604 uid=1010040 gids={50040, 1009997, 3003, 1028, 1015} abi=armeabi-v7a
W/libprocessgroup(30032): failed to open /acct/uid_10063/pid_32131/cgroup.procs: No such file or directory
I/ActivityManager(30032): Start proc com.google.android.googlequicksearchbox:search for broadcast com.google.android.googlequicksearchbox/com.google.android.search.core.icingsync.IcingCorporaChangedReceiver: pid=32624 uid=1010028 gids={50028, 1009997, 3003, 3001, 1028, 3002, 1015, 1005} abi=armeabi-v7a
I/ActivityManager(30032): Killing 32151:android.process.acore/u0a5 (adj 15): empty #17
W/libprocessgroup(30032): failed to open /acct/uid_10005/pid_32151/cgroup.procs: No such file or directory
I/ActivityManager(30032): Killing 32176:com.android.musicfx/u0a18 (adj 15): empty #17
W/libprocessgroup(30032): failed to open /acct/uid_10018/pid_32176/cgroup.procs: No such file or directory
I/ActivityManager(30032): Start proc com.google.android.googlequicksearchbox for broadcast com.google.android.googlequicksearchbox/com.android.launcher3.PackageChangedReceiver: pid=32643 uid=1010028 gids={50028, 1009997, 3003, 3001, 1028, 3002, 1015, 1005} abi=armeabi-v7a
I/ActivityManager(30032): Killing 32198:com.android.keychain/1000 (adj 15): empty #17
W/libprocessgroup(30032): failed to open /acct/uid_1000/pid_32198/cgroup.procs: No such file or directory
I/ActivityManager(30032): Killing 31964:com.android.vending/u0a19 (adj 15): empty #17
W/libprocessgroup(30032): failed to open /acct/uid_10019/pid_31964/cgroup.procs: No such file or directory
I/ActivityManager(30032): Start proc android.process.acore for broadcast com.android.providers.contacts/.PackageIntentReceiver: pid=32664 uid=10005 gids={50005, 9997} abi=armeabi-v7a
