W/Settings( 1471): Setting download_manager_max_bytes_over_mobile has moved from android.provider.Settings.Secure to android.provider.Settings.Global.
W/Settings( 1471): Setting download_manager_recommended_max_bytes_over_mobile has moved from android.provider.Settings.Secure to android.provider.Settings.Global.
D/MdnsClient(30825): received a packet of length 575
W/libprocessgroup(30032): failed to open /acct/uid_1010091/pid_865/cgroup.procs: No such file or directory
W/ResourcesManager( 1566): Asset path '/system/framework/com.android.media.remotedisplay.jar' does not exist or contains no resources.
W/ResourcesManager( 1566): Asset path '/system/framework/com.android.location.provider.jar' does not exist or contains no resources.
I/ActivityManager(30032): Killing 1027:android.process.acore/u0a5 (adj 15): empty #17
I/MultiDex( 1566): VM with version 2.1.0 has multidex support
I/MultiDex( 1566): install
I/MultiDex( 1566): VM has multidex support, MultiDex support library is disabled.
W/libprocessgroup(30032): failed to open /acct/uid_10005/pid_1027/cgroup.procs: No such file or directory
D/Finsky  ( 1471): [1] 2.run: Loaded library for account: [tZkcgWr6xlV69eGM899LEbmoG6w]
D/Finsky  ( 1471): [1] 2.run: Loaded library for account: [48JhTuS-J2H2vw3p1iJajTaRk0o]
D/Finsky  ( 1471): [1] 2.run: Loaded library for account: [TWQhf90kE_DzXiFlo6g94TN5BP0]
D/Finsky  ( 1471): [1] 2.run: Finished loading 3 libraries.
I/ProviderInstaller( 1566): Insert disabled by gate 'gms:security:enable_conscrypt_in_gms_application'
D/IHRWidget( 1314): test onReceive
D/LocationInitializer(30825): Restart initialization of location
D/GCM     (30496): GcmService start Intent { act=com.google.android.gms.INITIALIZE flg=0x10 pkg=com.google.android.gms cmp=com.google.android.gms/.gcm.GcmService } com.google.android.gms.INITIALIZE
D/AuthorizationBluetoothService(30496): Received GmsCore event: Intent { act=com.google.android.gms.INITIALIZE flg=0x10 pkg=com.google.android.gms cmp=com.google.android.gms/.auth.be.proximity.authorization.bt.AuthorizationBluetoothService$AutoStarter }.
D/c       (30496): Getting all permits...
D/a       (30496): Opening database...
I/ActivityManager(30032): Killing 32708:com.android.musicfx/u0a18 (adj 13): empty #17
D/a       (30496): Opening database auth.proximity.permit_store...
D/a       (30496): Closing database...
W/libprocessgroup(30032): failed to open /acct/uid_10018/pid_32708/cgroup.procs: No such file or directory
I/Fitness (30825): GmsCore initialized.  Initializing Fitness
D/Finsky  ( 1471): [1] GmsCoreHelper.cleanupNlp: result=false type=4
V/Finsky  ( 1471): [1] GearheadStateMonitor.onReady: sIsProjecting:false
I/CAR.SERVICE( 1566): listener not found in list
D/Finsky  ( 1471): [1] RestoreTracker.stopServiceIfDone: Restore complete with 0 success and 0 failed.
I/GAV3    ( 1207): Thread[GAThread,5,main]: No campaign data found.
D/MdnsClient(30825): received a packet of length 575
D/Finsky  ( 1471): [1] 5.onFinished: Installation state replication succeeded.
V/ConfigFetchTask(24962): ConfigFetchTask getDeviceDataVersionInfo(): ABFEt1WyxfkknApueZpXltRLuRyQvlJA08DWEDT8dYkZSK2L1iQND21LueGxDRIavyMhjmNynP72haZORYiWKqtRj29GZgexPxf8AONvW2zP_OTVXdzTG5xU1iWZZkAzlqetq_uiqmuj_-tHOsJw-8PVT36nPefJRS-Lf-AGMzL5xs74RribFkJTjlKVGb05kje8YG2Vcppvo9b_8J89kIkYWihmb1_weTUbWcw0zpM7htFL94hQX10
D/MdnsClient(30825): received a packet of length 575
I/ConfigFetchService(24962): fetch service done; releasing wakelock
I/ConfigFetchService(24962): stopping self
I/ConfigService( 2724): onDestroy
D/MdnsClient(30825): received a packet of length 575
I/ActivityManager(30032): Waited long enough for: ServiceRecord{3331edaf u0 com.amazon.mShop.android/com.amazon.venezia.notification.NotificationService}
D/MdnsClient(30825): received a packet of length 575
I/Process ( 1566): Sending signal. PID: 1566 SIG: 9
I/ActivityManager(30032): Process com.google.android.gms:car (pid 1566) has died
I/ActivityManager(30032): Start proc com.android.vending for service com.android.vending/com.google.android.finsky.services.ContentSyncService: pid=1612 uid=1010019 gids={50019, 1009997, 3003, 1028, 1015} abi=armeabi-v7a
I/art     (29778): Explicit concurrent mark sweep GC freed 704(30KB) AllocSpace objects, 0(0B) LOS objects, 40% free, 20MB/34MB, paused 200us total 20.868ms
I/art     (29778): Explicit concurrent mark sweep GC freed 7(240B) AllocSpace objects, 0(0B) LOS objects, 39% free, 20MB/34MB, paused 171us total 8.613ms
I/art     (29778): Explicit concurrent mark sweep GC freed 5(160B) AllocSpace objects, 0(0B) LOS objects, 39% free, 20MB/34MB, paused 170us total 8.481ms
I/art     ( 2724): Explicit concurrent mark sweep GC freed 30961(3MB) AllocSpace objects, 0(0B) LOS objects, 23% free, 25MB/33MB, paused 559us total 33.274ms
D/MdnsClient(30825): received a packet of length 575
D/Finsky  ( 1612): [1] FinskyApp.onCreate: Initializing network with DFE https://android.clients.google.com/dogfood/fdfe/
D/Finsky  ( 1612): [1] DailyHygiene.goMakeHygieneIfDirty: No need to run daily hygiene.
I/ActivityManager(30032): Start proc com.google.android.gms:car for service com.google.android.gms/.car.CarService: pid=1649 uid=1010011 gids={50011, 1009997, 2001, 3003, 1007, 3006, 3002, 3001, 1028, 1015, 1005, 3007} abi=armeabi-v7a
W/Settings( 1612): Setting download_manager_max_bytes_over_mobile has moved from android.provider.Settings.Secure to android.provider.Settings.Global.
W/Settings( 1612): Setting download_manager_recommended_max_bytes_over_mobile has moved from android.provider.Settings.Secure to android.provider.Settings.Global.
W/ResourcesManager( 1649): Asset path '/system/framework/com.android.media.remotedisplay.jar' does not exist or contains no resources.
W/ResourcesManager( 1649): Asset path '/system/framework/com.android.location.provider.jar' does not exist or contains no resources.
D/Finsky  ( 1612): [1] 2.run: Loaded library for account: [cqzMMqDh9oODDRYGMI3fhShSa4s]
D/Finsky  ( 1612): [1] 2.run: Finished loading 1 libraries.
I/MultiDex( 1649): VM with version 2.1.0 has multidex support
I/MultiDex( 1649): install
I/MultiDex( 1649): VM has multidex support, MultiDex support library is disabled.
V/JNIHelp ( 1649): Registering com/google/android/gms/org/conscrypt/NativeCrypto's 235 native methods...
I/ProviderInstaller( 1649): Installed default security provider GmsCore_OpenSSL
D/AuthorizationBluetoothService( 2724): Received GmsCore event: Intent { act=com.google.android.gms.INITIALIZE flg=0x10 pkg=com.google.android.gms cmp=com.google.android.gms/.auth.be.proximity.authorization.bt.AuthorizationBluetoothService$AutoStarter }.
D/LocationInitializer(24962): Restart initialization of location
D/c       ( 2724): Getting all permits...
D/a       ( 2724): Opening database...
D/Finsky  ( 1612): [1] GmsCoreHelper.cleanupNlp: result=false type=4
D/a       ( 2724): Opening database auth.proximity.permit_store...
D/a       ( 2724): Closing database...
D/Finsky  ( 1612): [1] RestoreTracker.stopServiceIfDone: Restore complete with 0 success and 0 failed.
V/Finsky  ( 1612): [1] GearheadStateMonitor.onReady: sIsProjecting:false
I/CAR.SERVICE( 1649): listener not found in list
D/Finsky  ( 1612): [1] 5.onFinished: Installation state replication succeeded.
I/ActivityManager(30032): Killing 1051:com.google.android.apps.cloudprint/u0a38 (adj 13): empty #17
W/libprocessgroup(30032): failed to open /acct/uid_10038/pid_1051/cgroup.procs: No such file or directory
D/MdnsClient(30825): received a packet of length 575
D/MdnsClient(30825): received a packet of length 575
I/ActivityManager(30032): Waited long enough for: ServiceRecord{1c0ca4bd u0 com.nbcuni.nbc/com.bottlerocketapps.service.ReachabilityService}
I/Process ( 1649): Sending signal. PID: 1649 SIG: 9
I/ActivityManager(30032): Process com.google.android.gms:car (pid 1649) has died
D/WifiService(30032): acquireWifiLockLocked: WifiLock{NlpWifiLock type=2 binder=android.os.BinderProxy@2297ebbd}
I/art     ( 3839): Explicit concurrent mark sweep GC freed 71150(2MB) AllocSpace objects, 0(0B) LOS objects, 22% free, 27MB/35MB, paused 574us total 41.733ms
D/WifiService(30032): releaseWifiLockLocked: WifiLock{NlpWifiLock type=2 binder=android.os.BinderProxy@2297ebbd}
I/GCoreUlr( 3839): Successfully inserted location
I/GCoreUlr( 3839): Not calling LocationReporter, hasMoved: false, elapsed millis: 610847, request: Stationary(3600000)
D/MdnsClient(30825): received a packet of length 575
D/MdnsClient(30825): received a packet of length 575
D/MdnsClient(30825): received a packet of length 148
D/MdnsClient(30825): received a packet of length 575
D/MdnsClient(30825): received a packet of length 575
D/MdnsClient(30825): received a packet of length 575
D/MdnsClient(30825): received a packet of length 148
D/MdnsClient(30825): received a packet of length 575
D/HeadsetStateMachine(32105): Disconnected process message: 10, size: 0
D/MdnsClient(30825): received a packet of length 64
D/MdnsClient(30825): received a packet of length 40
D/MdnsClient(30825): received a packet of length 282
D/MdnsClient(30825): mDNS response: Cartland Chromecast._googlecast._tcp.local.
D/DeviceScanner(30825): [MDNS] got a response: PTR? true, SRV? true, TXT? true, A? true
D/DeviceScanner(30825): [MDNS] service instance: Cartland Chromecast._googlecast._tcp.local.
D/MdnsClient(30825): received a packet of length 298
D/MdnsClient(30825): mDNS response: Nexus Player._googlecast._tcp.local.
D/DeviceScanner(30825): [MDNS] got a response: PTR? true, SRV? true, TXT? true, A? true
D/DeviceScanner(30825): [MDNS] service instance: Nexus Player._googlecast._tcp.local.
D/MdnsClient(30825): received a packet of length 575
D/MdnsClient(30825): received a packet of length 575
D/MdnsClient(30825): received a packet of length 575
D/MdnsClient(30825): received a packet of length 575
D/MdnsClient(30825): received a packet of length 575
D/HeadsetStateMachine(32105): Disconnected process message: 10, size: 0
D/HeadsetStateMachine(32105): Disconnected process message: 10, size: 0
D/com.facebook.AppEventsLogger(  960): Caught unexpected exception while flushing: java.lang.NullPointerException: Attempt to invoke virtual method 'java.lang.String com.facebook.internal.AttributionIdentifiers.getAttributionId()' on a null object reference
D/MdnsClient(30825): received a packet of length 575
D/MdnsClient(30825): received a packet of length 575
D/MdnsClient(30825): received a packet of length 40
D/MdnsClient(30825): received a packet of length 282
D/MdnsClient(30825): mDNS response: Cartland Chromecast._googlecast._tcp.local.
D/DeviceScanner(30825): [MDNS] got a response: PTR? true, SRV? true, TXT? true, A? true
D/DeviceScanner(30825): [MDNS] service instance: Cartland Chromecast._googlecast._tcp.local.
D/MdnsClient(30825): received a packet of length 298
D/MdnsClient(30825): mDNS response: Nexus Player._googlecast._tcp.local.
D/DeviceScanner(30825): [MDNS] got a response: PTR? true, SRV? true, TXT? true, A? true
D/DeviceScanner(30825): [MDNS] service instance: Nexus Player._googlecast._tcp.local.
D/MdnsClient(30825): received a packet of length 575
D/MdnsClient(30825): received a packet of length 575
D/MdnsClient(30825): received a packet of length 575
D/WifiService(30032): acquireWifiLockLocked: WifiLock{NlpWifiLock type=2 binder=android.os.BinderProxy@2297ebbd}
E/WifiStateMachine(30032): WifiStateMachine CMD_START_SCAN source 1010011 txSuccessRate=0.00 rxSuccessRate=0.00 targetRoamBSSID=any RSSI=-67
I/wpa_supplicant(30136): wlan0: CTRL-EVENT-SCAN-STARTED 
D/DeviceScanner(30825): [CastNearby] Wifi scan complete - checking for CastNearby device.
D/DeviceScanner(30825): [CastNearby] Number of results: 2
D/DeviceScanner(30825): [CastNearby] CastNearby device within wifi range
D/DeviceScanner(30825): [CastNearby] Wifi scan check complete.
D/DeviceScanner(30825): [CastNearby] updateCastNearbyRoute: adding mUnpairedDeviceNearby __cast_nearby___1
D/DeviceScanner(30825): [CastNearby] notifyDeviceOnline: "Nearby device" (__cast_nearby___1)
D/CastMediaRouteProvider(30825): DeviceScanner.Listener#onDeviceOnline: "Nearby device" (__cast_nearby___1)
D/DeviceFilter(30825): [MiniDeviceController-1] ACTIVATE
D/CastNearbyDeviceFilter(30825): startFiltering
D/DeviceFilter(30825): [MiniDeviceController-1] onAppIdApproved: C54DBC0F
D/CastNearbyDeviceFilter(30825): # of requests: 0
D/DeviceFilter(30825): [MiniDeviceController-1] onFilteringFinished
D/DeviceFilter(30825): [MiniDeviceController-1] finish()
D/DeviceFilter(30825): [MiniDeviceController-1] DEACTIVATE; finished=true; socket status=0
D/CastNearbyDeviceFilter(30825): stopFiltering
D/DeviceFilter(30825): [MiniDeviceController-1] got socket state: 0
D/CastMediaRouteProvider(30825): onDeviceAcceptedByFilter: "Nearby device" (__cast_nearby___1)
W/CastMediaRouteProvider(30825): addOrUpdateDevice: device: "Nearby device" (__cast_nearby___1) applicationName: null
D/CastMediaRouteProvider(30825): merging in criteria for existing device Nearby device
D/DeviceScanner(24962): [CastNearby] Number of results: 2
D/DeviceScanner(24962): [CastNearby] CastNearby device within wifi range fa:8f:ca:3b:4e:79
D/DeviceScanner(24962): [CastNearby] unpaired device found - FA:8F:CA:3B:4E:79
D/DeviceScanner(24962): [CastNearby] updateCastNearbyRoute: adding mUnpairedDeviceNearby __cast_nearby___1
D/DeviceFilter(24962): [MiniDeviceController-1] ACTIVATE
D/CastNearbyDeviceFilter(24962): startFiltering
D/DeviceFilter(24962): [MiniDeviceController-1] finish()
D/DeviceFilter(24962): [MiniDeviceController-1] DEACTIVATE; finished=true; socket status=0
D/CastNearbyDeviceFilter(24962): stopFiltering
D/DeviceFilter(24962): [MiniDeviceController-1] got socket state: 0
D/CastMediaRouteProvider(24962): onDeviceAcceptedByFilter: "Nearby device" (__cast_nearby___1)
W/CastMediaRouteProvider(24962): addOrUpdateDevice: device: "Nearby device" (__cast_nearby___1) applicationName: null
D/CastMediaRouteProvider(30825): buildRouteDescriptorForDevice: id=204f6eeddb184aaa9b37fe812970fb5b, description=Nexus Player, connecting=false, volume=0
D/CastMediaRouteProvider(24962): local device found removing all cast nearby routes - 1
D/CastMediaRouteProvider(24962): published 2 routes
D/CastMediaRouteProvider(30825): buildRouteDescriptorForDevice: id=__cast_nearby___1, description=Nearby device, connecting=false, volume=0
D/CastMediaRouteProvider(30825): buildRouteDescriptorForDevice: id=e361b33a05f4431ae9c68b057e6f0da5, description=Cartland Chromecast, connecting=false, volume=0
D/CastMediaRouteProvider(30825): local device found removing all cast nearby routes - 1
D/CastMediaRouteProvider(30825): published 2 routes
D/WifiService(30032): releaseWifiLockLocked: WifiLock{NlpWifiLock type=2 binder=android.os.BinderProxy@2297ebbd}
I/GCoreUlr( 3839): Successfully inserted location
I/GCoreUlr( 3839): Not calling LocationReporter, hasMoved: false, elapsed millis: 671471, request: Stationary(3600000)
D/MdnsClient(30825): received a packet of length 575
D/MdnsClient(30825): received a packet of length 575
D/MdnsClient(30825): received a packet of length 575
D/HeadsetStateMachine(32105): Disconnected process message: 10, size: 0
I/ActivityManager(30032): Start proc com.google.android.apps.plus for service com.google.android.apps.plus/com.google.android.apps.moviemaker.service.PluggedInAnalyzerService: pid=1695 uid=10134 gids={50134, 9997, 3003, 3002, 1028, 1015} abi=armeabi-v7a
I/ActivityManager(30032): Start proc com.google.android.apps.plus for service com.google.android.apps.plus/com.google.android.apps.moviemaker.service.PluggedInAnalyzerService: pid=1712 uid=1010134 gids={50134, 1009997, 3003, 3002, 1028, 1015} abi=armeabi-v7a
W/ResourcesManager( 1695): Asset path '/system/framework/com.google.android.maps.jar' does not exist or contains no resources.
W/ResourcesManager( 1712): Asset path '/system/framework/com.google.android.maps.jar' does not exist or contains no resources.
I/MultiDex( 1712): VM with version 2.1.0 has multidex support
I/MultiDex( 1695): VM with version 2.1.0 has multidex support
I/MultiDex( 1695): install
I/MultiDex( 1712): install
I/MultiDex( 1695): VM has multidex support, MultiDex support library is disabled.
I/MultiDex( 1712): VM has multidex support, MultiDex support library is disabled.
D/gp.PicasaPhotoCP( 1712): set fsid first time:-1
D/gp.PicasaPhotoCP( 1695): set fsid first time:-1
I/BackgroundTask( 1712): readResults: num read: 0
I/BackgroundTask( 1695): readResults: num read: 2
I/iu.Environment( 1712): update battery state; isPlugged? true*
I/iu.Environment( 1695): update battery state; isPlugged? true*
D/NetworkLogImpl( 1695): Loaded NetworkSpeedPredictor
D/NetworkLogImpl( 1712): Loaded NetworkSpeedPredictor
I/iu.Environment( 1695): update connectivity state; isNetworkMetered? false, isRoaming? false, isBackgroundDataAllowed? true*
I/iu.Environment( 1712): update connectivity state; isNetworkMetered? false, isRoaming? false, isBackgroundDataAllowed? true*
I/NetworkQueueController( 1712): Restoring network queue from storage...
I/NetworkQueueController( 1695): Restoring network queue from storage...
I/PartitionedDatabase( 1695): Partitions in Binder: 10, Partitions in database: 10
I/EsProvider( 1695): >>>>> ensureStoriesElementsCurrent took 3 milliseconds to complete.
I/NetworkQueueController( 1695): Restoring network queue from storage...
I/PartitionedDatabase( 1712): Partitions in Binder: 10, Partitions in database: 10
I/EsProvider( 1712): >>>>> ensureStoriesElementsCurrent took 2 milliseconds to complete.
I/PartitionedDatabase( 1695): Partitions in Binder: 10, Partitions in database: 10
I/EsProvider( 1695): >>>>> ensureStoriesElementsCurrent took 1 milliseconds to complete.
I/NetworkQueueController( 1695): Restoring network queue from storage...
I/PartitionedDatabase( 1695): Partitions in Binder: 10, Partitions in database: 10
I/EsProvider( 1695): >>>>> ensureStoriesElementsCurrent took 1 milliseconds to complete.
I/art     (30032): Explicit concurrent mark sweep GC freed 28288(1794KB) AllocSpace objects, 0(0B) LOS objects, 21% free, 59MB/75MB, paused 1.056ms total 89.764ms
I/Adreno  ( 1712): EGLInit: QTI Build: 10/14/14, 40a273b, I86da836d38
I/Adreno  ( 1695): EGLInit: QTI Build: 10/14/14, 40a273b, I86da836d38
I/GLSActivity(30496): [ad] getting account id
I/GLSActivity( 2724): [ad] getting account id
I/GLSUser (30496): [p] Fetched account id for c.cartland@gmail.com : 111661289724043424828
I/GLSUser ( 2724): [p] Fetched account id for cartland@google.com : 105524488315701830418
I/GLSActivity(30496): [ad] getting account id
I/GLSUser (30496): [p] Fetched account id for chriscartlanddemo@gmail.com : 107839208118234193187
I/GLSActivity(30496): [ad] getting account id
I/GLSUser (30496): [p] Fetched account id for devonmolly48@gmail.com : 104302376024668617519
I/ActivityManager(30032): Start proc android.process.acore for content provider com.android.providers.contacts/.ContactsProvider2: pid=1766 uid=10005 gids={50005, 9997} abi=armeabi-v7a
I/ActivityManager(30032): Killing 1076:com.google.android.apps.magazines/u0a85 (adj 13): empty #17
I/ContactLocale( 1766): AddressBook Labels [en-US]: [, A, B, C, D, E, F, G, H, I, J, K, L, M, N, O, P, Q, R, S, T, U, V, W, X, Y, Z, , , , , , , , , , , , , , , , , , , , , , , , , , , , , , , , , , , , , , , , , , , , , , , , , , , , , , , , , , , , , , , , , , , , , , , , , , , , , , , , , , , , , , , , , , , , , , , , , , , , , , , , , , , , , , , , , , , , , , , , , , , , , , , , , , , , , , , , , , , , , , , , , , , , , , , , , , , , , , , , , , , , , , , , , , , , , , , , , , , , , , , , , , , , #, ]
W/libprocessgroup(30032): failed to open /acct/uid_10085/pid_1076/cgroup.procs: No such file or directory
I/art     (27548): Explicit concurrent mark sweep GC freed 5987(327KB) AllocSpace objects, 0(0B) LOS objects, 25% free, 20MB/27MB, paused 318us total 16.889ms
D/MdnsClient(30825): received a packet of length 40
I/art     (30032): Explicit concurrent mark sweep GC freed 11306(616KB) AllocSpace objects, 0(0B) LOS objects, 21% free, 59MB/75MB, paused 1.225ms total 97.527ms
D/MdnsClient(30825): received a packet of length 40
I/art     (30032): Explicit concurrent mark sweep GC freed 3985(160KB) AllocSpace objects, 0(0B) LOS objects, 21% free, 59MB/75MB, paused 1.995ms total 111.769ms
I/art     (27548): Explicit concurrent mark sweep GC freed 8831(414KB) AllocSpace objects, 0(0B) LOS objects, 25% free, 20MB/27MB, paused 205us total 11.129ms
I/art     ( 1695): Explicit concurrent mark sweep GC freed 33414(1793KB) AllocSpace objects, 60(960KB) LOS objects, 13% free, 50MB/58MB, paused 478us total 40.823ms
D/MdnsClient(30825): received a packet of length 40
I/art     (30032): Explicit concurrent mark sweep GC freed 3517(138KB) AllocSpace objects, 0(0B) LOS objects, 21% free, 59MB/75MB, paused 1.518ms total 140.388ms
D/MdnsClient(30825): received a packet of length 298
D/MdnsClient(30825): mDNS response: Nexus Player._googlecast._tcp.local.
D/DeviceScanner(30825): [MDNS] got a response: PTR? true, SRV? true, TXT? true, A? true
D/DeviceScanner(30825): [MDNS] service instance: Nexus Player._googlecast._tcp.local.
D/MdnsClient(30825): received a packet of length 282
D/MdnsClient(30825): mDNS response: Cartland Chromecast._googlecast._tcp.local.
D/DeviceScanner(30825): [MDNS] got a response: PTR? true, SRV? true, TXT? true, A? true
D/DeviceScanner(30825): [MDNS] service instance: Cartland Chromecast._googlecast._tcp.local.
I/art     (27548): Explicit concurrent mark sweep GC freed 10102(470KB) AllocSpace objects, 0(0B) LOS objects, 25% free, 20MB/27MB, paused 349us total 17.770ms
I/Metrics:BatchTransmitte(25781): QueuePusher.sendBatches - Drained batch queue.; Number of NORMAL queue batches sent: 0
I/Metrics:BatchTransmitte(25781): QueuePusher.sendBatches - Drained batch queue.; Number of HIGH queue batches sent: 0
I/art     (30032): Explicit concurrent mark sweep GC freed 4452(219KB) AllocSpace objects, 0(0B) LOS objects, 21% free, 59MB/75MB, paused 1.129ms total 100.865ms
I/art     ( 1695): Explicit concurrent mark sweep GC freed 425(16KB) AllocSpace objects, 0(0B) LOS objects, 13% free, 49MB/57MB, paused 272us total 25.483ms
I/GAV2    ( 1695): Thread[GAThread,5,main]: No campaign data found.
I/GAV2    ( 1712): Thread[GAThread,5,main]: No campaign data found.
I/art     (27548): Explicit concurrent mark sweep GC freed 9848(453KB) AllocSpace objects, 0(0B) LOS objects, 25% free, 20MB/27MB, paused 367us total 30.862ms
I/BackgroundTask( 1695): writeResults: num written: 2
I/BackgroundTask( 1712): writeResults: num written: 0
I/ActivityManager(30032): Killing 1185:com.google.android.apps.enterprise.dmagent/u0a40 (adj 13): empty #17
W/art     (30032): Long monitor contention event with owner method=void com.android.server.am.ActivityManagerService.serviceDoneExecuting(android.os.IBinder, int, int, int) from ActivityManagerService.java:14955 waiters=1 for 211ms
W/libprocessgroup(30032): failed to open /acct/uid_10040/pid_1185/cgroup.procs: No such file or directory
I/art     (30032): Explicit concurrent mark sweep GC freed 3547(142KB) AllocSpace objects, 0(0B) LOS objects, 21% free, 59MB/75MB, paused 2.051ms total 128.702ms
I/PowerManagerService(30032): Waking up from dozing (uid 1000)...
V/KeyguardServiceDelegate(30032): onScreenTurnedOn(showListener = com.android.internal.policy.impl.PhoneWindowManager$2@23da93bd)
I/DisplayPowerController(30032): Blocking screen on until initial contents have been drawn.
V/KeyguardServiceDelegate(30032): **** SHOWN CALLED ****
D/SurfaceFlinger(  246): Set power mode=2, type=0 flinger=0xb6962000
D/qdhwcomposer(  246): hwc_setPowerMode: Setting mode 2 on display: 0
V/ActivityManager(30032): Display changed displayId=0
I/DisplayManagerService(30032): Display device changed: DisplayDeviceInfo{"Built-in Screen": 1440 x 2560, 60.0 fps, supportedRefreshRates [60.0], density 560, 494.27 x 492.606 dpi, appVsyncOff 7500000, presDeadline 12666667, touch INTERNAL, rotation 0, type BUILT_IN, state ON, FLAG_DEFAULT_DISPLAY, FLAG_ROTATES_WITH_CONTENT, FLAG_SECURE, FLAG_SUPPORTS_PROTECTED_BUFFERS}
V/ActivityManager(30032): Display changed displayId=0
W/Settings(31826): Setting bugreport_in_power_menu has moved from android.provider.Settings.Secure to android.provider.Settings.Global.
D/audio_hw_primary(30011): adev_set_parameters: enter: screen_state=on
E/audio_a2dp_hw(30011): adev_set_parameters: ERROR: set param called even when stream out is null
D/mot_vr_audio_hw(30011): adev_set_parameters: screen_state=on
I/DisplayPowerController(30032): Unblocked screen on after 159 ms
E/native  (30032): do suspend false
D/BrcmNfcJni(30568): RoutingManager::nfaEeCallback: NFA_EE_SET_TECH_CFG_EVT; status=0x0
D/BrcmNfcJni(30568): RoutingManager::nfaEeCallback: NFA_EE_SET_PROTO_CFG_EVT; status=0x0
D/BrcmNfcJni(30568): RoutingManager::commitRouting
D/BrcmNfcJni(30568): RoutingManager::nfaEeCallback: NFA_EE_UPDATED_EVT
I/qdhwcomposer(  246): handle_blank_event: dpy:0 panel power state: 1
D/qdhwcomposer(  246): hwc_setPowerMode: Done setting mode 2 on display 0
D/SurfaceControl(30032): Excessive delay in setPowerMode(): 246ms
I/DreamManagerService(30032): Gently waking up from dream.
I/art     ( 1695): Explicit concurrent mark sweep GC freed 31002(1610KB) AllocSpace objects, 56(896KB) LOS objects, 13% free, 50MB/58MB, paused 293us total 33.903ms
I/DreamManagerService(30032): Leaving dreamland.
I/DreamController(30032): Stopping dream: name=ComponentInfo{com.android.systemui/com.android.systemui.doze.DozeService}, isTest=false, canDoze=true, userId=0
D/WifiService(30032): acquireWifiLockLocked: WifiLock{NlpWifiLock type=2 binder=android.os.BinderProxy@25a007d4}
D/WifiService(30032): acquireWifiLockLocked: WifiLock{NlpWifiLock type=2 binder=android.os.BinderProxy@297e1d7d}
E/WifiStateMachine(30032): WifiStateMachine CMD_START_SCAN source 1010011 txSuccessRate=0.00 rxSuccessRate=0.00 targetRoamBSSID=any RSSI=-65
I/wpa_supplicant(30136): wlan0: CTRL-EVENT-SCAN-STARTED 
I/art     (30032): Explicit concurrent mark sweep GC freed 14799(979KB) AllocSpace objects, 3(43KB) LOS objects, 21% free, 59MB/75MB, paused 1.263ms total 82.574ms
D/LocationFilter(31226): Forcing stable location. Original location:Location[fused 35.554230,-120.729892 acc=20 et=+3d23h30m54s870ms] because SMD didn't trigger.
D/WifiService(30032): releaseWifiLockLocked: WifiLock{NlpWifiLock type=2 binder=android.os.BinderProxy@25a007d4}
D/WifiService(30032): acquireWifiLockLocked: WifiLock{NlpWifiLock type=2 binder=android.os.BinderProxy@25a007d4}
E/WifiStateMachine(30032): WifiStateMachine CMD_START_SCAN source 10011 txSuccessRate=0.00 rxSuccessRate=0.00 targetRoamBSSID=any RSSI=-65
I/art     (30496): Explicit concurrent mark sweep GC freed 22204(2MB) AllocSpace objects, 0(0B) LOS objects, 38% free, 25MB/41MB, paused 653us total 39.084ms
I/GCoreUlr(31226): Successfully inserted location
I/GCoreUlr(31226): Not calling LocationReporter, hasMoved: false, elapsed millis: 136247, request: Stationary(3600000)
I/art     (27548): Explicit concurrent mark sweep GC freed 8065(383KB) AllocSpace objects, 0(0B) LOS objects, 25% free, 20MB/27MB, paused 209us total 10.020ms
D/DeviceScanner(30825): [CastNearby] Wifi scan complete - checking for CastNearby device.
D/DeviceScanner(24962): [CastNearby] Number of results: 2
D/DeviceScanner(24962): [CastNearby] CastNearby device within wifi range fa:8f:ca:3b:4e:79
D/DeviceScanner(24962): [CastNearby] unpaired device found - FA:8F:CA:3B:4E:79
D/DeviceScanner(24962): [CastNearby] updateCastNearbyRoute: adding mUnpairedDeviceNearby __cast_nearby___1
D/DeviceFilter(24962): [MiniDeviceController-1] ACTIVATE
D/CastNearbyDeviceFilter(24962): startFiltering
D/DeviceFilter(24962): [MiniDeviceController-1] finish()
D/DeviceFilter(24962): [MiniDeviceController-1] DEACTIVATE; finished=true; socket status=0
D/CastNearbyDeviceFilter(24962): stopFiltering
D/DeviceFilter(24962): [MiniDeviceController-1] got socket state: 0
D/CastMediaRouteProvider(24962): onDeviceAcceptedByFilter: "Nearby device" (__cast_nearby___1)
W/CastMediaRouteProvider(24962): addOrUpdateDevice: device: "Nearby device" (__cast_nearby___1) applicationName: null
D/DeviceScanner(30825): [CastNearby] Number of results: 2
D/DeviceScanner(30825): [CastNearby] CastNearby device within wifi range
D/DeviceScanner(30825): [CastNearby] Wifi scan check complete.
D/DeviceScanner(30825): [CastNearby] updateCastNearbyRoute: adding mUnpairedDeviceNearby __cast_nearby___1
D/DeviceScanner(30825): [CastNearby] notifyDeviceOnline: "Nearby device" (__cast_nearby___1)
D/CastMediaRouteProvider(30825): DeviceScanner.Listener#onDeviceOnline: "Nearby device" (__cast_nearby___1)
D/CastMediaRouteProvider(24962): local device found removing all cast nearby routes - 1
D/DeviceFilter(30825): [MiniDeviceController-1] ACTIVATE
D/CastNearbyDeviceFilter(30825): startFiltering
D/CastMediaRouteProvider(24962): published 2 routes
D/DeviceFilter(30825): [MiniDeviceController-1] onAppIdApproved: C54DBC0F
D/CastNearbyDeviceFilter(30825): # of requests: 0
D/DeviceFilter(30825): [MiniDeviceController-1] onFilteringFinished
D/DeviceFilter(30825): [MiniDeviceController-1] finish()
D/DeviceFilter(30825): [MiniDeviceController-1] DEACTIVATE; finished=true; socket status=0
D/CastNearbyDeviceFilter(30825): stopFiltering
D/DeviceFilter(30825): [MiniDeviceController-1] got socket state: 0
D/CastMediaRouteProvider(30825): onDeviceAcceptedByFilter: "Nearby device" (__cast_nearby___1)
W/CastMediaRouteProvider(30825): addOrUpdateDevice: device: "Nearby device" (__cast_nearby___1) applicationName: null
D/CastMediaRouteProvider(30825): merging in criteria for existing device Nearby device
D/CastMediaRouteProvider(30825): buildRouteDescriptorForDevice: id=204f6eeddb184aaa9b37fe812970fb5b, description=Nexus Player, connecting=false, volume=0
D/CastMediaRouteProvider(30825): buildRouteDescriptorForDevice: id=__cast_nearby___1, description=Nearby device, connecting=false, volume=0
D/CastMediaRouteProvider(30825): buildRouteDescriptorForDevice: id=e361b33a05f4431ae9c68b057e6f0da5, description=Cartland Chromecast, connecting=false, volume=0
D/CastMediaRouteProvider(30825): local device found removing all cast nearby routes - 1
D/CastMediaRouteProvider(30825): published 2 routes
D/WifiService(30032): releaseWifiLockLocked: WifiLock{NlpWifiLock type=2 binder=android.os.BinderProxy@297e1d7d}
D/WifiService(30032): releaseWifiLockLocked: WifiLock{NlpWifiLock type=2 binder=android.os.BinderProxy@25a007d4}
W/LocationOracleImpl(  932): Not started: ignore location
W/InputMethodInfo(30032): Duplicated subtype definition found: , voice
D/WifiService(30032): New client listening to asynchronous messages
D/WifiService(30032): acquireWifiLockLocked: WifiLock{NlpWifiLock type=2 binder=android.os.BinderProxy@297e1d7d}
E/WifiStateMachine(30032): WifiStateMachine CMD_START_SCAN source 1010011 txSuccessRate=0.00 rxSuccessRate=0.00 targetRoamBSSID=any RSSI=-65
I/wpa_supplicant(30136): wlan0: CTRL-EVENT-SCAN-STARTED 
W/GAV2    (  932): Thread[main,5,main]: Need to call initialize() and be in fallback mode to start dispatch.
I/ActivityManager(30032): Start proc com.android.providers.calendar for content provider com.android.providers.calendar/.CalendarProvider2: pid=1826 uid=1010003 gids={50003, 1009997, 3003, 1028, 1015} abi=armeabi-v7a
W/HandlerScheduledExecuto(  932): Task does not implement UiTask. Consider using NamedUiRunnable for gce@1d847423
W/ResourcesManager( 1826): Asset path '/system/framework/android.test.runner.jar' does not exist or contains no resources.
I/CalendarProvider2( 1826): Created com.android.providers.calendar.CalendarAlarmManager@37204073(com.android.providers.calendar.CalendarProvider2@1850ab30)
W/HandlerScheduledExecuto(  932): Task does not implement UiTask. Consider using NamedUiRunnable for gce@1d847423
I/art     (30032): Explicit concurrent mark sweep GC freed 14366(834KB) AllocSpace objects, 1(16KB) LOS objects, 21% free, 59MB/75MB, paused 1.342ms total 88.657ms
D/DeviceScanner(30825): [CastNearby] Wifi scan complete - checking for CastNearby device.
D/DeviceScanner(30825): [CastNearby] Number of results: 1
D/DeviceScanner(30825): [CastNearby] Wifi scan check complete.
D/DeviceScanner(30825): [CastNearby] notifyDeviceOffline: "Nearby device" (__cast_nearby___1)
D/CastMediaRouteProvider(30825): DeviceScanner.Listener#onDeviceOffline: "Nearby device" (__cast_nearby___1)
D/CastMediaRouteProvider(30825): Removing Device: "Nearby device" (__cast_nearby___1)
D/CastMediaRouteProvider(30825): buildRouteDescriptorForDevice: id=204f6eeddb184aaa9b37fe812970fb5b, description=Nexus Player, connecting=false, volume=0
D/CastMediaRouteProvider(30825): buildRouteDescriptorForDevice: id=e361b33a05f4431ae9c68b057e6f0da5, description=Cartland Chromecast, connecting=false, volume=0
D/CastMediaRouteProvider(30825): local device found removing all cast nearby routes - 0
D/CastMediaRouteProvider(30825): published 2 routes
D/DeviceScanner(24962): [CastNearby] Number of results: 1
D/CastMediaRouteProvider(24962): Removing Device: "Nearby device" (__cast_nearby___1)
D/CastMediaRouteProvider(24962): local device found removing all cast nearby routes - 0
D/CastMediaRouteProvider(24962): published 2 routes
D/WifiService(30032): releaseWifiLockLocked: WifiLock{NlpWifiLock type=2 binder=android.os.BinderProxy@297e1d7d}
I/CalendarProvider2( 1826): Sending notification intent: Intent { act=android.intent.action.PROVIDER_CHANGED dat=content://com.android.calendar }
W/ContentResolver( 1826): Failed to get type for: content://com.android.calendar (Unknown URL content://com.android.calendar)
I/ActivityManager(30032): Start proc com.google.android.calendar for broadcast com.google.android.calendar/com.android.calendar.alerts.AlertReceiver: pid=1848 uid=1010131 gids={50131, 1009997, 3003, 1028, 1015} abi=armeabi-v7a
I/ActivityManager(30032): Killing 1278:com.fandango/u0a183 (adj 13): empty #17
W/art     (30032): Long monitor contention event with owner method=void com.android.server.am.ActivityManagerService.serviceDoneExecuting(android.os.IBinder, int, int, int) from ActivityManagerService.java:14955 waiters=0 for 108ms
W/libprocessgroup(30032): failed to open /acct/uid_10183/pid_1278/cgroup.procs: No such file or directory
E/SQLiteLog( 1848): (283) recovered 86 frames from WAL file /data/user/10/com.google.android.calendar/databases/timelydata.db-wal
I/AnalyticsLogBase( 1848): PlayLogger.onLoggerConnected
E/WifiStateMachine(30032): WifiStateMachine CMD_START_SCAN source -2 txSuccessRate=0.00 rxSuccessRate=0.00 targetRoamBSSID=any RSSI=-65
I/wpa_supplicant(30136): wlan0: CTRL-EVENT-SCAN-STARTED 
E/SQLiteLog(  648): (284) automatic index on sqlite_sq_AF82EEC0(STAT_DATA_ID)
D/DeviceScanner(30825): [CastNearby] Wifi scan complete - checking for CastNearby device.
D/DeviceScanner(24962): [CastNearby] Number of results: 1
D/CastMediaRouteProvider(24962): Removing Device: "Nearby device" (__cast_nearby___1)
D/CastMediaRouteProvider(24962): local device found removing all cast nearby routes - 0
D/CastMediaRouteProvider(24962): published 2 routes
D/DeviceScanner(30825): [CastNearby] Number of results: 1
D/DeviceScanner(30825): [CastNearby] Wifi scan check complete.
D/DeviceScanner(30825): [CastNearby] notifyDeviceOffline: "Nearby device" (__cast_nearby___1)
D/CastMediaRouteProvider(30825): DeviceScanner.Listener#onDeviceOffline: "Nearby device" (__cast_nearby___1)
D/CastMediaRouteProvider(30825): Removing Device: "Nearby device" (__cast_nearby___1)
D/CastMediaRouteProvider(30825): buildRouteDescriptorForDevice: id=204f6eeddb184aaa9b37fe812970fb5b, description=Nexus Player, connecting=false, volume=0
D/CastMediaRouteProvider(30825): buildRouteDescriptorForDevice: id=e361b33a05f4431ae9c68b057e6f0da5, description=Cartland Chromecast, connecting=false, volume=0
D/CastMediaRouteProvider(30825): local device found removing all cast nearby routes - 0
D/CastMediaRouteProvider(30825): published 2 routes
I/ActivityManager(30032): Killing 648:android.process.acore/u10a5 (adj 13): empty #17
W/libprocessgroup(30032): failed to open /acct/uid_1010005/pid_648/cgroup.procs: No such file or directory
I/GAV2    (  932): Thread[GAThread,5,main]: No campaign data found.
I/GAV2    ( 1848): Thread[GAThread,5,main]: No campaign data found.
I/ActivityManager(30032): Killing 693:com.android.musicfx/u10a18 (adj 13): empty #17
W/libprocessgroup(30032): failed to open /acct/uid_1010018/pid_693/cgroup.procs: No such file or directory
D/WifiService(30032): acquireWifiLockLocked: WifiLock{NlpWifiLock type=2 binder=android.os.BinderProxy@304f7707}
D/LocationFilter(31226): Forcing stable location. Original location:Location[fused 35.554230,-120.729893 acc=13 et=+3d23h31m5s143ms] because SMD didn't trigger.
D/WifiService(30032): releaseWifiLockLocked: WifiLock{NlpWifiLock type=2 binder=android.os.BinderProxy@304f7707}
D/MdnsClient(30825): received a packet of length 575
D/MdnsClient(30825): received a packet of length 575
D/MdnsClient(30825): received a packet of length 575
D/MdnsClient(30825): received a packet of length 575
D/MdnsClient(30825): received a packet of length 575
D/MdnsClient(30825): received a packet of length 575
I/ActivityManager(30032): START u0 {act=android.intent.action.MAIN cat=[android.intent.category.HOME] flg=0x10200000 cmp=com.google.android.googlequicksearchbox/com.google.android.launcher.GEL} from uid 1000 on display 0
V/ActivityManager(30032): Display changed displayId=0
I/GEL     (30629): handleIntent(Intent { act=android.intent.action.MAIN cat=[android.intent.category.HOME] flg=0x10600000 cmp=com.google.android.googlequicksearchbox/com.google.android.launcher.GEL })
I/MicrophoneInputStream(28155): mic_starting gzi@2119198a
I/HotwordRecognitionRnr(28155): Starting hotword detection.
I/AudioFlinger(30011): AudioFlinger's thread 0xb2513000 ready to run
W/SoundTriggerHelper(30032): Recognition aborted
I/MicrophoneInputStream(28155): mic_started gzi@2119198a
I/AlwaysOnHotwordDetector(30340): onRecognitionPaused
I/GsaVoiceInteractionSrv(30340): onRecognitionPaused
D/audio_hw_primary(30011): select_devices: out_snd_device(0: none) in_snd_device(55: voice-rec-mic)
D/msm8974_platform(30011): platform_send_audio_calibration: sending audio calibration for snd_device(55) acdb_id(62)
E/ACDB-LOADER(30011): Error: ACDB AudProc vol returned = -19
D/audio_hw_primary(30011): enable_snd_device: snd_device(55: voice-rec-mic)
D/audio_hw_primary(30011): enable_audio_route: apply and update mixer path: audio-record
I/HotwordWorker(28155): onReady
D/HeadsetStateMachine(32105): Disconnected process message: 10, size: 0
W/OpenGLRenderer(30629): Incorrectly called buildLayer on View: aep, destroying layer...
W/OpenGLRenderer(30629): Incorrectly called buildLayer on View: aep, destroying layer...
I/MicrophoneInputStream(28155): mic_close gzi@2119198a
D/audio_hw_primary(30011): disable_audio_route: reset and update mixer path: audio-record
D/audio_hw_primary(30011): disable_snd_device: snd_device(55: voice-rec-mic)
I/HotwordRecognitionRnr(28155): Stopping hotword detection.
I/HotwordRecognitionRnr(28155): Hotword detection finished
I/AlwaysOnHotwordDetector(30340): onRecognitionResumed
I/GsaVoiceInteractionSrv(30340): onRecognitionResumed
D/com.facebook.AppEventsLogger(  960): Caught unexpected exception while flushing: java.lang.NullPointerException: Attempt to invoke virtual method 'java.lang.String com.facebook.internal.AttributionIdentifiers.getAttributionId()' on a null object reference
I/art     (30629): Background sticky concurrent mark sweep GC freed 101846(4MB) AllocSpace objects, 8(2MB) LOS objects, 8% free, 80MB/87MB, paused 5.276ms total 39.110ms
I/ActivityManager(30032): START u0 {act=android.intent.action.MAIN cat=[android.intent.category.LAUNCHER] flg=0x10200000 cmp=com.chriscartland.spaceshooter/com.unity3d.player.UnityPlayerNativeActivity (has extras)} from uid 10028 on display 0
I/art     ( 1907): Late-enabling -Xcheck:jni
I/ActivityManager(30032): Start proc com.chriscartland.spaceshooter for activity com.chriscartland.spaceshooter/com.unity3d.player.UnityPlayerNativeActivity: pid=1907 uid=10190 gids={50190, 9997, 3003, 1028, 1015} abi=armeabi-v7a
D/ReachabilityService( 1207): shutting down
D/ReachabilityService( 1207): sendNewState
D/ReachabilityService( 1207): unregisterNetworkStateReceiver
I/ActivityManager(30032): Killing 1207:com.nbcuni.nbc/u0a188 (adj 13): empty #17
W/libprocessgroup(30032): failed to open /acct/uid_10188/pid_1207/cgroup.procs: No such file or directory
I/Unity   ( 1907): gles_mode = 0 (integer)
I/Unity   ( 1907): splash_mode = 0 (integer)
I/Unity   ( 1907): hide_status_bar = True (bool)
I/Unity   ( 1907): useObb = False (bool)
I/Unity   ( 1907): development_player = True (bool)
D/Unity   ( 1907): surfaces: attach glview
I/Unity   ( 1907): onResume
I/art     (30032): Explicit concurrent mark sweep GC freed 27739(1524KB) AllocSpace objects, 4(1829KB) LOS objects, 20% free, 61MB/77MB, paused 1.809ms total 114.497ms
D/Unity   ( 1907): [EGL] Attaching window 0xaf548408
I/Unity   ( 1907): windowFocusChanged: true
D/Unity   ( 1907): SystemInfo CPU = ARMv7 VFPv3 NEON, Cores = 4, Memory = 2970mb
I/ActivityManager(30032): Displayed com.chriscartland.spaceshooter/com.unity3d.player.UnityPlayerNativeActivity: +454ms
D/Unity   ( 1907): [SHA1] 8dd163d7e9205e8f305145bf7e240b31ef91c27e   16336175 bytes ~ lib/armeabi-v7a/libunity.so
D/Unity   ( 1907): [SHA1] b7b7eba3c894f1441d8f0a2e4783abd28b2c97d1   17860668 bytes ~ lib/x86/libunity.so
D/Unity   ( 1907): Mono path[0] = '/data/app/com.chriscartland.spaceshooter-2/base.apk/assets/bin/Data/Managed'
D/Unity   ( 1907): Mono config path = 'assets/bin/Data/Managed'
D/Unity   ( 1907): PlayerConnection initialized from /data/app/com.chriscartland.spaceshooter-2/base.apk/assets/bin/Data (debug = 0)
D/Unity   ( 1907): PlayerConnection initialized network socket : 0.0.0.0 55491
D/Unity   ( 1907): PlayerConnection initialized unix socket : Unity-com.chriscartland.spaceshooter
D/Unity   ( 1907): Multi-casting "[IP] 192.168.2.40 [Port] 55491 [Flags] 2 [Guid] 656271943 [EditorId] 3347818614 [Version] 1048832 [Id] AndroidPlayer(motorola_Nexus_6@192.168.2.40) [Debug] 0" to [225.0.0.222:54997]...
D/Unity   ( 1907): InitializeMonoFromMain OK (b3fccee0)
D/Unity   ( 1907): PlayerConnection already initialized - listening to [192.168.2.40:55491]
D/Unity   ( 1907): PlayerInitEngineNoGraphics OK
I/Adreno  ( 1907): EGLInit: QTI Build: 10/14/14, 40a273b, I86da836d38
D/Unity   ( 1907): [EGL] Request: ES2 RGB24 888 24/8
I/Adreno  ( 1907): Unknown config attribute query: 0x30e1
I/Adreno  ( 1907): Unknown config attribute query: 0x30e2
D/Unity   ( 1907): [EGL] Selected: ES2 RGB24 888 24/8
D/Unity   ( 1907): Renderer: Adreno (TM) 420
D/Unity   ( 1907): Vendor:   Qualcomm
D/Unity   ( 1907): Version:  OpenGL ES 3.0V@95.0 (GIT@I86da836d38)
D/Unity   ( 1907): GL_EXT_debug_marker GL_OES_EGL_image GL_OES_EGL_image_external GL_OES_EGL_sync GL_OES_vertex_half_float GL_OES_framebuffer_object GL_OES_rgb8_rgba8 GL_OES_compressed_ETC1_RGB8_texture GL_AMD_compressed_ATC_texture GL_KHR_texture_compression_astc_ldr GL_OES_texture_npot GL_EXT_texture_filter_anisotropic GL_EXT_texture_format_BGRA8888 GL_OES_texture_3D GL_EXT_color_buffer_float GL_EXT_color_buffer_half_float GL_QCOM_alpha_test GL_OES_depth24 GL_OES_packed_depth_stencil GL_OES_depth_texture GL_OES_depth_texture_cube_map GL_EXT_sRGB GL_OES_texture_float GL_OES_texture_float_linear GL_OES_texture_half_float GL_OES_texture_half_float_linear GL_EXT_texture_type_2_10_10_10_REV GL_EXT_texture_sRGB_decode GL_OES_element_index_uint GL_EXT_copy_image GL_EXT_geometry_shader GL_EXT_tessellation_shader GL_OES_texture_stencil8 GL_EXT_shader_io_blocks GL_OES_shader_image_atomic GL_OES_sample_variables GL_EXT_texture_border_clamp GL_EXT_multisampled_render_to_texture GL_OES_shader_multisample_interpolation GL_EXT_draw_buffers
D/Unity   ( 1907): _indexed GL_EXT_gpu_shader5 GL_EXT_robustness GL_EXT_texture_buffer GL_OES_texture_storage_multisample_2d_array GL_OES_sample_shading GL_OES_get_program_binary GL_EXT_debug_label GL_KHR_blend_equation_advanced GL_KHR_blend_equation_advanced_coherent GL_QCOM_tiled_rendering GL_ANDROID_extension_pack_es31a GL_EXT_primitive_bounding_box GL_OES_standard_derivatives GL_OES_vertex_array_object GL_KHR_debug 
D/Unity   ( 1907): Creating OpenGLES2.0 graphics device
D/Unity   ( 1907): InitializeGfxDevice OK
D/Unity   ( 1907): Initialize engine version: 4.6.1f1 (d1db7a1b5196)
W/libc    ( 1907): pthread_create sched_setscheduler call failed: Operation not permitted
D/Unity   ( 1907): Begin MonoManager ReloadAssembly
D/Unity   ( 1907): Platform assembly: /data/app/com.chriscartland.spaceshooter-2/base.apk/assets/bin/Data/Managed/UnityEngine.dll (this message is harmless)
D/Unity   ( 1907): Loading /data/app/com.chriscartland.spaceshooter-2/base.apk/assets/bin/Data/Managed/UnityEngine.dll into Unity Child Domain
D/audio_hw_primary(30011): out_set_parameters: enter: usecase(1: low-latency-playback) kvpairs: routing=2
D/audio_hw_primary(30011): select_devices: out_snd_device(2: speaker) in_snd_device(0: none)
D/msm8974_platform(30011): platform_send_audio_calibration: sending audio calibration for snd_device(2) acdb_id(15)
E/ACDB-LOADER(30011): Error: ACDB AFE returned = -19
D/audio_hw_primary(30011): enable_snd_device: snd_device(2: speaker)
D/audio_hw_primary(30011): enable_audio_route: apply and update mixer path: low-latency-playback speaker
D/Unity   ( 1907): Platform assembly: /data/app/com.chriscartland.spaceshooter-2/base.apk/assets/bin/Data/Managed/Assembly-CSharp.dll (this message is harmless)
D/Unity   ( 1907): Loading /data/app/com.chriscartland.spaceshooter-2/base.apk/assets/bin/Data/Managed/Assembly-CSharp.dll into Unity Child Domain
D/Unity   ( 1907): Platform assembly: /data/app/com.chriscartland.spaceshooter-2/base.apk/assets/bin/Data/Managed/UnityEngine.UI.dll (this message is harmless)
D/Unity   ( 1907): Loading /data/app/com.chriscartland.spaceshooter-2/base.apk/assets/bin/Data/Managed/UnityEngine.UI.dll into Unity Child Domain
D/Unity   ( 1907): - Completed reload, in  0.094 seconds
D/Unity   ( 1907): PlayerInitEngineGraphics OK
D/Unity   ( 1907): Found 35 native sensors
D/Unity   ( 1907): Sensor :        Accelerometer ( 1) ; 0.039230 / 0.00s ; Invensense Accelerometer / Invensense Inc. 
D/Unity   ( 1907): Sensor :        Accelerometer ( 1) ; 0.039230 / 0.00s ; Invensense Accelerometer / Invensense Inc. 
D/Unity   ( 1907): Platform assembly: /data/app/com.chriscartland.spaceshooter-2/base.apk/assets/bin/Data/Managed/System.Core.dll (this message is harmless)
D/Unity   ( 1907): WARNING: Shader 
D/Unity   ( 1907): Unsupported: 'Reflective/VertexLit' - Pass 'BASE' shader state not supported
D/Unity   ( 1907): Platform assembly: /data/app/com.chriscartland.spaceshooter-2/base.apk/assets/bin/Data/Managed/System.dll (this message is harmless)
W/SensorService(30032): sensor 00000000 already enabled in connection 0x98451400 (ignoring)
D/Unity   ( 1907): Sensor :        Accelerometer ( 1) ; 0.039230 / 0.00s ; Invensense Accelerometer / Invensense Inc. 
I/WindowState(30032): WIN DEATH: Window{13cf00f4 u0 com.chriscartland.spaceshooter/com.unity3d.player.UnityPlayerNativeActivity}
W/WindowManager(30032): Force-removing child win Window{2d8b83bf u0 SurfaceView} from container Window{13cf00f4 u0 com.chriscartland.spaceshooter/com.unity3d.player.UnityPlayerNativeActivity}
I/Zygote  (29778): Process 1907 exited due to signal (11)
I/ActivityManager(30032): Process com.chriscartland.spaceshooter (pid 1907) has died
W/ActivityManager(30032): Force removing ActivityRecord{32b332da u0 com.chriscartland.spaceshooter/com.unity3d.player.UnityPlayerNativeActivity t3172}: app died, no saved state
W/WindowManager(30032): Failed looking up window
W/WindowManager(30032): java.lang.IllegalArgumentException: Requested window android.os.BinderProxy@3225f01d does not exist
W/WindowManager(30032): 	at com.android.server.wm.WindowManagerService.windowForClientLocked(WindowManagerService.java:8412)
W/WindowManager(30032): 	at com.android.server.wm.WindowManagerService.windowForClientLocked(WindowManagerService.java:8403)
W/WindowManager(30032): 	at com.android.server.wm.WindowState$DeathRecipient.binderDied(WindowState.java:1113)
W/WindowManager(30032): 	at android.os.BinderProxy.sendDeathNotice(Binder.java:551)
I/WindowState(30032): WIN DEATH: null
W/AudioPolicyManager(30011): unregisterEffect() unknown effect ID 1670
W/AudioFlinger(30011): session id 1669 not found for pid 1907
W/AudioFlinger(30011): removeEffect_l() 0xb5ba3000 cannot promote chain for effect 0xb289ec00
W/AudioPolicyManager(30011): unregisterEffect() unknown effect ID 1670
W/InputMethodManagerService(30032): Got RemoteException sending setActive(false) notification to pid 1907 uid 10190
D/TaskPersister(30032): removeObsoleteFile: deleting file=3171_task.xml
E/WifiStateMachine(30032): WifiStateMachine CMD_START_SCAN source -2 txSuccessRate=7.38 rxSuccessRate=7.22 targetRoamBSSID=any RSSI=-70
E/WifiStateMachine(30032): WifiStateMachine starting scan for "Cartland"WPA_PSK with 2447
I/wpa_supplicant(30136): wlan0: CTRL-EVENT-SCAN-STARTED 
W/Uploader(30496): No account for auth token provided
W/Uploader(30496): No account for auth token provided
W/Uploader(30496): No account for auth token provided
D/audio_hw_primary(30011): disable_audio_route: reset and update mixer path: low-latency-playback speaker
D/audio_hw_primary(30011): disable_snd_device: snd_device(2: speaker)
W/Uploader(30496): No account for auth token provided
W/Uploader(30496): No account for auth token provided
W/Uploader(30496): No account for auth token provided
W/Uploader(30496): No account for auth token provided
D/MdnsClient(30825): received a packet of length 40
D/MdnsClient(30825): received a packet of length 282
D/MdnsClient(30825): mDNS response: Cartland Chromecast._googlecast._tcp.local.
D/DeviceScanner(30825): [MDNS] got a response: PTR? true, SRV? true, TXT? true, A? true
