D/DeviceScanner(30825): [MDNS] service instance: Cartland Chromecast._googlecast._tcp.local.
D/MdnsClient(30825): received a packet of length 310
D/MdnsClient(30825): received a packet of length 298
D/MdnsClient(30825): mDNS response: Nexus Player._googlecast._tcp.local.
D/DeviceScanner(30825): [MDNS] got a response: PTR? true, SRV? true, TXT? true, A? true
D/DeviceScanner(30825): [MDNS] service instance: Nexus Player._googlecast._tcp.local.
D/MdnsClient(30825): received a packet of length 575
D/MdnsClient(30825): received a packet of length 575
D/MdnsClient(30825): received a packet of length 575
D/MdnsClient(30825): received a packet of length 575
I/ActivityManager(30032): Start proc com.google.android.talk for service com.google.android.talk/com.google.android.apps.hangouts.realtimechat.BackgroundGcmTickleService: pid=1956 uid=1010132 gids={50132, 1009997, 3003, 1028, 1015, 3002} abi=armeabi-v7a
E/WifiStateMachine(30032): WifiStateMachine CMD_START_SCAN source -2 txSuccessRate=6.77 rxSuccessRate=4.08 targetRoamBSSID=any RSSI=-68
I/wpa_supplicant(30136): wlan0: CTRL-EVENT-SCAN-STARTED 
W/ResourcesManager( 1956): Asset path '/system/framework/com.google.android.media.effects.jar' does not exist or contains no resources.
I/Babel   ( 1956): MmsConfig: mnc/mcc: 310/260
I/Babel   ( 1956): MmsConfig.loadMmsSettings
I/Babel   ( 1956): MmsConfig.loadDeviceMmsSettings from API: mUserAgent=nexus6, mUaProfUrl=http://uaprof.motorola.com/phoneconfig/nexus6/Profile/nexus6.rdf
I/Babel   ( 1956): MmsConfig.loadFromDatabase
E/SQLiteLog( 1956): (1) no such table: mmsconfig
I/Babel   ( 1956): MmsConfig: no mmsconfig table android.database.sqlite.SQLiteException: no such table: mmsconfig (code 1): , while compiling: SELECT key, value, type FROM mmsconfig WHERE numeric=?
I/Babel   ( 1956): MmsConfig.loadFromResources
E/Babel   ( 1956): canonicalizeMccMnc: invalid mccmnc nullnull
W/Babel   ( 1956): MmsConfig: invalid key=userAgent or type=string
W/Babel   ( 1956): MmsConfig: invalid key=uaProfUrl or type=string
I/Babel   ( 1956): MmsConfig.loadMmsSettings: mUserAgent=nexus6, mUaProfUrl=http://uaprof.motorola.com/phoneconfig/nexus6/Profile/nexus6.rdf
W/Settings( 1956): Setting airplane_mode_on has moved from android.provider.Settings.System to android.provider.Settings.Global, returning read-only value.
I/Babel_StickerModule( 1956): App launched.
D/GCM     (30496): GcmService start Intent { act=com.google.android.gcm.intent.SEND flg=0x10 pkg=com.google.android.gms cmp=com.google.android.gms/.gcm.GcmService (has extras) } com.google.android.gcm.intent.SEND
W/VideoCapabilities( 1956): Unrecognized profile 2130706433 for video/avc
I/VideoCapabilities( 1956): Unsupported profile 4 for video/mp4v-es
I/ActivityManager(30032): Killing 1370:com.google.android.apps.cloudprint/u10a38 (adj 13): empty #17
W/libprocessgroup(30032): failed to open /acct/uid_1010038/pid_1370/cgroup.procs: No such file or directory
D/DeviceScanner(30825): [CastNearby] Wifi scan complete - checking for CastNearby device.
D/DeviceScanner(24962): [CastNearby] Number of results: 2
D/DeviceScanner(24962): [CastNearby] CastNearby device within wifi range fa:8f:ca:3b:4e:79
D/DeviceScanner(24962): [CastNearby] unpaired device found - FA:8F:CA:3B:4E:79
D/DeviceScanner(24962): [CastNearby] updateCastNearbyRoute: adding mUnpairedDeviceNearby __cast_nearby___1
D/DeviceFilter(24962): [MiniDeviceController-1] ACTIVATE
D/CastNearbyDeviceFilter(24962): startFiltering
D/DeviceFilter(24962): [MiniDeviceController-1] finish()
D/DeviceFilter(24962): [MiniDeviceController-1] DEACTIVATE; finished=true; socket status=0
D/CastNearbyDeviceFilter(24962): stopFiltering
D/DeviceFilter(24962): [MiniDeviceController-1] got socket state: 0
D/CastMediaRouteProvider(24962): onDeviceAcceptedByFilter: "Nearby device" (__cast_nearby___1)
W/CastMediaRouteProvider(24962): addOrUpdateDevice: device: "Nearby device" (__cast_nearby___1) applicationName: null
D/CastMediaRouteProvider(24962): local device found removing all cast nearby routes - 1
D/CastMediaRouteProvider(24962): published 2 routes
D/DeviceScanner(30825): [CastNearby] Number of results: 2
D/DeviceScanner(30825): [CastNearby] CastNearby device within wifi range
D/DeviceScanner(30825): [CastNearby] Wifi scan check complete.
D/DeviceScanner(30825): [CastNearby] updateCastNearbyRoute: adding mUnpairedDeviceNearby __cast_nearby___1
D/DeviceScanner(30825): [CastNearby] notifyDeviceOnline: "Nearby device" (__cast_nearby___1)
D/CastMediaRouteProvider(30825): DeviceScanner.Listener#onDeviceOnline: "Nearby device" (__cast_nearby___1)
D/DeviceFilter(30825): [MiniDeviceController-1] ACTIVATE
D/CastNearbyDeviceFilter(30825): startFiltering
D/DeviceFilter(30825): [MiniDeviceController-1] onAppIdApproved: C54DBC0F
D/CastNearbyDeviceFilter(30825): # of requests: 0
D/DeviceFilter(30825): [MiniDeviceController-1] onFilteringFinished
D/DeviceFilter(30825): [MiniDeviceController-1] finish()
D/DeviceFilter(30825): [MiniDeviceController-1] DEACTIVATE; finished=true; socket status=0
D/CastNearbyDeviceFilter(30825): stopFiltering
D/DeviceFilter(30825): [MiniDeviceController-1] got socket state: 0
D/CastMediaRouteProvider(30825): onDeviceAcceptedByFilter: "Nearby device" (__cast_nearby___1)
W/CastMediaRouteProvider(30825): addOrUpdateDevice: device: "Nearby device" (__cast_nearby___1) applicationName: null
D/CastMediaRouteProvider(30825): buildRouteDescriptorForDevice: id=__cast_nearby___1, description=Nearby device, connecting=false, volume=0
D/CastMediaRouteProvider(30825): buildRouteDescriptorForDevice: id=204f6eeddb184aaa9b37fe812970fb5b, description=Nexus Player, connecting=false, volume=0
D/CastMediaRouteProvider(30825): buildRouteDescriptorForDevice: id=e361b33a05f4431ae9c68b057e6f0da5, description=Cartland Chromecast, connecting=false, volume=0
D/CastMediaRouteProvider(30825): local device found removing all cast nearby routes - 1
D/CastMediaRouteProvider(30825): published 2 routes
D/HeadsetStateMachine(32105): Disconnected process message: 10, size: 0
D/ConnectivityService(30032): updateNetworkScore for NetworkAgentInfo [WIFI () - 133] to 56
D/ConnectivityService(30032): rematching NetworkAgentInfo [WIFI () - 133]
D/ConnectivityService(30032): Network NetworkAgentInfo [WIFI () - 133] was already satisfying request 1. No change.
D/ConnectivityService(30032): notifyType AVAILABLE for NetworkAgentInfo [WIFI () - 133]
D/ConnectivityManager.CallbackHandler(30175): CM callback handler got msg 524290
I/PowerManagerService(30032): Going to sleep due to screen timeout (uid 1000)...
D/MdnsClient(30825): received a packet of length 575
I/DisplayManagerService(30032): Display device changed: DisplayDeviceInfo{"Built-in Screen": 1440 x 2560, 60.0 fps, supportedRefreshRates [60.0], density 560, 494.27 x 492.606 dpi, appVsyncOff 7500000, presDeadline 12666667, touch INTERNAL, rotation 0, type BUILT_IN, state OFF, FLAG_DEFAULT_DISPLAY, FLAG_ROTATES_WITH_CONTENT, FLAG_SECURE, FLAG_SUPPORTS_PROTECTED_BUFFERS}
D/SurfaceFlinger(  246): Set power mode=0, type=0 flinger=0xb6962000
D/qdhwcomposer(  246): hwc_setPowerMode: Setting mode 0 on display: 0
V/ActivityManager(30032): Display changed displayId=0
I/qdhwcomposer(  246): handle_blank_event: dpy:0 panel power state: 0
D/qdhwcomposer(  246): hwc_setPowerMode: Done setting mode 0 on display 0
D/SurfaceControl(30032): Excessive delay in setPowerMode(): 263ms
I/DreamManagerService(30032): Entering dreamland.
I/PowerManagerService(30032): Dozing...
I/DreamController(30032): Starting dream: name=ComponentInfo{com.android.systemui/com.android.systemui.doze.DozeService}, isTest=false, canDoze=true, userId=0
E/native  (30032): do suspend true
D/audio_hw_primary(30011): adev_set_parameters: enter: screen_state=off
E/audio_a2dp_hw(30011): adev_set_parameters: ERROR: set param called even when stream out is null
D/mot_vr_audio_hw(30011): adev_set_parameters: screen_state=off
D/MdnsClient(30825): received a packet of length 575
D/MdnsClient(30825): received a packet of length 305
D/MdnsClient(30825): received a packet of length 282
D/MdnsClient(30825): mDNS response: Cartland Chromecast._googlecast._tcp.local.
D/DeviceScanner(30825): [MDNS] got a response: PTR? true, SRV? true, TXT? true, A? true
D/DeviceScanner(30825): [MDNS] service instance: Cartland Chromecast._googlecast._tcp.local.
D/MdnsClient(30825): received a packet of length 310
D/MdnsClient(30825): received a packet of length 310
D/MdnsClient(30825): received a packet of length 310
D/MdnsClient(30825): received a packet of length 298
D/MdnsClient(30825): mDNS response: Nexus Player._googlecast._tcp.local.
D/DeviceScanner(30825): [MDNS] got a response: PTR? true, SRV? true, TXT? true, A? true
D/DeviceScanner(30825): [MDNS] service instance: Nexus Player._googlecast._tcp.local.
I/ActivityManager(30032): Start proc com.netgate for service com.netgate/.check.services.ReportingService: pid=1992 uid=10182 gids={50182, 9997, 3003} abi=armeabi-v7a
I/ActivityManager(30032): Start proc com.google.android.talk for broadcast com.google.android.talk/com.google.android.apps.hangouts.realtimechat.RealTimeChatService$AlarmReceiver: pid=2010 uid=10132 gids={50132, 9997, 3003, 1028, 1015, 3002} abi=armeabi-v7a
D/FiksuTracking( 1992): ForegroundTester thread started, process: 1992
W/ResourcesManager( 2010): Asset path '/system/framework/com.google.android.media.effects.jar' does not exist or contains no resources.
I/Crashlytics( 1992): Initializing Crashlytics 1.1.11.10
I/ActivityManager(30032): Killing 907:com.google.android.apps.enterprise.dmagent/u10a40 (adj 13): empty #17
W/libprocessgroup(30032): failed to open /acct/uid_1010040/pid_907/cgroup.procs: No such file or directory
I/Babel   ( 2010): MmsConfig: mnc/mcc: 310/260
I/Babel   ( 2010): MmsConfig.loadMmsSettings
I/Babel   ( 2010): MmsConfig.loadDeviceMmsSettings from API: mUserAgent=nexus6, mUaProfUrl=http://uaprof.motorola.com/phoneconfig/nexus6/Profile/nexus6.rdf
I/Babel   ( 2010): MmsConfig.loadFromDatabase
E/SQLiteLog( 2010): (1) no such table: mmsconfig
I/Babel   ( 2010): MmsConfig: no mmsconfig table android.database.sqlite.SQLiteException: no such table: mmsconfig (code 1): , while compiling: SELECT key, value, type FROM mmsconfig WHERE numeric=?
I/Babel   ( 2010): MmsConfig.loadFromResources
E/Babel   ( 2010): canonicalizeMccMnc: invalid mccmnc nullnull
W/Babel   ( 2010): MmsConfig: invalid key=userAgent or type=string
W/Babel   ( 2010): MmsConfig: invalid key=uaProfUrl or type=string
I/Babel   ( 2010): MmsConfig.loadMmsSettings: mUserAgent=nexus6, mUaProfUrl=http://uaprof.motorola.com/phoneconfig/nexus6/Profile/nexus6.rdf
I/Babel   ( 2010): ApnsOta: OTA version -1
W/Settings( 2010): Setting airplane_mode_on has moved from android.provider.Settings.System to android.provider.Settings.Global, returning read-only value.
I/Babel_StickerModule( 2010): App launched.
D/WifiService(30032): acquireWifiLockLocked: WifiLock{NlpWifiLock type=2 binder=android.os.BinderProxy@375e6c0c}
E/WifiStateMachine(30032): WifiStateMachine CMD_START_SCAN source 1010011 txSuccessRate=0.00 rxSuccessRate=0.00 targetRoamBSSID=any RSSI=-71
I/wpa_supplicant(30136): wlan0: CTRL-EVENT-SCAN-STARTED 
W/VideoCapabilities( 2010): Unrecognized profile 2130706433 for video/avc
I/VideoCapabilities( 2010): Unsupported profile 4 for video/mp4v-es
I/ActivityManager(30032): Killing 1420:com.google.android.googlequicksearchbox/u10a28 (adj 13): empty #17
W/libprocessgroup(30032): failed to open /acct/uid_1010028/pid_1420/cgroup.procs: No such file or directory
D/DeviceScanner(30825): [CastNearby] Wifi scan complete - checking for CastNearby device.
D/DeviceScanner(30825): [CastNearby] Number of results: 1
D/DeviceScanner(30825): [CastNearby] Wifi scan check complete.
D/DeviceScanner(30825): [CastNearby] notifyDeviceOffline: "Nearby device" (__cast_nearby___1)
D/DeviceScanner(24962): [CastNearby] Number of results: 1
D/CastMediaRouteProvider(30825): DeviceScanner.Listener#onDeviceOffline: "Nearby device" (__cast_nearby___1)
D/CastMediaRouteProvider(30825): Removing Device: "Nearby device" (__cast_nearby___1)
D/CastMediaRouteProvider(24962): Removing Device: "Nearby device" (__cast_nearby___1)
D/CastMediaRouteProvider(30825): buildRouteDescriptorForDevice: id=204f6eeddb184aaa9b37fe812970fb5b, description=Nexus Player, connecting=false, volume=0
D/CastMediaRouteProvider(30825): buildRouteDescriptorForDevice: id=e361b33a05f4431ae9c68b057e6f0da5, description=Cartland Chromecast, connecting=false, volume=0
D/CastMediaRouteProvider(30825): local device found removing all cast nearby routes - 0
D/CastMediaRouteProvider(30825): published 2 routes
D/CastMediaRouteProvider(24962): local device found removing all cast nearby routes - 0
D/CastMediaRouteProvider(24962): published 2 routes
W/art     ( 1992): Long monitor contention event with owner method=java.net.InetAddress[] libcore.io.Posix.android_getaddrinfo(java.lang.String, android.system.StructAddrinfo, int) from Posix.java:4294967294 waiters=0 for 758ms
I/art     (30032): Explicit concurrent mark sweep GC freed 44951(2MB) AllocSpace objects, 2(32KB) LOS objects, 20% free, 61MB/77MB, paused 1.427ms total 129.563ms
D/WifiService(30032): releaseWifiLockLocked: WifiLock{NlpWifiLock type=2 binder=android.os.BinderProxy@375e6c0c}
I/GCoreUlr( 3839): Successfully inserted location
I/GCoreUlr( 3839): Not calling LocationReporter, hasMoved: false, elapsed millis: 758852, request: Stationary(3600000)
D/MdnsClient(30825): received a packet of length 575
D/MdnsClient(30825): received a packet of length 575
D/MdnsClient(30825): received a packet of length 575
D/HeadsetStateMachine(32105): Disconnected process message: 10, size: 0
D/MdnsClient(30825): received a packet of length 305
D/MdnsClient(30825): received a packet of length 305
D/MdnsClient(30825): received a packet of length 305
D/MdnsClient(30825): received a packet of length 282
D/MdnsClient(30825): mDNS response: Cartland Chromecast._googlecast._tcp.local.
D/DeviceScanner(30825): [MDNS] got a response: PTR? true, SRV? true, TXT? true, A? true
D/DeviceScanner(30825): [MDNS] service instance: Cartland Chromecast._googlecast._tcp.local.
D/com.facebook.AppEventsLogger(  960): Caught unexpected exception while flushing: java.lang.NullPointerException: Attempt to invoke virtual method 'java.lang.String com.facebook.internal.AttributionIdentifiers.getAttributionId()' on a null object reference
D/MdnsClient(30825): received a packet of length 310
D/MdnsClient(30825): received a packet of length 298
D/MdnsClient(30825): mDNS response: Nexus Player._googlecast._tcp.local.
D/DeviceScanner(30825): [MDNS] got a response: PTR? true, SRV? true, TXT? true, A? true
D/DeviceScanner(30825): [MDNS] service instance: Nexus Player._googlecast._tcp.local.
D/MdnsClient(30825): received a packet of length 575
D/MdnsClient(30825): received a packet of length 575
D/AbstractMetricsFactoryImpl(25781): record : No data points in metrics event
D/MdnsClient(30825): received a packet of length 575
I/MediaRouter(  932): Found default route: MediaRouter.RouteInfo{ uniqueId=android/mr:DEFAULT_ROUTE, name=Phone, description=null, enabled=true, connecting=false, playbackType=0, playbackStream=3, volumeHandling=1, volume=7, volumeMax=15, presentationDisplayId=-1, extras=null, providerPackageName=android }
D/CastMediaRouteProvider(24962): in onDiscoveryRequestChanged: request=DiscoveryRequest{ selector=MediaRouteSelector{ controlCategories=[com.google.android.gms.cast.CATEGORY_CAST/C54DBC0F, com.google.android.gms.cast.CATEGORY_CAST] }, activeScan=true, isValid=true }
D/DeviceScanner(24962): [MDNS] stopScanInit from thread 41727
D/DeviceScanner(24962): [CastNearby] stopScanInit from thread 41727
D/DeviceScanner(24962): [CastNearby] stopScanInternal
D/CastMediaRouteProvider(24962): published 0 routes
D/DeviceScanner(24962): [MDNS] connectivity changed; mState = 0
D/DeviceScanner(24962): [MDNS] maybeRestartScan: connected? true, errorState? false
D/DeviceScanner(24962): [MDNS] maybeRestartScan: connected? true, errorState? false
D/DeviceScanner(24962): [MDNS] have connectivity; starting scan
D/DeviceScanner(24962): [MDNS] added mdns client; count is now 1
D/DeviceScanner(24962): [MDNS] stopScanInit from thread 1
D/DeviceScanner(24962): [CastNearby] maybeRestartScan: connected? true, errorState? false
D/DeviceScanner(24962): [CastNearby] have connectivity; starting scan
D/DeviceScanner(24962): [MDNS] have connectivity; starting scan
D/DeviceScanner(24962): [MDNS] added mdns client; count is now 1
D/MdnsClient(30825): received a packet of length 40
D/DeviceScanner(24962): [CastNearby] connectivity changed; mState = 0
D/DeviceScanner(24962): [CastNearby] maybeRestartScan: connected? true, errorState? false
D/DeviceScanner(24962): [CastNearby] startScanInternal: 2 network interfaces
D/DeviceScanner(24962): [CastNearby] stopScanInit from thread 1
D/DeviceScanner(24962): [CastNearby] stopScanInternal
D/DeviceScanner(24962): [CastNearby] have connectivity; starting scan
E/WifiStateMachine(30032): WifiStateMachine CMD_START_SCAN source 1010011 txSuccessRate=0.00 rxSuccessRate=0.00 targetRoamBSSID=any RSSI=-71
I/wpa_supplicant(30136): wlan0: CTRL-EVENT-SCAN-STARTED 
D/DeviceScanner(24962): [CastNearby] startScanInternal: 2 network interfaces
E/WifiStateMachine(30032): WifiStateMachine CMD_START_SCAN source 1010011 txSuccessRate=0.00 rxSuccessRate=0.00 targetRoamBSSID=any RSSI=-71
D/DeviceFilter(24962): [MiniDeviceController-1] ACTIVATE
D/DeviceFilter(24962): [MiniDeviceController-2] ACTIVATE
D/CastSocket(24962): [MiniDeviceController-1] startConnect done
D/CastSocket(24962): [MiniDeviceController-2] startConnect done
D/MdnsClient(30825): received a packet of length 575
D/DeviceScanner(30825): [CastNearby] Wifi scan complete - checking for CastNearby device.
D/DeviceScanner(24962): [CastNearby] Number of results: 1
D/DeviceScanner(30825): [CastNearby] Number of results: 1
D/DeviceScanner(30825): [CastNearby] Wifi scan check complete.
D/DeviceScanner(30825): [CastNearby] notifyDeviceOffline: "Nearby device" (__cast_nearby___1)
D/CastMediaRouteProvider(30825): DeviceScanner.Listener#onDeviceOffline: "Nearby device" (__cast_nearby___1)
D/CastMediaRouteProvider(30825): Removing Device: "Nearby device" (__cast_nearby___1)
D/CastMediaRouteProvider(30825): buildRouteDescriptorForDevice: id=204f6eeddb184aaa9b37fe812970fb5b, description=Nexus Player, connecting=false, volume=0
D/CastMediaRouteProvider(30825): buildRouteDescriptorForDevice: id=e361b33a05f4431ae9c68b057e6f0da5, description=Cartland Chromecast, connecting=false, volume=0
D/CastMediaRouteProvider(30825): local device found removing all cast nearby routes - 0
D/CastMediaRouteProvider(30825): published 2 routes
D/CastMediaRouteProvider(24962): Removing Device: "Nearby device" (__cast_nearby___1)
D/CastMediaRouteProvider(24962): published 0 routes
D/DeviceFilter(24962): [MiniDeviceController-1] onConnected to /192.168.2.14
D/DeviceFilter(24962): [MiniDeviceController-1] onMessageReceived from gms_cast_mrp-1: {"availability":{"C54DBC0F":"APP_AVAILABLE"},"requestId":1,"responseType":"GET_APP_AVAILABILITY"}
D/DeviceFilter(24962): [MiniDeviceController-1] finish()
D/DeviceFilter(24962): [MiniDeviceController-1] DEACTIVATE; finished=true; socket status=2
D/CastNearbyDeviceFilter(24962): stopFiltering
D/DeviceFilter(24962): [MiniDeviceController-1] got socket state: 2
D/CastSocket(24962): [MiniDeviceController-1] disconnect
D/CastMediaRouteProvider(24962): onDeviceAcceptedByFilter: "Cartland Chromecast" (e361b33a05f4431ae9c68b057e6f0da5)
W/CastMediaRouteProvider(24962): addOrUpdateDevice: device: "Cartland Chromecast" (e361b33a05f4431ae9c68b057e6f0da5) applicationName: null
D/CastMediaRouteProvider(24962): local device found removing all cast nearby routes - 0
D/CastMediaRouteProvider(24962): published 1 routes
D/CastSocket(24962): [MiniDeviceController-1] doTeardown with reason=0
D/DeviceFilter(24962): [MiniDeviceController-2] onConnected to /192.168.2.42
D/DeviceFilter(24962): [MiniDeviceController-2] onMessageReceived from gms_cast_mrp-2: {"availability":{"C54DBC0F":"APP_AVAILABLE"},"requestId":1,"responseType":"GET_APP_AVAILABILITY"}
D/DeviceFilter(24962): [MiniDeviceController-2] finish()
D/DeviceFilter(24962): [MiniDeviceController-2] DEACTIVATE; finished=true; socket status=2
D/CastNearbyDeviceFilter(24962): stopFiltering
D/DeviceFilter(24962): [MiniDeviceController-2] got socket state: 2
D/CastSocket(24962): [MiniDeviceController-2] disconnect
D/CastMediaRouteProvider(24962): onDeviceAcceptedByFilter: "Nexus Player" (204f6eeddb184aaa9b37fe812970fb5b)
W/CastMediaRouteProvider(24962): addOrUpdateDevice: device: "Nexus Player" (204f6eeddb184aaa9b37fe812970fb5b) applicationName: null
D/CastMediaRouteProvider(24962): local device found removing all cast nearby routes - 0
D/CastMediaRouteProvider(24962): published 2 routes
D/CastSocket(24962): [MiniDeviceController-2] doTeardown with reason=0
I/GLSUser ( 2724): [GLSUser]  extracting token using key:Auth
W/GLSUser ( 2724): [GLSUser] [GLSUser]  Permission for com.google.android.googlequicksearchbox to access oauth2:https://www.googleapis.com/auth/googlenow will be managed locally.
D/MdnsClient(30825): received a packet of length 575
W/art     (  932): Attempt to remove local handle scope entry from IRT, ignoring
D/MdnsClient(30825): received a packet of length 575
D/MdnsClient(30825): received a packet of length 575
I/ActivityManager(30032): Start proc com.android.providers.calendar for content provider com.android.providers.calendar/.CalendarProvider2: pid=2119 uid=10003 gids={50003, 9997, 3003, 1028, 1015} abi=armeabi-v7a
I/art     (29778): Explicit concurrent mark sweep GC freed 704(30KB) AllocSpace objects, 0(0B) LOS objects, 40% free, 20MB/34MB, paused 194us total 22.539ms
I/art     (29778): Explicit concurrent mark sweep GC freed 7(240B) AllocSpace objects, 0(0B) LOS objects, 39% free, 20MB/34MB, paused 190us total 9.083ms
I/art     (29778): Explicit concurrent mark sweep GC freed 5(160B) AllocSpace objects, 0(0B) LOS objects, 39% free, 20MB/34MB, paused 165us total 8.082ms
W/ResourcesManager( 2119): Asset path '/system/framework/android.test.runner.jar' does not exist or contains no resources.
I/CalendarProvider2( 2119): Created com.android.providers.calendar.CalendarAlarmManager@37204073(com.android.providers.calendar.CalendarProvider2@1850ab30)
I/CalendarProvider2( 2119): Sending notification intent: Intent { act=android.intent.action.PROVIDER_CHANGED dat=content://com.android.calendar }
W/ContentResolver( 2119): Failed to get type for: content://com.android.calendar (Unknown URL content://com.android.calendar)
I/ActivityManager(30032): Start proc com.google.android.calendar for broadcast com.google.android.calendar/com.android.calendar.alerts.AlertReceiver: pid=2141 uid=10131 gids={50131, 9997, 3003, 1028, 1015} abi=armeabi-v7a
E/SQLiteLog( 2141): (283) recovered 102 frames from WAL file /data/data/com.google.android.calendar/databases/timelydata.db-wal
I/AnalyticsLogBase( 2141): PlayLogger.onLoggerConnected
I/AnalyticsLogBase( 2141): PlayLogger.onLoggerConnected
I/AnalyticsLogBase( 2141): PlayLogger.onLoggerConnected
I/ActivityManager(30032): Start proc slide.watchFrenzy for broadcast slide.watchFrenzy/.CalendarEventReceiver: pid=2169 uid=10189 gids={50189, 9997, 3003, 1028, 1015} abi=armeabi
W/HandlerScheduledExecuto(  932): Task does not implement UiTask. Consider using NamedUiRunnable for gce@3dc3584f
D/WearableClient( 2169): WearableClientImpl.onPostInitHandler: done
D/ZenLog  (30032): disable_effects: 10|com.google.android.googlequicksearchbox|6|null|1010028,listenerHints
W/HandlerScheduledExecuto(  932): Task does not implement UiTask. Consider using NamedUiRunnable for gce@3dc3584f
I/TrainingQuestionManagerImpl(  932): updateFromServerResponse: no new training mode data and no pending answered questions to clear
E/SQLiteLog( 1766): (284) automatic index on sqlite_sq_A3526E20(STAT_DATA_ID)
I/art     (30032): Explicit concurrent mark sweep GC freed 17418(918KB) AllocSpace objects, 3(496KB) LOS objects, 20% free, 60MB/76MB, paused 1.214ms total 104.355ms
I/art     ( 2119): Explicit concurrent mark sweep GC freed 5619(321KB) AllocSpace objects, 0(0B) LOS objects, 24% free, 20MB/27MB, paused 347us total 22.656ms
D/CastMediaRouteProvider(24962): in onDiscoveryRequestChanged: request=DiscoveryRequest{ selector=MediaRouteSelector{ controlCategories=[com.google.android.gms.cast.CATEGORY_CAST/C54DBC0F] }, activeScan=true, isValid=true }
D/DeviceScanner(24962): [MDNS] stopScanInit from thread 41734
D/DeviceScanner(24962): [CastNearby] stopScanInit from thread 41734
D/DeviceScanner(24962): [CastNearby] stopScanInternal
D/CastMediaRouteProvider(24962): published 0 routes
D/DeviceScanner(24962): [MDNS] connectivity changed; mState = 0
D/DeviceScanner(24962): [MDNS] maybeRestartScan: connected? true, errorState? false
D/DeviceScanner(24962): [MDNS] maybeRestartScan: connected? true, errorState? false
D/DeviceScanner(24962): [MDNS] have connectivity; starting scan
D/DeviceScanner(24962): [MDNS] added mdns client; count is now 1
D/DeviceScanner(24962): [MDNS] stopScanInit from thread 1
D/MdnsClient(30825): received a packet of length 40
D/DeviceScanner(24962): [MDNS] have connectivity; starting scan
D/DeviceScanner(24962): [CastNearby] maybeRestartScan: connected? true, errorState? false
D/DeviceScanner(24962): [CastNearby] have connectivity; starting scan
D/DeviceScanner(24962): [CastNearby] startScanInternal: 2 network interfaces
D/DeviceScanner(24962): [MDNS] added mdns client; count is now 1
D/MdnsClient(30825): received a packet of length 40
E/WifiStateMachine(30032): WifiStateMachine CMD_START_SCAN source 1010011 txSuccessRate=0.00 rxSuccessRate=0.00 targetRoamBSSID=any RSSI=-71
D/DeviceScanner(24962): [CastNearby] connectivity changed; mState = 1
D/DeviceScanner(24962): [CastNearby] maybeRestartScan: connected? true, errorState? false
D/DeviceScanner(24962): [CastNearby] stopScanInit from thread 1
D/DeviceScanner(24962): [CastNearby] stopScanInternal
D/DeviceScanner(24962): [CastNearby] have connectivity; starting scan
I/wpa_supplicant(30136): wlan0: CTRL-EVENT-SCAN-STARTED 
D/DeviceScanner(24962): [CastNearby] startScanInternal: 2 network interfaces
E/WifiStateMachine(30032): WifiStateMachine CMD_START_SCAN source 1010011 txSuccessRate=0.00 rxSuccessRate=0.00 targetRoamBSSID=any RSSI=-71
D/DeviceFilter(24962): [MiniDeviceController-1] ACTIVATE
D/CastSocket(24962): [MiniDeviceController-1] startConnect done
D/DeviceFilter(24962): [MiniDeviceController-2] ACTIVATE
I/ActivityManager(30032): Killing 960:com.clearchannel.iheartradio.controller/u10a119 (adj 15): empty #17
D/CastSocket(24962): [MiniDeviceController-2] startConnect done
D/CastMediaRouteProvider(24962): in onDiscoveryRequestChanged: request=null
W/art     (30032): Long monitor contention event with owner method=void com.android.server.am.ActivityManagerService.removeContentProvider(android.os.IBinder, boolean) from ActivityManagerService.java:9582 waiters=1 for 217ms
W/libprocessgroup(30032): failed to open /acct/uid_1010119/pid_960/cgroup.procs: No such file or directory
D/DeviceFilter(24962): [MiniDeviceController-1] DEACTIVATE; finished=true; socket status=1
D/CastNearbyDeviceFilter(24962): stopFiltering
D/DeviceFilter(24962): [MiniDeviceController-1] got socket state: 1
D/CastSocket(24962): [MiniDeviceController-1] disconnect
D/DeviceFilter(24962): [MiniDeviceController-2] DEACTIVATE; finished=true; socket status=1
D/CastNearbyDeviceFilter(24962): stopFiltering
D/DeviceFilter(24962): [MiniDeviceController-2] got socket state: 1
D/CastSocket(24962): [MiniDeviceController-2] disconnect
D/CastSocket(24962): [MiniDeviceController-1] doTeardown with reason=0
D/CastMediaRouteProvider(24962): published 0 routes
D/DeviceScanner(24962): [MDNS] stopScanInit from thread 41741
D/DeviceScanner(24962): [CastNearby] stopScanInit from thread 41741
D/DeviceScanner(24962): [CastNearby] stopScanInternal
D/CastSocket(24962): [MiniDeviceController-2] doTeardown with reason=0
D/DeviceScanner(30825): [CastNearby] Wifi scan complete - checking for CastNearby device.
D/DeviceScanner(30825): [CastNearby] Number of results: 1
D/DeviceScanner(30825): [CastNearby] Wifi scan check complete.
D/DeviceScanner(30825): [CastNearby] notifyDeviceOffline: "Nearby device" (__cast_nearby___1)
D/CastMediaRouteProvider(30825): DeviceScanner.Listener#onDeviceOffline: "Nearby device" (__cast_nearby___1)
D/CastMediaRouteProvider(30825): Removing Device: "Nearby device" (__cast_nearby___1)
D/CastMediaRouteProvider(30825): buildRouteDescriptorForDevice: id=204f6eeddb184aaa9b37fe812970fb5b, description=Nexus Player, connecting=false, volume=0
D/CastMediaRouteProvider(30825): buildRouteDescriptorForDevice: id=e361b33a05f4431ae9c68b057e6f0da5, description=Cartland Chromecast, connecting=false, volume=0
D/CastMediaRouteProvider(30825): local device found removing all cast nearby routes - 0
D/CastMediaRouteProvider(30825): published 2 routes
D/HeadsetStateMachine(32105): Disconnected process message: 10, size: 0
I/GAV2    ( 2141): Thread[GAThread,5,main]: No campaign data found.
I/ActivityManager(30032): Killing 1389:com.google.android.youtube/u0a142 (adj 15): empty #17
W/libprocessgroup(30032): failed to open /acct/uid_10142/pid_1389/cgroup.procs: No such file or directory
W/ActivityManager(30032): Scheduling restart of crashed service com.google.android.youtube/.app.remote.YouTubeTvRouteProviderService in 1000ms
I/ActivityManager(30032): Start proc com.google.android.youtube for service com.google.android.youtube/.app.remote.YouTubeTvRouteProviderService: pid=2216 uid=10142 gids={50142, 9997, 3003, 1028, 1015} abi=armeabi-v7a
W/ResourcesManager( 2216): Asset path '/system/framework/com.android.media.remotedisplay.jar' does not exist or contains no resources.
W/ResourcesManager( 2216): Asset path '/system/framework/com.android.location.provider.jar' does not exist or contains no resources.
V/JNIHelp ( 2216): Registering com/google/android/gms/org/conscrypt/NativeCrypto's 235 native methods...
I/ProviderInstaller( 2216): Installed default security provider GmsCore_OpenSSL
I/art     (30496): Explicit concurrent mark sweep GC freed 41899(2MB) AllocSpace objects, 3(51KB) LOS objects, 38% free, 25MB/41MB, paused 1.592ms total 42.037ms
E/YouTube MDX( 2216): Bogus value in shared preferences for key MdxServerSelection value , returning default value.
W/YouTube ( 2216): (unknown) Missing task factory for task type: gnz
I/ActivityManager(30032): Killing 25781:com.amazon.mShop.android/u0a167 (adj 15): empty #17
I/ActivityManager(30032): Killing 1314:com.clearchannel.iheartradio.controller/u0a119 (adj 15): empty #18
D/CastMediaRouteProvider(30825): in onDiscoveryRequestChanged: request=null
W/libprocessgroup(30032): failed to open /acct/uid_10167/pid_25781/cgroup.procs: No such file or directory
W/libprocessgroup(30032): failed to open /acct/uid_10119/pid_1314/cgroup.procs: No such file or directory
D/CastMediaRouteProvider(30825): DeviceScanner.Listener#onAllDevicesOffline
D/CastMediaRouteProvider(30825): device "Nexus Player" (204f6eeddb184aaa9b37fe812970fb5b) is NOT in use; removing route
D/CastMediaRouteProvider(30825): device "Cartland Chromecast" (e361b33a05f4431ae9c68b057e6f0da5) is NOT in use; removing route
D/CastMediaRouteProvider(30825): published 0 routes
D/DeviceScanner(30825): [MDNS] stopScanInit from thread 10548
D/DeviceScanner(30825): [MDNS] refreshLoop exiting
D/DeviceScanner(30825): [MDNS] scan stopped
D/DeviceScanner(30825): [CastNearby] stopScanInit from thread 10548
D/DeviceScanner(30825): [CastNearby] stopScanInternal
D/DeviceScanner(30825): [CastNearby] scan stopped
D/WifiService(30032): acquireWifiLockLocked: WifiLock{NlpWifiLock type=2 binder=android.os.BinderProxy@9230c54}
E/WifiStateMachine(30032): WifiStateMachine CMD_START_SCAN source 1010011 txSuccessRate=0.00 rxSuccessRate=0.00 targetRoamBSSID=any RSSI=-71
I/wpa_supplicant(30136): wlan0: CTRL-EVENT-SCAN-STARTED 
I/PowerManagerService(30032): Waking up from dozing (uid 1000)...
V/KeyguardServiceDelegate(30032): onScreenTurnedOn(showListener = com.android.internal.policy.impl.PhoneWindowManager$2@23da93bd)
I/DisplayPowerController(30032): Blocking screen on until initial contents have been drawn.
D/SurfaceFlinger(  246): Set power mode=2, type=0 flinger=0xb6962000
D/qdhwcomposer(  246): hwc_setPowerMode: Setting mode 2 on display: 0
I/DisplayManagerService(30032): Display device changed: DisplayDeviceInfo{"Built-in Screen": 1440 x 2560, 60.0 fps, supportedRefreshRates [60.0], density 560, 494.27 x 492.606 dpi, appVsyncOff 7500000, presDeadline 12666667, touch INTERNAL, rotation 0, type BUILT_IN, state ON, FLAG_DEFAULT_DISPLAY, FLAG_ROTATES_WITH_CONTENT, FLAG_SECURE, FLAG_SUPPORTS_PROTECTED_BUFFERS}
V/KeyguardServiceDelegate(30032): **** SHOWN CALLED ****
V/ActivityManager(30032): Display changed displayId=0
V/ActivityManager(30032): Display changed displayId=0
D/WifiService(30032): releaseWifiLockLocked: WifiLock{NlpWifiLock type=2 binder=android.os.BinderProxy@9230c54}
I/GCoreUlr( 3839): Successfully inserted location
I/GCoreUlr( 3839): Not calling LocationReporter, hasMoved: false, elapsed millis: 818808, request: Stationary(3600000)
D/audio_hw_primary(30011): adev_set_parameters: enter: screen_state=on
E/audio_a2dp_hw(30011): adev_set_parameters: ERROR: set param called even when stream out is null
D/mot_vr_audio_hw(30011): adev_set_parameters: screen_state=on
I/MicrophoneInputStream(28155): mic_starting gzi@7758de
I/HotwordRecognitionRnr(28155): Starting hotword detection.
E/native  (30032): do suspend false
I/AudioFlinger(30011): AudioFlinger's thread 0x7c101000 ready to run
I/qdhwcomposer(  246): handle_blank_event: dpy:0 panel power state: 1
D/qdhwcomposer(  246): hwc_setPowerMode: Done setting mode 2 on display 0
I/DisplayPowerController(30032): Unblocked screen on after 270 ms
D/SurfaceControl(30032): Excessive delay in setPowerMode(): 248ms
I/DreamManagerService(30032): Gently waking up from dream.
W/SoundTriggerHelper(30032): Recognition aborted
D/BrcmNfcJni(30568): RoutingManager::nfaEeCallback: NFA_EE_SET_TECH_CFG_EVT; status=0x0
D/BrcmNfcJni(30568): RoutingManager::nfaEeCallback: NFA_EE_SET_PROTO_CFG_EVT; status=0x0
D/BrcmNfcJni(30568): RoutingManager::commitRouting
I/MicrophoneInputStream(28155): mic_started gzi@7758de
I/AlwaysOnHotwordDetector(30340): onRecognitionPaused
D/BrcmNfcJni(30568): RoutingManager::nfaEeCallback: NFA_EE_UPDATED_EVT
I/GsaVoiceInteractionSrv(30340): onRecognitionPaused
D/audio_hw_primary(30011): select_devices: out_snd_device(0: none) in_snd_device(55: voice-rec-mic)
D/msm8974_platform(30011): platform_send_audio_calibration: sending audio calibration for snd_device(55) acdb_id(62)
E/ACDB-LOADER(30011): Error: ACDB AudProc vol returned = -19
D/audio_hw_primary(30011): enable_snd_device: snd_device(55: voice-rec-mic)
D/audio_hw_primary(30011): enable_audio_route: apply and update mixer path: audio-record
I/HotwordWorker(28155): onReady
I/art     (30032): Explicit concurrent mark sweep GC freed 29249(1773KB) AllocSpace objects, 0(0B) LOS objects, 20% free, 60MB/76MB, paused 5.623ms total 136.173ms
D/WifiService(30032): acquireWifiLockLocked: WifiLock{NlpWifiLock type=2 binder=android.os.BinderProxy@33e54e1c}
I/DreamManagerService(30032): Leaving dreamland.
I/DreamController(30032): Stopping dream: name=ComponentInfo{com.android.systemui/com.android.systemui.doze.DozeService}, isTest=false, canDoze=true, userId=0
D/WifiService(30032): acquireWifiLockLocked: WifiLock{NlpWifiLock type=2 binder=android.os.BinderProxy@3c16fa25}
E/WifiStateMachine(30032): WifiStateMachine CMD_START_SCAN source 1010011 txSuccessRate=0.00 rxSuccessRate=0.00 targetRoamBSSID=any RSSI=-61
I/wpa_supplicant(30136): wlan0: CTRL-EVENT-SCAN-STARTED 
I/Icing   (30825): Usage reports 1 indexed 0 rejected 0 imm upload true
D/LocationFilter(31226): Forcing stable location. Original location:Location[fused 35.554229,-120.729894 acc=27 et=+3d23h33m6s654ms] because SMD didn't trigger.
D/WifiService(30032): releaseWifiLockLocked: WifiLock{NlpWifiLock type=2 binder=android.os.BinderProxy@33e54e1c}
I/art     (31226): Explicit concurrent mark sweep GC freed 64731(2MB) AllocSpace objects, 0(0B) LOS objects, 36% free, 28MB/44MB, paused 600us total 35.736ms
I/GCoreUlr(31226): Successfully inserted location
I/GCoreUlr(31226): Not calling LocationReporter, hasMoved: false, elapsed millis: 268020, request: Stationary(3600000)
I/MicrophoneInputStream(28155): mic_close gzi@7758de
D/audio_hw_primary(30011): disable_audio_route: reset and update mixer path: audio-record
D/audio_hw_primary(30011): disable_snd_device: snd_device(55: voice-rec-mic)
I/HotwordRecognitionRnr(28155): Hotword detection finished
I/HotwordRecognitionRnr(28155): Stopping hotword detection.
I/AlwaysOnHotwordDetector(30340): onRecognitionResumed
I/GsaVoiceInteractionSrv(30340): onRecognitionResumed
D/WifiService(30032): releaseWifiLockLocked: WifiLock{NlpWifiLock type=2 binder=android.os.BinderProxy@3c16fa25}
D/ConnectivityService(30032): updateNetworkScore for NetworkAgentInfo [WIFI () - 133] to 60
D/ConnectivityService(30032): rematching NetworkAgentInfo [WIFI () - 133]
D/ConnectivityService(30032): Network NetworkAgentInfo [WIFI () - 133] was already satisfying request 1. No change.
D/ConnectivityService(30032): notifyType AVAILABLE for NetworkAgentInfo [WIFI () - 133]
D/ConnectivityManager.CallbackHandler(30175): CM callback handler got msg 524290
I/ActivityManager(30032): START u0 {act=android.intent.action.DELETE dat=package:com.chriscartland.spaceshooter flg=0x10800000 cmp=com.android.packageinstaller/.UninstallerActivity (has extras)} from uid 10028 on display 0
I/ActivityManager(30032): Start proc com.android.packageinstaller for activity com.android.packageinstaller/.UninstallerActivity: pid=2334 uid=10056 gids={50056, 9997, 1028} abi=armeabi-v7a
I/HotwordRecognitionRnr(28155): Starting hotword detection.
I/MicrophoneInputStream(28155): mic_starting gzi@10e3a189
I/AudioFlinger(30011): AudioFlinger's thread 0x7c101000 ready to run
V/ActivityManager(30032): Display changed displayId=0
W/SoundTriggerHelper(30032): Recognition aborted
I/AlwaysOnHotwordDetector(30340): onRecognitionPaused
I/GsaVoiceInteractionSrv(30340): onRecognitionPaused
I/MicrophoneInputStream(28155): mic_started gzi@10e3a189
D/audio_hw_primary(30011): select_devices: out_snd_device(0: none) in_snd_device(55: voice-rec-mic)
D/msm8974_platform(30011): platform_send_audio_calibration: sending audio calibration for snd_device(55) acdb_id(62)
E/ACDB-LOADER(30011): Error: ACDB AudProc vol returned = -19
D/audio_hw_primary(30011): enable_snd_device: snd_device(55: voice-rec-mic)
D/audio_hw_primary(30011): enable_audio_route: apply and update mixer path: audio-record
D/OpenGLRenderer( 2334): Render dirty regions requested: true
D/Atlas   ( 2334): Validating map...
I/HotwordWorker(28155): onReady
I/Adreno  ( 2334): EGLInit: QTI Build: 10/14/14, 40a273b, I86da836d38
I/OpenGLRenderer( 2334): Initialized EGL, version 1.4
D/OpenGLRenderer( 2334): Enabling debug mode 0
I/ActivityManager(30032): Displayed com.android.packageinstaller/.UninstallerActivity: +463ms
I/ActivityManager(30032): START u0 {act=android.intent.action.VIEW cmp=com.android.packageinstaller/.UninstallAppProgress (has extras)} from uid 10056 on display 0
I/MicrophoneInputStream(28155): mic_close gzi@10e3a189
D/audio_hw_primary(30011): disable_audio_route: reset and update mixer path: audio-record
D/audio_hw_primary(30011): disable_snd_device: snd_device(55: voice-rec-mic)
I/HotwordRecognitionRnr(28155): Stopping hotword detection.
I/HotwordRecognitionRnr(28155): Hotword detection finished
I/AlwaysOnHotwordDetector(30340): onRecognitionResumed
I/GsaVoiceInteractionSrv(30340): onRecognitionResumed
I/ActivityManager(30032): Force stopping com.chriscartland.spaceshooter appid=10190 user=0: pkg removed
V/RenderScript( 2334): Application requested CPU execution
I/art     (28155): Explicit concurrent mark sweep GC freed 23653(1479KB) AllocSpace objects, 11(2MB) LOS objects, 31% free, 34MB/50MB, paused 1.031ms total 46.931ms
I/InputReader(30032): Reconfiguring input devices.  changes=0x00000010
I/ActivityManager(30032): Start proc com.amazon.mShop.android for broadcast com.amazon.mShop.android/com.amazon.mas.client.locker.LockerBroadcastReceiver: pid=2369 uid=10167 gids={50167, 9997, 3003, 1028, 1015} abi=armeabi
W/InputMethodInfo(30032): Duplicated subtype definition found: , voice
V/RenderScript( 2334): 0xa172b800 Launching thread(s), CPUs 4
W/ResourcesManager( 2369): Asset path '/system/framework/com.google.android.maps.jar' does not exist or contains no resources.
I/LatinIME:LogUtils(30386): Dictionary info: dictionary = main:en_us ; version = 52 ; date = 1412572954
I/LatinIME:LogUtils(30386): Dictionary info: dictionary = main:en_us ; version = 52 ; date = 1412572954
I/ActivityManager(30032): Displayed com.android.packageinstaller/.UninstallAppProgress: +352ms
I/art     (30032): Explicit concurrent mark sweep GC freed 24126(1557KB) AllocSpace objects, 2(1780KB) LOS objects, 21% free, 59MB/75MB, paused 2.856ms total 179.016ms
I/art     (30032): WaitForGcToComplete blocked for 111.554ms for cause Explicit
I/DPLogger( 2369): DPLogger - Name was too long. Truncating; original name: BaseMetricsServiceFactory, truncated name: BaseMetricsServiceFacto
I/DPLogger( 2369): DPLogger - Name was too long. Truncating; original name: MetricsConfigurationParser, truncated name: MetricsConfigurationPar
I/MetricsConfigurationPar( 2369): MetricsConfigurationParser - Picking configuration; Domain: prod, Build: userdebug, isDebuggable: false
I/DPLogger( 2369): DPLogger - Name was too long. Truncating; original name: TComm.HttpClientSrrManager, truncated name: TComm.HttpClientSrrMana
I/DPLogger( 2369): DPLogger - Name was too long. Truncating; original name: AndroidDeviceInfoManager, truncated name: AndroidDeviceInfoManage
I/DPLogger( 2369): DPLogger - Name was too long. Truncating; original name: Metrics:BoundedByteArrayQueue, truncated name: Metrics:BoundedByteArra
I/DPLogger( 2369): DPLogger - Name was too long. Truncating; original name: Metrics:NonVolatileBoundedByteArrayQueue, truncated name: Metrics:NonVolatileBoun
I/DPLogger( 2369): DPLogger - Name was too long. Truncating; original name: Metrics:BatchTransmitter, truncated name: Metrics:BatchTransmitte
I/DPLogger( 2369): DPLogger - Name was too long. Truncating; original name: Metrics:ThreadPoolBatchTransmitter, truncated name: Metrics:ThreadPoolBatch
I/DPLogger( 2369): DPLogger - Name was too long. Truncating; original name: PeriodicBatchTransmitter, truncated name: PeriodicBatchTransmitte
I/art     (30032): Explicit concurrent mark sweep GC freed 26942(2044KB) AllocSpace objects, 0(0B) LOS objects, 21% free, 59MB/75MB, paused 1.505ms total 169.612ms
I/DPLogger( 2369): DPLogger - Name was too long. Truncating; original name: Metrics:UrgentBatchTransmitter, truncated name: Metrics:UrgentBatchTran
W/BaseMetricsServiceFacto( 2369): createMetricsService - Skipping batch pipeline setup for ; RESERVED_FOR_LOCATION_SERVICE:  because no configuration is provided.
W/BaseMetricsServiceFacto( 2369): createMetricsService - Skipping batch pipeline setup for ; RESERVED_FOR_NON_ANONYMOUS_METRICS:  because no configuration is provided.
I/DPLogger( 2369): DPLogger - Name was too long. Truncating; original name: MetricsBroadcastReceiver, truncated name: MetricsBroadcastReceive
I/Metrics:BatchTransmitte( 2369): QueuePusher.sendBatches - Drained batch queue.; Number of NORMAL queue batches sent: 0
I/Metrics:BatchTransmitte( 2369): QueuePusher.sendBatches - Drained batch queue.; Number of HIGH queue batches sent: 0
I/ActivityManager(30032): Start proc com.android.defcontainer for service com.android.defcontainer/.DefaultContainerService: pid=2407 uid=10007 gids={50007, 9997, 1028, 1015, 1023, 2001, 1035} abi=armeabi-v7a
D/BackupManagerService(30032): Received broadcast Intent { act=android.intent.action.PACKAGE_REMOVED dat=package:com.chriscartland.spaceshooter flg=0x4000010 (has extras) }
D/JobSchedulerService(30032): Receieved: android.intent.action.PACKAGE_REMOVED
V/DexElementCompatibility( 2369): ElementObjectFileFileDexFile is not the right one for this platform
V/DexElementCompatibility( 2369): ElementObjectFileZipFileDexFile is not the right one for this platform
I/ActivityManager(30032): Killing 1612:com.android.vending/u10a19 (adj 15): empty #17
V/AmazonApplication( 2369): Unable to execute setConfigCallbackForViewRoot on Android Platform5.0
I/DPLogger( 2369): DPLogger - Name was too long. Truncating; original name: CrashDescriptorStorageUtil, truncated name: CrashDescriptorStorageU
I/com.amazon.mShop.android/com.amazon.identity.auth.device.api.MAPInit( 2369): Initializing MAP (130050001 / MAPAndroidLib-1.0.730.0) for app com.amazon.mShop.android
I/com.amazon.device.crashmanager.CrashDetectionHelper( 2369): Installing crash detector as default exception handler.
I/DPLogger( 2369): DPLogger - Name was too long. Truncating; original name: AbstractDetArtifactProcessor, truncated name: AbstractDetArtifactProc
I/DPLogger( 2369): DPLogger - Name was too long. Truncating; original name: JavaCrashArtifactProcessor, truncated name: JavaCrashArtifactProces
V/DexElementCompatibility( 2369): ElementObjectFileFileDexFile is not the right one for this platform
V/DexElementCompatibility( 2369): ElementObjectFileZipFileDexFile is not the right one for this platform
W/ResourceType(30032): ResTable_typeSpec entry count inconsistent: given 1, previously 1426
W/libprocessgroup(30032): failed to open /acct/uid_1010019/pid_1612/cgroup.procs: No such file or directory
I/com.amazon.dcp.settings.BackgroundSynchronizer( 2369): Requesting sync with content provider.
I/com.amazon.dcp.settings.BackgroundSynchronizer( 2369): Waiting for initial sync...
I/AmazonAppstore.AndroidProfiler( 2369): Creating AndroidProfiler
I/MicrophoneInputStream(28155): mic_starting gzi@9d35ffd
I/HotwordRecognitionRnr(28155): Starting hotword detection.
I/AudioFlinger(30011): AudioFlinger's thread 0xb2513000 ready to run
I/CrashDescriptorStorageU( 2369): saveToSharedPreferences - Added last cleared cache to shared preferences = ; 1419479950017
I/CrashDescriptorStorageU( 2369): saveToSharedPreferences - Number of keys stored in shared preferences = ; 1
I/ArtifactUploader( 2369): uploadCrashEntries - Finished uploading artifacts. Uploaded 0 artifacts.;
E/ActivityThread( 2369): Failed to find provider info for com.amazon.dcp.settings
E/com.amazon.dcp.settings.SettingsCacheUpdater( 2369): Content provider for Device Settings not found, sync unable to start
I/com.amazon.dcp.settings.BackgroundSynchronizer( 2369): Wait for initial sync complete.
W/com.amazon.mShop.android/com.amazon.identity.auth.device.utils.ReflectionHelper( 2369): Failed to locate class named com.amazon.acos.util.AmazonBuild. If this is not a Kindle device, you can ignore this warning.
I/dex2oat ( 2449): /system/bin/dex2oat --runtime-arg -classpath --runtime-arg  --instruction-set=arm --instruction-set-features=div --runtime-arg -Xrelocate --boot-image=/system/framework/boot.art --dex-file=/data/data/com.amazon.mShop.android/app_dependencies/aiv.jar --oat-fd=31 --oat-location=/data/data/com.amazon.mShop.android/app_dependencies-cache/aiv.dex --runtime-arg -Xms64m --runtime-arg -Xmx512m
W/SoundTriggerHelper(30032): Recognition aborted
D/audio_hw_primary(30011): select_devices: out_snd_device(0: none) in_snd_device(55: voice-rec-mic)
D/msm8974_platform(30011): platform_send_audio_calibration: sending audio calibration for snd_device(55) acdb_id(62)
E/ACDB-LOADER(30011): Error: ACDB AudProc vol returned = -19
D/audio_hw_primary(30011): enable_snd_device: snd_device(55: voice-rec-mic)
I/MicrophoneInputStream(28155): mic_started gzi@9d35ffd
I/com.amazon.mShop.android/com.amazon.identity.auth.device.utils.CentralApkUtils( 2369): Cannot find amazon authenticator. returning null
D/audio_hw_primary(30011): enable_audio_route: apply and update mixer path: audio-record
I/com.amazon.mShop.android/com.amazon.identity.auth.device.utils.CentralApkUtils( 2369): No central apk detected. This should be a 3P device.
I/com.amazon.mShop.android/com.amazon.identity.auth.device.attribute.DeviceAttributeCache( 2369): Setting device attribute CentralAPK to false
I/dex2oat ( 2455): /system/bin/dex2oat --runtime-arg -classpath --runtime-arg  --instruction-set=arm --instruction-set-features=div --runtime-arg -Xrelocate --boot-image=/system/framework/boot.art --dex-file=/data/data/com.amazon.mShop.android/app_dependencies/cdp.jar --oat-fd=27 --oat-location=/data/data/com.amazon.mShop.android/app_dependencies-cache/cdp.dex --runtime-arg -Xms64m --runtime-arg -Xmx512m
I/com.amazon.mShop.android/com.amazon.identity.auth.device.utils.CentralApkUtils( 2369): Cannot find amazon authenticator. If this is 1P device, this is a bug!
I/dex2oat ( 2446): /system/bin/dex2oat --runtime-arg -classpath --runtime-arg  --instruction-set=arm --instruction-set-features=div --runtime-arg -Xrelocate --boot-image=/system/framework/boot.art --dex-file=/data/data/com.amazon.mShop.android/app_dependencies/voice.jar --oat-fd=30 --oat-location=/data/data/com.amazon.mShop.android/app_dependencies-cache/voice.dex --runtime-arg -Xms64m --runtime-arg -Xmx512m
D/TaskPersister(30032): removeObsoleteFile: deleting file=3173_task.xml
D/TaskPersister(30032): removeObsoleteFile: deleting file=3172_task.xml
D/TaskPersister(30032): removeObsoleteFile: deleting file=3173_task_thumbnail.png
I/AlwaysOnHotwordDetector(30340): onRecognitionPaused
I/GsaVoiceInteractionSrv(30340): onRecognitionPaused
I/HotwordWorker(28155): onReady
W/ResourcesManager(30629): Asset path '/system/framework/com.google.android.maps.jar' does not exist or contains no resources.
W/ResourcesManager(30629): Asset path '/system/framework/com.google.android.media.effects.jar' does not exist or contains no resources.
