W/ResourcesManager(30629): Asset path '/system/framework/com.google.android.maps.jar' does not exist or contains no resources.
W/ResourcesManager(30629): Asset path '/system/framework/com.google.android.maps.jar' does not exist or contains no resources.
W/art     (30032): Long monitor contention event with owner method=void com.android.server.net.NetworkStatsService$5.onReceive(android.content.Context, android.content.Intent) from NetworkStatsService.java:754 waiters=0 for 857ms
W/art     (30032): Long monitor contention event with owner method=void com.android.server.net.NetworkPolicyManagerService$5.onReceive(android.content.Context, android.content.Intent) from NetworkPolicyManagerService.java:522 waiters=0 for 815ms
W/ResourcesManager(30629): Asset path '/system/framework/com.google.android.maps.jar' does not exist or contains no resources.
W/ResourcesManager(30629): Asset path '/system/framework/com.google.android.maps.jar' does not exist or contains no resources.
W/ResourcesManager(30629): Asset path '/system/framework/com.google.android.maps.jar' does not exist or contains no resources.
I/com.amazon.mShop.android/com.amazon.identity.auth.device.storage.DistributedDataStorage( 2369): Am the latest application. Setting up alarm to clean database
W/OpenGLRenderer(30629): Incorrectly called buildLayer on View: aep, destroying layer...
W/OpenGLRenderer(30629): Incorrectly called buildLayer on View: aep, destroying layer...
I/AmazonAppstore.BasicBuildDetector( 2369): This is a RELEASE build
I/AmazonAppstore.AmazonApps/Application( 2369): APPLICATION_ONCREATE: 792
I/AmazonAppstore.AmazonApps/Application( 2369): Performance Metric Appstore.Recorder.Metrics.Event.App.OnCreate
I/AmazonApplication( 2369): Created Application object: com.amazon.venezia.Application
D/AmazonApplication( 2369): loading and initializing class com.amazon.avod.MShopAmazonInstantVideoDelegate
I/dex2oat ( 2446): dex2oat took 711.428ms (threads: 4)
D/VoicemailCleanupService( 1766): Cleaning up data for package: com.chriscartland.spaceshooter
I/ActivityManager(30032): Start proc com.android.musicfx for broadcast com.android.musicfx/.Compatibility$Receiver: pid=2489 uid=10018 gids={50018, 9997, 3003, 3002} abi=armeabi-v7a
I/ActivityManager(30032): Start proc com.android.keychain for broadcast com.android.keychain/.KeyChainBroadcastReceiver: pid=2509 uid=1000 gids={41000, 9997, 1028, 1015, 3002, 3001, 3003} abi=armeabi-v7a
I/ActivityManager(30032): Killing 1471:com.android.vending/u0a19 (adj 15): empty #17
I/com.amazon.mShop.android/com.amazon.identity.auth.accounts.MultipleAccountPluginHolder( 2369): Returning Default multiple profile settings
W/ContextImpl( 2509): Calling a method in the system process without a qualified user: android.app.ContextImpl.startService:1686 android.content.ContextWrapper.startService:515 android.content.ContextWrapper.startService:515 com.android.keychain.KeyChainBroadcastReceiver.onReceive:12 android.app.ActivityThread.handleReceiver:2579 
W/libprocessgroup(30032): failed to open /acct/uid_10019/pid_1471/cgroup.procs: No such file or directory
I/ActivityManager(30032): Start proc com.android.vending for broadcast com.android.vending/com.google.android.finsky.receivers.PackageMonitorReceiver$RegisteredReceiver: pid=2532 uid=10019 gids={50019, 9997, 3003, 1028, 1015} abi=armeabi-v7a
I/ActivityManager(30032): Killing 1712:com.google.android.apps.plus/u10a134 (adj 15): empty #17
I/com.amazon.mShop.android/com.amazon.identity.auth.device.utils.CentralApkUtils( 2369): Cannot find amazon authenticator. If this is 1P device, this is a bug!
I/com.amazon.mShop.android/com.amazon.identity.auth.device.utils.CentralApkUtils( 2369): Cannot find amazon authenticator. If this is 1P device, this is a bug!
I/AmazonAppstore.AccountSummaryProviderImpl( 2369): Set session account to value amzn1.account.AEHGO5RMNCWRTK3UFGAMD3X35TXA
I/AmazonAppstore.ResourceProvider( 2369): Reading resources from db cache.
W/libprocessgroup(30032): failed to open /acct/uid_1010134/pid_1712/cgroup.procs: No such file or directory
I/dex2oat ( 2455): dex2oat took 1.094s (threads: 4)
D/Finsky  ( 2532): [1] FinskyApp.onCreate: Initializing network with DFE https://android.clients.google.com/dogfood/fdfe/
D/Finsky  ( 2532): [1] DailyHygiene.goMakeHygieneIfDirty: No need to run daily hygiene.
I/ActivityManager(30032): Start proc com.google.android.gms:car for service com.google.android.gms/.car.CarService: pid=2569 uid=10011 gids={50011, 9997, 2001, 3003, 1007, 3006, 3002, 3001, 1028, 1015, 1005, 3007} abi=armeabi-v7a
I/AmazonAppstore.AmazonApps/Application( 2369): DexLoad: Application got resources loaded.
W/Settings( 2532): Setting download_manager_max_bytes_over_mobile has moved from android.provider.Settings.Secure to android.provider.Settings.Global.
W/ResourcesManager( 2569): Asset path '/system/framework/com.android.media.remotedisplay.jar' does not exist or contains no resources.
W/ResourcesManager( 2569): Asset path '/system/framework/com.android.location.provider.jar' does not exist or contains no resources.
W/Settings( 2532): Setting download_manager_recommended_max_bytes_over_mobile has moved from android.provider.Settings.Secure to android.provider.Settings.Global.
I/MultiDex( 2569): VM with version 2.1.0 has multidex support
I/MultiDex( 2569): install
I/MultiDex( 2569): VM has multidex support, MultiDex support library is disabled.
I/ProviderInstaller( 2569): Insert disabled by gate 'gms:security:enable_conscrypt_in_gms_application'
I/ConfigFetchService(30825): PackageReceiver: Intent { act=android.intent.action.PACKAGE_REMOVED dat=package:com.chriscartland.spaceshooter flg=0x4000010 cmp=com.google.android.gms/.config.ConfigFetchService$PackageReceiver (has extras) }
I/ConfigService(30496): onCreate
I/ConfigService(30496): onBind for Intent { act=com.google.android.gms.config.UPDATE pkg=com.google.android.gms } action com.google.android.gms.config.UPDATE
I/ConfigFetchService(30825): onStartCommand Intent { act=android.intent.action.PACKAGE_REMOVED dat=package:com.chriscartland.spaceshooter cmp=com.google.android.gms/.config.ConfigFetchService (has extras) }
I/ConfigService(30496): onBind returning update interface
I/ConfigService(30496): onBind for Intent { act=com.google.android.gms.config.START pkg=com.google.android.gms } action com.google.android.gms.config.START
I/ConfigService(30496): onBind returning config service
I/ActivityManager(30032): Killing 1826:com.android.providers.calendar/u10a3 (adj 15): empty #17
W/libprocessgroup(30032): failed to open /acct/uid_1010003/pid_1826/cgroup.procs: No such file or directory
I/ConfigService(30496): onDestroy
I/ActivityManager(30032): Killing 1848:com.google.android.calendar/u10a131 (adj 15): empty #17
W/art     (30032): Long monitor contention event with owner method=void com.android.server.am.ActivityManagerService.publishService(android.os.IBinder, android.content.Intent, android.os.IBinder) from ActivityManagerService.java:14935 waiters=0 for 105ms
W/libprocessgroup(30032): failed to open /acct/uid_1010131/pid_1848/cgroup.procs: No such file or directory
D/PackageBroadcastService(30825): Received broadcast action=android.intent.action.PACKAGE_REMOVED and uri=com.chriscartland.spaceshooter
D/AccountUtils(30825): Clearing selected account for com.chriscartland.spaceshooter
I/ActivityManager(30032): Start proc com.google.android.gms.ui for broadcast com.google.android.gms/com.google.android.location.settings.PackageChangeReceiver: pid=2597 uid=10011 gids={50011, 9997, 2001, 3003, 1007, 3006, 3002, 3001, 1028, 1015, 1005, 3007} abi=armeabi-v7a
I/art     (29778): Explicit concurrent mark sweep GC freed 706(30KB) AllocSpace objects, 0(0B) LOS objects, 39% free, 20MB/34MB, paused 2.602ms total 10.752ms
I/art     (29778): Explicit concurrent mark sweep GC freed 5(160B) AllocSpace objects, 0(0B) LOS objects, 39% free, 20MB/34MB, paused 177us total 8.308ms
I/art     (29778): Explicit concurrent mark sweep GC freed 5(160B) AllocSpace objects, 0(0B) LOS objects, 39% free, 20MB/34MB, paused 178us total 7.905ms
D/Finsky  ( 2532): [1] 2.run: Loaded library for account: [tZkcgWr6xlV69eGM899LEbmoG6w]
D/Finsky  ( 2532): [1] 2.run: Loaded library for account: [48JhTuS-J2H2vw3p1iJajTaRk0o]
W/ResourcesManager( 2597): Asset path '/system/framework/com.android.media.remotedisplay.jar' does not exist or contains no resources.
W/ResourcesManager( 2597): Asset path '/system/framework/com.android.location.provider.jar' does not exist or contains no resources.
V/Finsky  ( 2532): [1] GearheadStateMonitor.onReady: sIsProjecting:false
I/CAR.SERVICE( 2569): listener not found in list
E/SQLiteLog(30459): (284) automatic index on assetrefs(dataitems_id)
I/Icing   (30825): doRemovePackageData com.chriscartland.spaceshooter
W/GmsApplication(30825): Using Auth Proxy for data requests.
I/MultiDex( 2597): VM with version 2.1.0 has multidex support
W/GmsApplication(30825): Using Auth Proxy for data requests.
I/MultiDex( 2597): install
I/MultiDex( 2597): VM has multidex support, MultiDex support library is disabled.
I/ProviderInstaller( 2597): Insert disabled by gate 'gms:security:enable_conscrypt_in_gms_application'
I/LocationSettingsChecker( 2597): Removing dialog suppression flag for package com.chriscartland.spaceshooter
D/Finsky  ( 2532): [1] 2.run: Loaded library for account: [TWQhf90kE_DzXiFlo6g94TN5BP0]
D/Finsky  ( 2532): [1] 2.run: Finished loading 3 libraries.
D/Finsky  ( 2532): [1] GmsCoreHelper.cleanupNlp: result=false type=4
I/ActivityManager(30032): Start proc com.google.android.apps.docs for broadcast com.google.android.apps.docs/.receivers.AppPackageAddRemoveReceiver: pid=2635 uid=10091 gids={50091, 9997, 3003, 1028, 1015} abi=armeabi-v7a
D/Finsky  ( 2532): [1] RestoreTracker.stopServiceIfDone: Restore complete with 0 success and 0 failed.
I/ActivityManager(30032): Killing 1956:com.google.android.talk/u10a132 (adj 15): empty #17
W/art     (30032): Long monitor contention event with owner method=void com.android.server.am.ActivityManagerService.serviceDoneExecuting(android.os.IBinder, int, int, int) from ActivityManagerService.java:14955 waiters=1 for 105ms
W/libprocessgroup(30032): failed to open /acct/uid_1010132/pid_1956/cgroup.procs: No such file or directory
D/DocsApplication( 2635): Plugin installer initialized.
I/PackageInfoHelper( 2635): Provided clientMode=DOGFOOD, packageInfo=PackageInfo{29c99dd7 com.google.android.apps.docs}
D/TAG     ( 2635): onCreate()
D/CrossAppStateProvider( 2635): Initialized StateProvider with authority: com.google.android.apps.docs.statesyncer
D/DocsApplication( 2635): in DocsApplication.onCreate; process name 'com.google.android.apps.docs'
I/ActivityManager(30032): Killing 1992:com.netgate/u0a182 (adj 15): empty #17
W/libprocessgroup(30032): failed to open /acct/uid_10182/pid_1992/cgroup.procs: No such file or directory
D/HeadsetStateMachine(32105): Disconnected process message: 10, size: 0
I/FeatureCheckerImpl( 2635): Configured disabled features: []
D/DocListDatabase( 2635): openHelper points on new database: DocList.db
D/AbstractDatabaseInstance( 2635): asyncOpen
D/AbstractDatabaseInstance( 2635): About to open database DatabaseHelper[DocList.db], com.google.android.gms.drive.database.DocListDatabase@358ffc48
D/DriveOrEditorPackageChangedReceiver( 2635): package com.google.android.apps.docs receive intent Intent { act=android.intent.action.PACKAGE_REMOVED dat=package:com.chriscartland.spaceshooter flg=0x4000010 cmp=com.google.android.apps.docs/.receivers.AppPackageAddRemoveReceiver (has extras) }
D/DatabaseModelLoader( 2635): Deleted 0 old cachedSearches in 1 msec
D/ObsoleteDataCleanerImpl( 2635): Purging 0 accounts: []
W/GAV2    ( 2635): Thread[main,5,main]: Need to call initialize() and be in fallback mode to start dispatch.
I/ActivityManager(30032): Start proc com.google.android.apps.enterprise.dmagent for broadcast com.google.android.apps.enterprise.dmagent/.AppUpdateReceiver: pid=2670 uid=10040 gids={50040, 9997, 3003, 1028, 1015} abi=armeabi-v7a
D/AbstractDatabaseInstance( 2635): Database already locked, backing off
D/AbstractDatabaseInstance( 2635): Backed off for 121 msec
W/art     ( 2635): Long monitor contention event with owner method=void java.lang.Thread.sleep!(java.lang.Object, long, int) from Thread.java:4294967294 waiters=1 for 123ms
I/ActivityManager(30032): Killing 2010:com.google.android.talk/u0a132 (adj 15): empty #17
D/AbstractDatabaseInstance( 2635): Backed off for 216 msec
W/libprocessgroup(30032): failed to open /acct/uid_10132/pid_2010/cgroup.procs: No such file or directory
I/UpdateIcingCorporaServi(28155): Updating corpora: APPS=com.chriscartland.spaceshooter, CONTACTS=MAYBE
W/Launcher(30629): setApplicationContext called twice! old=com.google.android.velvet.VelvetApplication@2c3470cf new=com.google.android.velvet.VelvetApplication@2c3470cf
I/ActivityManager(30032): Start proc com.foursquare.robin for broadcast com.foursquare.robin/.receiver.UninstallReceiver: pid=2694 uid=10105 gids={50105, 9997, 3003, 1028, 1015} abi=armeabi-v7a
D/AbstractDatabaseInstance( 2635): Backed off for 317 msec
I/MultiDex( 2694): VM with version 2.1.0 has multidex support
I/MultiDex( 2694): install
I/MultiDex( 2694): VM has multidex support, MultiDex support library is disabled.
I/Crashlytics( 2694): Initializing Crashlytics 1.2.2.3
I/ApplicationLogger(28155): canRun() : Opted Out
I/UpdateIcingCorporaServi(28155): UpdateCorporaTask done [took 136 ms] updated apps [took 136 ms] 
D/AbstractDatabaseInstance( 2635): Backed off for 619 msec
W/GAV2    ( 2635): Thread[main,5,main]: dispatch call queued.  Need to call GAServiceManager.getInstance().initialize().
I/ActivityManager(30032): Killing 1095:com.google.android.youtube/u10a142 (adj 15): empty #17
W/libprocessgroup(30032): failed to open /acct/uid_1010142/pid_1095/cgroup.procs: No such file or directory
D/FiksuTracking( 2694): ForegroundTester thread started, process: 2694
I/ActivityManager(30032): Killing 932:com.google.android.googlequicksearchbox:search/u10a28 (adj 15): empty #17
I/dex2oat ( 2449): dex2oat took 4.565s (threads: 4)
D/WifiService(30032): Client connection lost with reason: 4
W/art     (30032): Long monitor contention event with owner method=void com.android.server.am.BroadcastQueue.processNextBroadcast(boolean) from BroadcastQueue.java:542 waiters=0 for 110ms
W/libprocessgroup(30032): failed to open /acct/uid_1010028/pid_932/cgroup.procs: No such file or directory
I/ActivityManager(30032): Killing 2119:com.android.providers.calendar/u0a3 (adj 15): empty #17
W/art     (30032): Long monitor contention event with owner method=void com.android.server.am.ActivityManagerService.serviceDoneExecuting(android.os.IBinder, int, int, int) from ActivityManagerService.java:14955 waiters=0 for 212ms
W/art     (30032): Long monitor contention event with owner method=void com.android.server.am.ActivityManagerService.serviceDoneExecuting(android.os.IBinder, int, int, int) from ActivityManagerService.java:14955 waiters=3 for 204ms
W/libprocessgroup(30032): failed to open /acct/uid_10003/pid_2119/cgroup.procs: No such file or directory
I/AmazonVideo.session( 2369): SessionManager.initialize: Using retriever type COOKIE.
I/AmazonVideo.connectivity( 2369): NetworkConnectionManager$ConnectivityChangeReceiver.onReceive: Received CONNECTIVITY_ACTION intent. Refreshing network info.
I/AmazonVideo.connectivity( 2369): NetworkConnectionManager.notifyListeners: Network Change: DetailedNetworkInfo[type=NONE, state=NO_ACCESS, extra=0] --> DetailedNetworkInfo[type=WIFI, state=FULL_ACCESS, extra=-158053771]
I/ActivityManager(30032): Start proc com.android.documentsui for broadcast com.android.documentsui/.PackageReceiver: pid=2751 uid=10042 gids={50042, 9997} abi=armeabi-v7a
I/AmazonVideo.profiler( 2369): Marker[SESSION_RETRIEVAL_START] null
I/AmazonVideo.profiler( 2369): Marker[SESSION_RETRIEVER_TYPE_COOKIE] null
I/AmazonVideo.util( 2369): ConfigTaskScheduler.schedule: Scheduling refresh after 9747099 millis
W/art     ( 2369): Suspending all threads took: 19.510ms
I/WebViewFactory( 2369): Loading com.google.android.webview version 37 (1570415-arm) (code 109801)
I/Icing   (30825): Indexing F4C7BA3DFD423B1E2979AA9EC1EB223BCF6528F3 from com.google.android.googlequicksearchbox
I/LibraryLoader( 2369): Loading: webviewchromium
I/LibraryLoader( 2369): Time to load native libraries: 3 ms (timestamps 1652-1655)
I/LibraryLoader( 2369): Expected native library version number "",actual native library version number ""
W/art     ( 2369): Attempt to remove local handle scope entry from IRT, ignoring
I/ActivityManager(30032): Killing 2141:com.google.android.calendar/u0a131 (adj 15): empty #17
W/art     ( 2369): Long monitor contention event with owner method=boolean android.webkit.WebViewFactory.nativeLoadWithRelroFile(java.lang.String, java.lang.String, java.lang.String, java.lang.String) from WebViewFactory.java:4294967294 waiters=0 for 109ms
I/AmazonVideo.identity( 2369): PersistenceStore.safeReadString: Read persistence store for key=[current_pfm_id] to value=[ATVPDKIKX0DER]
I/AmazonVideo.identity( 2369): DeviceProperties.initialize: ATV Client Version: 5.2.0-5.2.78.0
I/com.amazon.mShop.android/com.amazon.identity.auth.device.utils.CentralApkUtils( 2369): Cannot find amazon authenticator. If this is 1P device, this is a bug!
W/com.amazon.mShop.android/com.amazon.identity.auth.device.framework.SSODeviceInfo( 2369): Device does not have a valid Amazon serial number. If this is an Amazon Device set Build.SERIAL to the serial number and set Build.MANUFACTURER to 'Amazon'.
I/AmazonVideo.identity( 2369): DeviceProperties.initialize: Finished initializing deviceProperties. deviceTypeId=A1MPSLFC7L5AFK
I/com.amazon.mShop.android/com.amazon.identity.auth.device.utils.CentralApkUtils( 2369): Cannot find amazon authenticator. If this is 1P device, this is a bug!
I/com.amazon.mShop.android/com.amazon.identity.auth.device.utils.CentralApkUtils( 2369): Cannot find amazon authenticator. If this is 1P device, this is a bug!
D/AbstractMetricsFactoryImpl( 2369): record : No data points in metrics event
I/com.amazon.mShop.android/com.amazon.identity.auth.device.utils.CentralApkUtils( 2369): Cannot find amazon authenticator. If this is 1P device, this is a bug!
I/com.amazon.mShop.android/com.amazon.identity.auth.device.utils.CentralApkUtils( 2369): Cannot find amazon authenticator. If this is 1P device, this is a bug!
I/AmazonVideo.identity( 2369): PersistenceStore.safeReadString: Read persistence store for key=[current_pfm_id] to value=[ATVPDKIKX0DER]
I/AmazonVideo.identity( 2369): PersistenceStore.safeReadString: Read persistence store for key=[current_directed_id] to value=[amzn1.account.AEHGO5RMNCWRTK3UFGAMD3X35TXA]
I/AmazonVideo.identity( 2369): PersistenceStore.safeWriteString: Write to persistence store for key=[current_directed_id] to value=[amzn1.account.AEHGO5RMNCWRTK3UFGAMD3X35TXA]
I/AmazonVideo.identity( 2369): PersistenceStore.safeWriteString: Write to persistence store for key=[current_pfm_id] to value=[ATVPDKIKX0DER]
I/AmazonVideo.profiler( 2369): Marker[SESSION_RETRIEVAL_SUCCESS] null
I/AmazonVideo.profiler( 2369): Metric[name=SessionMetric-RetrievalSuccess-COOKIE, type=Metric, duration=127]
I/AmazonVideo.util( 2369): InitializationLatch.start: Entered initialize for com.amazon.avod.ServiceClientSharedComponents@37f41baa
I/AmazonVideo.util( 2369): InitializationLatch.complete: Completed initialize for com.amazon.avod.ServiceClientSharedComponents@37f41baa
I/AmazonVideo.syncservice( 2369): SyncDispatcher.setSyncComponents: SyncDispatcher initialized with 2 components
I/DIFramework( 2369): DependencyInjectorFactory is bound with amazon.android.di.dagger.DaggerDependencyInjectorSupplier@168c5705.
I/ActivityManager(30032): Start proc com.android.externalstorage for content provider com.android.externalstorage/.ExternalStorageProvider: pid=2797 uid=10010 gids={50010, 9997, 1028, 1015, 1023} abi=armeabi-v7a
W/libprocessgroup(30032): failed to open /acct/uid_10131/pid_2141/cgroup.procs: No such file or directory
I/ActivityManager(30032): Killing 2216:com.google.android.youtube/u0a142 (adj 15): empty #17
I/AmazonVideo.media( 2369): MediaSystem.initialize: Could not create hardware module com.amazon.avod.playback.renderer.guice.OMXILModule_Dagger, reverting to software.
I/Icing   (30825): Indexing done F4C7BA3DFD423B1E2979AA9EC1EB223BCF6528F3
I/AmazonVideo.syncservice( 2369): OnlineScheduledServiceDelegate.schedule: Starting AIV.SyncService service
W/libprocessgroup(30032): failed to open /acct/uid_10142/pid_2216/cgroup.procs: No such file or directory
D/ExternalStorage( 2797): After updating volumes, found 1 active roots
E/WifiStateMachine(30032): WifiStateMachine CMD_START_SCAN source -2 txSuccessRate=17.06 rxSuccessRate=13.12 targetRoamBSSID=any RSSI=-67
E/WifiStateMachine(30032): WifiStateMachine starting scan for "Cartland"WPA_PSK with 2447
I/wpa_supplicant(30136): wlan0: CTRL-EVENT-SCAN-STARTED 
I/AmazonVideo.media( 2369): DeviceConfiguration.intialize: DeviceConfiguration Width=2560, Height=1440
D/GCM     (30496): GcmService start Intent { act=com.google.android.gms.INITIALIZE flg=0x10 pkg=com.google.android.gms cmp=com.google.android.gms/.gcm.GcmService } com.google.android.gms.INITIALIZE
D/AuthorizationBluetoothService(30496): Received GmsCore event: Intent { act=com.google.android.gms.INITIALIZE flg=0x10 pkg=com.google.android.gms cmp=com.google.android.gms/.auth.be.proximity.authorization.bt.AuthorizationBluetoothService$AutoStarter }.
D/LocationInitializer(30825): Restart initialization of location
D/c       (30496): Getting all permits...
D/a       (30496): Opening database...
D/a       (30496): Opening database auth.proximity.permit_store...
D/a       (30496): Closing database...
I/Fitness (30825): GmsCore initialized.  Initializing Fitness
D/GCM     (30496): GcmService start Intent { act=com.google.android.gms.INITIALIZE flg=0x10 pkg=com.google.android.gms cmp=com.google.android.gms/.gcm.GcmService } com.google.android.gms.INITIALIZE
D/AuthorizationBluetoothService(30496): Received GmsCore event: Intent { act=com.google.android.gms.INITIALIZE flg=0x10 pkg=com.google.android.gms cmp=com.google.android.gms/.auth.be.proximity.authorization.bt.AuthorizationBluetoothService$AutoStarter }.
D/c       (30496): Getting all permits...
D/a       (30496): Opening database...
D/LocationInitializer(30825): Restart initialization of location
D/a       (30496): Opening database auth.proximity.permit_store...
D/a       (30496): Closing database...
I/Fitness (30825): GmsCore initialized.  Initializing Fitness
I/AmazonVideo.media( 2369): DownloadThrottle.<init>: DownloadThrottle: Disabled, factor: 1.000000, max delay: 4000ms
I/art     ( 2369): Note: end time exceeds epoch: 
I/AmazonAppstore.ResourceCacheImpl( 2369): Manually updating resource cache
D/Documents( 2751): Update found 9 roots in 443ms
D/Documents( 2751): Update found 9 roots in 178ms
I/AmazonVideo.media( 2369): DownloadQueueManager.reload: Refreshing download queue
I/AmazonVideo.media( 2369): DownloadQueueManager$1.run: Deleting orphaned files on startup
I/AmazonVideo.media( 2369): MediaSystem.initialize: Initializing media component SmoothStreamingQosManager
I/AmazonVideo.media( 2369): MediaSystem.initialize: Initializing media component QosEventModelMediaComponent
I/AmazonVideo.media( 2369): MediaSystem.initialize: Initializing media component DrmLicenseCleaner
I/AmazonVideo.media( 2369): MediaSystem.initialize: Initializing media component LicenseManager
I/AmazonVideo.drm( 2369): DrmLicenseCleaner$1.run: Deleting all expired licenses on MediaComponent initialization.
I/AmazonVideo.media( 2369): MediaSystem.initialize: Initializing media component DownloadManagerBroadcastReceiver
I/AmazonVideo.drm( 2369): PlayReadyDrmSystem.deleteExpiredLicenses: Deleting expired licenses from PlayReady license store
I/AmazonVideo.media( 2369): DownloadManagerBroadcastReceiver.startReceiver: Download manager receiver is registered.
I/AmazonVideo.media( 2369): MediaSystem.initialize: Initializing media component PlaybackNativeLibrariesLoader
I/AmazonVideo.media( 2369): MediaSystem.initialize: Initializing media component FileBackedContentStore
I/AmazonVideo.media( 2369): PlaybackNativeLibrariesLoader.loadNativeLibraries: Loading library voOSCEngine
I/AmazonVideo.media( 2369): PlaybackNativeLibrariesLoader.loadNativeLibraries: Loading library AIVVisualOnRenderer
W/linker  ( 2369): libAIVVisualOnRenderer.so has text relocations. This is wasting memory and prevents security hardening. Please fix.
I/AmazonVideo.media( 2369): PlaybackNativeLibrariesLoader.loadNativeLibraries: Loading library amzsspk
W/linker  ( 2369): libamzsspk.so has text relocations. This is wasting memory and prevents security hardening. Please fix.
I/AmazonVideo.media( 2369): PlaybackNativeLibrariesLoader.loadNativeLibraries: Loading library voOSCEngine
I/AmazonVideo.media( 2369): PlaybackNativeLibrariesLoader.loadNativeLibraries: Loading library AIVVisualOnRenderer
I/AmazonVideo.media( 2369): PlaybackNativeLibrariesLoader.loadNativeLibraries: Loading library AIVPlayReadyLicensing
I/AmazonVideo.drm( 2369): SoftwarePlayReadyInitialization.initialize: DRM sub-system initializing with system path: /data/data/com.amazon.mShop.android/files/playready/system
I/AmazonVideo.drm( 2369): SoftwarePlayReadyInitialization.initialize: Initializing license store: /data/data/com.amazon.mShop.android/files/playready/aivdatastore.hds
I/        ( 2369): T2842: DrmContext::DrmContext: Creating context object with store path /data/data/com.amazon.mShop.android/files/playready/aivdatastore.hds and system directory /data/data/com.amazon.mShop.android/files/playready/system.
I/        ( 2369): T2842: DrmContext::initializePlayReadyInternal: Initializing DRM store /data/data/com.amazon.mShop.android/files/playready/aivdatastore.hds.
I/AmazonVideo.content( 2369): RuntimeDeviceCapabilityBasedBitrateResolver.getHighestSustainableBitrate: The calculated bitrate cap value is 2147483647
I/AmazonVideo.content( 2369): RuntimeDeviceCapabilityBasedBitrateResolver.getHighestSustainableBitrate: The calculated bitrate cap value is 2147483647
D/AmazonApplication( 2369): loading and initializing class com.amazon.avod.playbackclient.settings.page.MobileStreamingQualitySettingsFragmentFactoryDelegate
I/        ( 2369): T2842: DrmSession::getDrmSession: Trying to get a session id: DrmLicensingSession
I/        ( 2369): T2842: DrmSession::getDrmSession: Created a new DRM Session DrmLicensingSession (0xa1d913c0)
I/Process ( 2569): Sending signal. PID: 2569 SIG: 9
E/lowmemorykiller(  243): Error writing /proc/2569/oom_score_adj; errno=22
I/ActivityManager(30032): Process com.google.android.gms:car (pid 2569) has died
I/GAV2    ( 2635): Thread[GAThread,5,main]: No campaign data found.
W/GAV4    (30825): Thread[Thread-10533,5,main]:  Using destination https://ssl.google-analytics.com
W/GAV4    (30825): Thread[Thread-10533,5,main]:  Using destination https://ssl.google-analytics.com
W/GAV4    (30825): Thread[Thread-10533,5,main]:  Using destination https://ssl.google-analytics.com
W/GAV4    (30825): Thread[Thread-10533,5,main]:  Using destination https://ssl.google-analytics.com
W/GAV4    (30825): Thread[Thread-10533,5,main]:  Using destination https://ssl.google-analytics.com
W/GAV4    (30825): Thread[Thread-10533,5,main]:  Using destination https://ssl.google-analytics.com
W/GAV4    (30825): Thread[Thread-10533,5,main]:  Using destination https://ssl.google-analytics.com
W/GAV4    (30825): Thread[Thread-10533,5,main]:  Using destination https://ssl.google-analytics.com
W/GAV4    (30825): Thread[Thread-10533,5,main]:  Using destination https://ssl.google-analytics.com
W/GAV4    (30825): Thread[Thread-10533,5,main]:  Using destination https://ssl.google-analytics.com
W/GAV4    (30825): Thread[Thread-10533,5,main]:  Using destination https://ssl.google-analytics.com
W/GAV4    (30825): Thread[Thread-10533,5,main]:  Using destination https://ssl.google-analytics.com
W/GAV4    (30825): Thread[Thread-10533,5,main]:  Using destination https://ssl.google-analytics.com
W/GAV4    (30825): Thread[Thread-10533,5,main]:  Using destination https://ssl.google-analytics.com
W/GAV4    (30825): Thread[Thread-10533,5,main]:  Using destination https://ssl.google-analytics.com
W/GAV4    (30825): Thread[Thread-10533,5,main]:  Using destination https://ssl.google-analytics.com
W/CodeLoaderInitializer( 2369): Nothing to see here.
D/WifiService(30032): acquireWifiLockLocked: WifiLock{ResourceUpdateService type=1 binder=android.os.BinderProxy@145245f3}
I/AmazonAppstore.PdiBroadcastReceiver( 2369): Received Application startup broadcast. Setting cleanup intent to start in 60 seconds.
I/AmazonAppstore.PdiBroadcastReceiver( 2369): Received Appication startup broadcast. Wake up download service
I/AmazonAppstore.DownloaderFactory( 2369): AmazonDownloadManager not supported
I/AmazonAppstore.BasicDownloader( 2369): new basic downloader created
I/ActivityManager(30032): Waited long enough for: ServiceRecord{2a1260c7 u0 com.amazon.mShop.android/com.amazon.mas.client.locker.service.appmgr.AppManagerService}
I/AmazonAppstore.MinPriorityThreadFactory( 2369): MinPriorityThreadFactory is created
I/AmazonAppstore.BasicDownloader( 2369): start reading queue
I/AmazonAppstore.BasicDownloader( 2369): queue read job submitted
I/AmazonAppstore.QueueReaderTask( 2369): callable's call called
I/AmazonAppstore.BasicDownloader( 2369): isIdle called
I/AmazonAppstore.BasicDownloader( 2369): isIdle returning false
I/AmazonAppstore.QueueReaderTask( 2369): 0rows read.
D/WifiService(30032): releaseWifiLockLocked: WifiLock{ResourceUpdateService type=1 binder=android.os.BinderProxy@145245f3}
I/AmazonAppstore.BasicDownloader( 2369): isIdle called
I/AmazonAppstore.BasicDownloader( 2369): isIdle returning true
D/WifiService(30032): acquireWifiLockLocked: WifiLock{ServiceConfigService type=1 binder=android.os.BinderProxy@2d4589ba}
I/AvailabilitySDK( 2369): scheduled configuration update @ 2014-12-28 06:19:46 (repeating)
I/AvailabilitySDK( 2369): created schedule @ 2014-12-27 17:10:48
I/AmazonAppstore.Install/InstallService( 2369): Receive action: com.amazon.mas.client.install.PROCESS_ALL
W/AmazonAppstore.Install/InstallService( 2369): ACTION_PROCESS_ALL is supported only for silent installs.
I/AmazonAppstore.Install/InstallHandler( 2369): InstallService stopSelf(1)
D/WifiService(30032): releaseWifiLockLocked: WifiLock{ServiceConfigService type=1 binder=android.os.BinderProxy@2d4589ba}
I/AmazonAppstore.AmazonApps/CrashReporterBroadcastReceiver( 2369): Starting up reporting
I/AmazonAppstore.CrashReporter/CrashReportBroadcastReceiver( 2369): Broadcast Receiver not in manifest; ignoring
I/AmazonAppstore.AppstoreFtueService( 2369): request to send FTUE broadcast ignored as we've already broadcast it
I/AmazonAppstore.CrashReporter/CrashReporterServiceDelegate( 2369): Running task for: SystemJvm 10 reports (1 per task)
I/AmazonAppstore.CrashReporter/CrashReporterServiceDelegate( 2369): Running task for: DataJvm 10 reports (1 per task)
I/AmazonAppstore.CrashReporter/CrashReporterServiceDelegate( 2369): Running task for: SystemAnr 10 reports (1 per task)
I/AmazonAppstore.CrashReporter/CrashReporterServiceDelegate( 2369): Running task for: DataAnr 10 reports (1 per task)
I/AmazonAppstore.CrashReporter/CrashReporterServiceDelegate( 2369): Running task for: SystemTombstone 10 reports (1 per task)
I/AmazonAppstore.CrashReporter/CrashReporterServiceDelegate( 2369): Running task for: DataTombstone 10 reports (1 per task)
I/AmazonAppstore.CrashReporter/CrashReporterServiceDelegate( 2369): Running task for: Js 10 reports (1 per task)
I/AmazonAppstore.CrashReporter/CrashReporterServiceDelegate( 2369): Running task for: SelfCaught 10 reports (1 per task)
D/WifiService(30032): acquireWifiLockLocked: WifiLock{MASClientLocker.LockerSyncService type=1 binder=android.os.BinderProxy@1f2b847}
I/AmazonAppstore.LockerSyncDecisionDelegate( 2369): handling intent action 'com.amazon.mas.client.application.SCHEDULE_ALARMS'
I/AmazonAppstore.LockerSyncDecisionDelegate( 2369): Handling broadcast 'com.amazon.mas.client.application.SCHEDULE_ALARMS'
I/AmazonAppstore.LockerSyncDecisionDelegate( 2369): Locker has previously synced.  Calling SchedulePeriodicWork.scheduleWork() with previousIntervalMillis=86400000
D/WifiService(30032): acquireWifiLockLocked: WifiLock{TokenRefreshService type=1 binder=android.os.BinderProxy@349891e3}
D/WifiService(30032): releaseWifiLockLocked: WifiLock{MASClientLocker.LockerSyncService type=1 binder=android.os.BinderProxy@1f2b847}
D/WifiService(30032): releaseWifiLockLocked: WifiLock{TokenRefreshService type=1 binder=android.os.BinderProxy@349891e3}
D/AndroidRuntime( 2882): 
D/AndroidRuntime( 2882): >>>>>> AndroidRuntime START com.android.internal.os.RuntimeInit <<<<<<
D/AndroidRuntime( 2882): CheckJNI is OFF
D/AndroidRuntime( 2882): Calling main entry com.android.commands.pm.Pm
D/Finsky  ( 2532): [1] PackageVerificationReceiver.onReceive: Verification requested, id = 9
D/Finsky  ( 2532): [1] WorkerTask.onPreExecute: Verification Requested for id = 9, data=file:///data/local/tmp/Google%20Android%20Project.apk flags=114 fromVerificationActivity=false
I/ActivityManager(30032): Start proc com.android.vending for broadcast com.android.vending/com.google.android.vending.verifier.PackageVerificationReceiver: pid=2897 uid=1010019 gids={50019, 1009997, 3003, 1028, 1015} abi=armeabi-v7a
D/Finsky  ( 2897): [1] FinskyApp.onCreate: Initializing network with DFE https://android.clients.google.com/dogfood/fdfe/
D/Finsky  ( 2532): [1] 5.onFinished: Installation state replication succeeded.
D/Finsky  ( 2897): [1] DailyHygiene.goMakeHygieneIfDirty: No need to run daily hygiene.
I/ActivityManager(30032): Start proc com.google.android.gms:car for service com.google.android.gms/.car.CarService: pid=2934 uid=1010011 gids={50011, 1009997, 2001, 3003, 1007, 3006, 3002, 3001, 1028, 1015, 1005, 3007} abi=armeabi-v7a
W/Settings( 2897): Setting download_manager_max_bytes_over_mobile has moved from android.provider.Settings.Secure to android.provider.Settings.Global.
W/Settings( 2897): Setting download_manager_recommended_max_bytes_over_mobile has moved from android.provider.Settings.Secure to android.provider.Settings.Global.
W/ResourcesManager( 2934): Asset path '/system/framework/com.android.media.remotedisplay.jar' does not exist or contains no resources.
W/ResourcesManager( 2934): Asset path '/system/framework/com.android.location.provider.jar' does not exist or contains no resources.
I/MultiDex( 2934): VM with version 2.1.0 has multidex support
I/MultiDex( 2934): install
I/MultiDex( 2934): VM has multidex support, MultiDex support library is disabled.
D/Finsky  ( 2897): [1] PackageVerificationReceiver.onReceive: Verification requested, id = 9
D/Finsky  ( 2897): [1] 2.run: Loaded library for account: [cqzMMqDh9oODDRYGMI3fhShSa4s]
D/Finsky  ( 2897): [1] 2.run: Finished loading 1 libraries.
V/JNIHelp ( 2934): Registering com/google/android/gms/org/conscrypt/NativeCrypto's 235 native methods...
D/Finsky  ( 2897): [1] WorkerTask.onPreExecute: Verification Requested for id = 9, data=file:///data/local/tmp/Google%20Android%20Project.apk flags=114 fromVerificationActivity=false
I/ProviderInstaller( 2934): Installed default security provider GmsCore_OpenSSL
D/AuthorizationBluetoothService( 2724): Received GmsCore event: Intent { act=com.google.android.gms.INITIALIZE flg=0x10 pkg=com.google.android.gms cmp=com.google.android.gms/.auth.be.proximity.authorization.bt.AuthorizationBluetoothService$AutoStarter }.
D/c       ( 2724): Getting all permits...
D/a       ( 2724): Opening database...
D/LocationInitializer(24962): Restart initialization of location
D/a       ( 2724): Opening database auth.proximity.permit_store...
D/a       ( 2724): Closing database...
D/Finsky  ( 2897): [1] GmsCoreHelper.cleanupNlp: result=false type=4
D/Finsky  ( 2897): [1] RestoreTracker.stopServiceIfDone: Restore complete with 0 success and 0 failed.
V/Finsky  ( 2897): [1] GearheadStateMonitor.onReady: sIsProjecting:false
I/CAR.SERVICE( 2934): listener not found in list
D/Finsky  ( 2532): [1] 2.onResponse: Verification id=9 response=0
D/DefContainer( 2407): Copying /data/local/tmp/Google Android Project.apk to base.apk
D/Finsky  ( 2532): [1] PackageVerificationReceiver.onReceive: Verification requested, id = 9
D/Finsky  ( 2897): [1] PackageVerificationReceiver.onReceive: Verification requested, id = 9
D/Finsky  ( 2897): [1] PackageVerificationService.cancelVerificationIntent: Cancel active verification id=9
D/Finsky  ( 2897): [1] 2.onResponse: Verification id=9 response=0
E/WifiStateMachine(30032): WifiStateMachine CMD_START_SCAN source -2 txSuccessRate=1.57 rxSuccessRate=1.38 targetRoamBSSID=any RSSI=-69
I/wpa_supplicant(30136): wlan0: CTRL-EVENT-SCAN-STARTED 
I/art     (30032): Explicit concurrent mark sweep GC freed 41813(3MB) AllocSpace objects, 8(2046KB) LOS objects, 20% free, 60MB/76MB, paused 1.161ms total 261.952ms
I/ActivityManager(30032): Start proc com.google.android.talk for broadcast com.google.android.talk/com.google.android.apps.hangouts.realtimechat.MessagesAvailableReceiver: pid=2968 uid=1010132 gids={50132, 1009997, 3003, 1028, 1015, 3002} abi=armeabi-v7a
D/GCM     (30496): Message class com.google.e.a.a.h
W/ResourcesManager( 2968): Asset path '/system/framework/com.google.android.media.effects.jar' does not exist or contains no resources.
I/Babel   ( 2968): MmsConfig: mnc/mcc: 310/260
I/Babel   ( 2968): MmsConfig.loadMmsSettings
I/Babel   ( 2968): MmsConfig.loadDeviceMmsSettings from API: mUserAgent=nexus6, mUaProfUrl=http://uaprof.motorola.com/phoneconfig/nexus6/Profile/nexus6.rdf
I/Babel   ( 2968): MmsConfig.loadFromDatabase
E/SQLiteLog( 2968): (1) no such table: mmsconfig
I/Babel   ( 2968): MmsConfig: no mmsconfig table android.database.sqlite.SQLiteException: no such table: mmsconfig (code 1): , while compiling: SELECT key, value, type FROM mmsconfig WHERE numeric=?
I/Babel   ( 2968): MmsConfig.loadFromResources
W/Settings( 2968): Setting airplane_mode_on has moved from android.provider.Settings.System to android.provider.Settings.Global, returning read-only value.
E/Babel   ( 2968): canonicalizeMccMnc: invalid mccmnc nullnull
W/Babel   ( 2968): MmsConfig: invalid key=userAgent or type=string
W/Babel   ( 2968): MmsConfig: invalid key=uaProfUrl or type=string
I/Babel   ( 2968): MmsConfig.loadMmsSettings: mUserAgent=nexus6, mUaProfUrl=http://uaprof.motorola.com/phoneconfig/nexus6/Profile/nexus6.rdf
I/Babel_StickerModule( 2968): App launched.
W/VideoCapabilities( 2968): Unrecognized profile 2130706433 for video/avc
W/PackageManager(30032): Invalid verification token 9 received
I/VideoCapabilities( 2968): Unsupported profile 4 for video/mp4v-es
I/ActivityManager(30032): Killing 2169:slide.watchFrenzy/u0a189 (adj 15): empty #17
W/libprocessgroup(30032): failed to open /acct/uid_10189/pid_2169/cgroup.procs: No such file or directory
D/PackageManager(30032): Renaming /data/app/vmdl1576557844.tmp to /data/app/com.chriscartland.spaceshooter-1
I/ActivityManager(30032): Force stopping com.chriscartland.spaceshooter appid=10190 user=-1: uninstall pkg
I/PackageManager(30032): Package com.chriscartland.spaceshooter codePath changed from /data/app/com.chriscartland.spaceshooter-2 to /data/app/com.chriscartland.spaceshooter-1; Retaining data and using new
I/art     (30032): DexFile_isDexOptNeeded failed to open oat file '/data/dalvik-cache/arm/data@app@com.chriscartland.spaceshooter-1@base.apk@classes.dex' for file location '/data/app/com.chriscartland.spaceshooter-1/base.apk': Failed to open oat filename for reading: No such file or directory
I/art     (30032): DexFile_isDexOptNeeded failed to open oat file '/data/app/com.chriscartland.spaceshooter-1/arm/base.odex' for file location '/data/app/com.chriscartland.spaceshooter-1/base.apk': Failed to open oat filename for reading: No such file or directory
I/PackageManager(30032): Running dexopt on: /data/app/com.chriscartland.spaceshooter-1/base.apk pkg=com.chriscartland.spaceshooter isa=arm vmSafeMode=false
I/dex2oat ( 2998): /system/bin/dex2oat --zip-fd=6 --zip-location=/data/app/com.chriscartland.spaceshooter-1/base.apk --oat-fd=7 --oat-location=/data/dalvik-cache/arm/data@app@com.chriscartland.spaceshooter-1@base.apk@classes.dex --instruction-set=arm --instruction-set-features=div --runtime-arg -Xms64m --runtime-arg -Xmx512m
I/dex2oat ( 2998): dex2oat took 144.255ms (threads: 4)
I/ActivityManager(30032): Force stopping com.chriscartland.spaceshooter appid=10190 user=-1: update pkg
W/PackageManager(30032): Code path for pkg : com.chriscartland.spaceshooter changing from /data/app/com.chriscartland.spaceshooter-2 to /data/app/com.chriscartland.spaceshooter-1
W/PackageManager(30032): Resource path for pkg : com.chriscartland.spaceshooter changing from /data/app/com.chriscartland.spaceshooter-2 to /data/app/com.chriscartland.spaceshooter-1
I/ActivityManager(30032): Force stopping com.chriscartland.spaceshooter appid=10190 user=10: pkg removed
I/ActivityManager(30032): Killing 2334:com.android.packageinstaller/u0a56 (adj 15): empty #17
D/JobSchedulerService(30032): Receieved: android.intent.action.PACKAGE_REMOVED
I/InputReader(30032): Reconfiguring input devices.  changes=0x00000010
I/ActivityManager(30032): Start proc android.process.acore for broadcast com.android.providers.contacts/.PackageIntentReceiver: pid=3004 uid=1010005 gids={50005, 1009997} abi=armeabi-v7a
W/art     (30032): Long monitor contention event with owner method=void com.android.server.am.ActivityManagerService.serviceDoneExecuting(android.os.IBinder, int, int, int) from ActivityManagerService.java:14955 waiters=2 for 172ms
W/libprocessgroup(30032): failed to open /acct/uid_10056/pid_2334/cgroup.procs: No such file or directory
D/Documents( 2751): Update found 9 roots in 38ms
W/Settings(30032): Setting install_non_market_apps has moved from android.provider.Settings.Global to android.provider.Settings.Secure, returning read-only value.
W/InputMethodInfo(30032): Duplicated subtype definition found: , voice
I/ActivityManager(30032): Start proc com.android.musicfx for broadcast com.android.musicfx/.Compatibility$Receiver: pid=3024 uid=1010018 gids={50018, 1009997, 3003, 3002} abi=armeabi-v7a
I/ActivityManager(30032): Killing 1766:android.process.acore/u0a5 (adj 15): empty #17
D/BackupManagerService(30032): Received broadcast Intent { act=android.intent.action.PACKAGE_ADDED dat=package:com.chriscartland.spaceshooter flg=0x4000010 (has extras) }
W/BackupManagerService(30032): Removing schedule queue dupe of com.chriscartland.spaceshooter
I/ContactLocale( 3004): AddressBook Labels [en-US]: [, A, B, C, D, E, F, G, H, I, J, K, L, M, N, O, P, Q, R, S, T, U, V, W, X, Y, Z, , , , , , , , , , , , , , , , , , , , , , , , , , , , , , , , , , , , , , , , , , , , , , , , , , , , , , , , , , , , , , , , , , , , , , , , , , , , , , , , , , , , , , , , , , , , , , , , , , , , , , , , , , , , , , , , , , , , , , , , , , , , , , , , , , , , , , , , , , , , , , , , , , , , , , , , , , , , , , , , , , , , , , , , , , , , , , , , , , , , , , , , , , , , #, ]
I/art     (30032): Explicit concurrent mark sweep GC freed 44990(3MB) AllocSpace objects, 12(192KB) LOS objects, 20% free, 61MB/77MB, paused 1.473ms total 216.474ms
D/AndroidRuntime( 2882): Shutting down VM
W/libprocessgroup(30032): failed to open /acct/uid_10005/pid_1766/cgroup.procs: No such file or directory
I/ActivityManager(30032): Start proc com.android.keychain for broadcast com.android.keychain/.KeyChainBroadcastReceiver: pid=3044 uid=1001000 gids={41000, 1009997, 1028, 1015, 3002, 3001, 3003} abi=armeabi-v7a
I/ActivityManager(30032): Killing 2489:com.android.musicfx/u0a18 (adj 15): empty #17
I/art     (29778): Explicit concurrent mark sweep GC freed 709(30KB) AllocSpace objects, 0(0B) LOS objects, 39% free, 20MB/34MB, paused 228us total 11.922ms
I/art     (29778): Explicit concurrent mark sweep GC freed 5(160B) AllocSpace objects, 0(0B) LOS objects, 39% free, 20MB/34MB, paused 170us total 8.429ms
I/art     (29778): Explicit concurrent mark sweep GC freed 5(160B) AllocSpace objects, 0(0B) LOS objects, 39% free, 20MB/34MB, paused 171us total 7.469ms
W/ResourceType(30032): ResTable_typeSpec entry count inconsistent: given 1, previously 1426
W/libprocessgroup(30032): failed to open /acct/uid_10018/pid_2489/cgroup.procs: No such file or directory
W/ResourcesManager(30629): Asset path '/system/framework/com.google.android.maps.jar' does not exist or contains no resources.
W/ResourcesManager(30629): Asset path '/system/framework/com.google.android.media.effects.jar' does not exist or contains no resources.
I/ActivityManager(30032): Start proc com.google.android.apps.plus for broadcast com.google.android.apps.plus/.service.PackagesMediaMonitor: pid=3065 uid=1010134 gids={50134, 1009997, 3003, 3002, 1028, 1015} abi=armeabi-v7a
I/ActivityManager(30032): Killing 2509:com.android.keychain/1000 (adj 15): empty #17
W/ResourcesManager(30629): Asset path '/system/framework/com.google.android.maps.jar' does not exist or contains no resources.
W/ResourcesManager(30629): Asset path '/system/framework/com.google.android.maps.jar' does not exist or contains no resources.
W/ResourcesManager(30629): Asset path '/system/framework/com.google.android.maps.jar' does not exist or contains no resources.
W/ResourcesManager(30629): Asset path '/system/framework/com.google.android.maps.jar' does not exist or contains no resources.
W/ResourcesManager(30629): Asset path '/system/framework/com.google.android.maps.jar' does not exist or contains no resources.
W/libprocessgroup(30032): failed to open /acct/uid_1000/pid_2509/cgroup.procs: No such file or directory
W/PathParser(30629): Points are too far apart 4.000000000000002
W/PathParser(30629): Points are too far apart 4.000000000000002
W/ResourcesManager( 3065): Asset path '/system/framework/com.google.android.maps.jar' does not exist or contains no resources.
I/MultiDex( 3065): VM with version 2.1.0 has multidex support
I/MultiDex( 3065): install
I/MultiDex( 3065): VM has multidex support, MultiDex support library is disabled.
D/gp.PicasaPhotoCP( 3065): set fsid first time:-1
I/Process ( 2934): Sending signal. PID: 2934 SIG: 9
I/BackgroundTask( 3065): readResults: num read: 0
I/iu.Environment( 3065): update battery state; isPlugged? true*
D/NetworkLogImpl( 3065): Loaded NetworkSpeedPredictor
I/iu.Environment( 3065): update connectivity state; isNetworkMetered? false, isRoaming? false, isBackgroundDataAllowed? true*
I/AmazonVideo.util( 2369): ConfigManager.updateFromServerIfNecessary: Requesting update for 9729972 millis from now
I/AmazonVideo.util( 2369): ConfigTaskScheduler.schedule: Scheduling refresh after 9729972 millis
I/AmazonVideo.syncservice( 2369): SyncDispatcher.sync: Skipping sync component: EventManager
I/ActivityManager(30032): Process com.google.android.gms:car (pid 2934) has died
I/NetworkQueueController( 3065): Restoring network queue from storage...
I/PartitionedDatabase( 3065): Partitions in Binder: 10, Partitions in database: 10
I/EsProvider( 3065): >>>>> ensureStoriesElementsCurrent took 3 milliseconds to complete.
I/ConfigFetchService(24962): PackageReceiver: Intent { act=android.intent.action.PACKAGE_REMOVED dat=package:com.chriscartland.spaceshooter flg=0x4000010 cmp=com.google.android.gms/.config.ConfigFetchService$PackageReceiver (has extras) }
I/ConfigService( 2724): onCreate
I/ConfigService( 2724): onBind for Intent { act=com.google.android.gms.config.UPDATE pkg=com.google.android.gms } action com.google.android.gms.config.UPDATE
I/GLSActivity( 2724): [ad] getting account id
I/ConfigFetchService(24962): onStartCommand Intent { act=android.intent.action.PACKAGE_REMOVED dat=package:com.chriscartland.spaceshooter cmp=com.google.android.gms/.config.ConfigFetchService (has extras) }
I/ConfigService( 2724): onBind returning update interface
I/ConfigService( 2724): onBind for Intent { act=com.google.android.gms.config.START pkg=com.google.android.gms } action com.google.android.gms.config.START
I/ConfigService( 2724): onBind returning config service
I/GLSUser ( 2724): [p] Fetched account id for cartland@google.com : 105524488315701830418
I/ConfigService( 2724): onDestroy
D/PackageBroadcastService(24962): Received broadcast action=android.intent.action.PACKAGE_REMOVED and uri=com.chriscartland.spaceshooter
I/ActivityManager(30032): Start proc com.google.android.gms.ui for broadcast com.google.android.gms/com.google.android.location.settings.PackageChangeReceiver: pid=3102 uid=1010011 gids={50011, 1009997, 2001, 3003, 1007, 3006, 3002, 3001, 1028, 1015, 1005, 3007} abi=armeabi-v7a
W/ResourcesManager( 3102): Asset path '/system/framework/com.android.media.remotedisplay.jar' does not exist or contains no resources.
W/ResourcesManager( 3102): Asset path '/system/framework/com.android.location.provider.jar' does not exist or contains no resources.
I/MultiDex( 3102): VM with version 2.1.0 has multidex support
I/MultiDex( 3102): install
I/MultiDex( 3102): VM has multidex support, MultiDex support library is disabled.
V/JNIHelp ( 3102): Registering com/google/android/gms/org/conscrypt/NativeCrypto's 235 native methods...
I/ProviderInstaller( 3102): Installed default security provider GmsCore_OpenSSL
I/ActivityManager(30032): Start proc com.google.android.apps.docs for broadcast com.google.android.apps.docs/.receivers.AppPackageAddRemoveReceiver: pid=3121 uid=1010091 gids={50091, 1009997, 3003, 1028, 1015} abi=armeabi-v7a
D/DocsApplication( 3121): Plugin installer initialized.
I/PackageInfoHelper( 3121): Provided clientMode=DOGFOOD, packageInfo=PackageInfo{29c99dd7 com.google.android.apps.docs}
D/TAG     ( 3121): onCreate()
D/CrossAppStateProvider( 3121): Initialized StateProvider with authority: com.google.android.apps.docs.statesyncer
D/DocsApplication( 3121): in DocsApplication.onCreate; process name 'com.google.android.apps.docs'
